<html>
<body>
<pre>
<h1>µVision Build Log</h1>
<h2>Tool Versions:</h2>
IDE-Version: ¦ÌVision V5.40.0.0
Copyright (C) 2024 ARM Ltd and ARM Germany GmbH. All rights reserved.
License Information: j l, b, LIC=CZLZX-HHUUE-MMK9I-T4DPZ-F58I1-H6TP0
 
Tool Versions:
Toolchain:       MDK-ARM Plus  Version: 5.40.0.3
Toolchain Path:  D:\Keil5\ARM\ARMCC\Bin
C Compiler:      Armcc.exe V5.06 update 7 (build 960)
Assembler:       Armasm.exe V5.06 update 7 (build 960)
Linker/Locator:  ArmLink.exe V5.06 update 7 (build 960)
Library Manager: ArmAr.exe V5.06 update 7 (build 960)
Hex Converter:   FromElf.exe V5.06 update 7 (build 960)
CPU DLL:         SARMCM3.DLL V5.40.0.3
Dialog DLL:      DCM.DLL V1.17.5.0
Target DLL:      CMSIS_AGDI.dll V1.33.18.0
Dialog DLL:      TCM.DLL V1.56.4.0
 
<h2>Project:</h2>
d:\D\JLB_Often\STM32\STM32projects\Projects\F405_FC_RTOS\MDK-ARM\F405_FC_RTOS.uvprojx
Project File Date:  11/18/2025

<h2>Output:</h2>
*** Using Compiler 'V5.06 update 7 (build 960)', folder: 'D:\Keil5\ARM\ARMCC\Bin'
Build target 'F405_FC_RTOS'
compiling flight_data_manager.c...
linking...
Program Size: Code=77968 RO-data=1668 RW-data=696 ZI-data=76752  
FromELF: creating hex file...
After Build - User command #1: D:\D\JLB_Often\STM32\STM32projects\Projects\F405_FC_RTOS\MDK-ARM\Keil5_disp_size_bar_v0.4.exe
[Keil5_disp_size_bar V0.4]: find project satrt!
[Keil5_disp_size_bar V0.4]: Found file: .//F405_FC_RTOS.uvprojx
[Keil5_disp_size_bar V0.4]: Found file: .//F405_FC_RTOS.uvprojx
[Keil5_disp_size_bar V0.4]: find map file start
[Keil5_disp_size_bar V0.4]: Found file: .//F405_FC_RTOS/F405_FC_RTOS.map
[Keil5_disp_size_bar V0.4]: map file read end
ram:
  112 KB   ram1:|¡ö¡ö¡ö¡ö¡ö¡ö¡ö¡ö¡ö¡ö¡ö¡ö¡ö_______| 67.53 % (   75.63 KB /   112.00 KB) [37240 B]
   16 KB   ram2:|____________________|  0.00 % (    0.00 KB /    16.00 KB) [16384 B]
flash:
 1024 KB flash1:|¡ö___________________|  7.59 % (   77.77 KB /  1024.00 KB) [968940 B]
 
"F405_FC_RTOS\F405_FC_RTOS.axf" - 0 Error(s), 0 Warning(s).

<h2>Software Packages used:</h2>

Package Vendor: ARM
                https://www.keil.com/pack/ARM.CMSIS.6.1.0.pack
                ARM::CMSIS@6.1.0
                CMSIS (Common Microcontroller Software Interface Standard)
   * Component: CORE Version: 6.1.0

Package Vendor: Keil
                https://www.keil.com/pack/Keil.STM32F4xx_DFP.3.0.0.pack
                Keil::STM32F4xx_DFP@3.0.0
                STMicroelectronics STM32F4 Series Device Support

<h2>Collection of Component include folders:</h2>
  ./RTE/_F405_FC_RTOS
  D:/Keil5_pack/ARM/CMSIS/6.1.0/CMSIS/Core/Include

<h2>Collection of Component Files used:</h2>

   * Component: ARM::CMSIS:CORE@6.1.0
      Include file:  CMSIS/Core/Include/tz_context.h
Build Time Elapsed:  00:00:04
</pre>
</body>
</html>
