Component: ARM Compiler 5.06 update 7 (build 960) Tool: armlink [4d3601]

==============================================================================

Section Cross References

    startup_stm32f405xx.o(RESET) refers to startup_stm32f405xx.o(STACK) for __initial_sp
    startup_stm32f405xx.o(RESET) refers to startup_stm32f405xx.o(.text) for Reset_Handler
    startup_stm32f405xx.o(RESET) refers to stm32f4xx_it.o(i.NMI_Handler) for NMI_Handler
    startup_stm32f405xx.o(RESET) refers to stm32f4xx_it.o(i.HardFault_Handler) for HardFault_Handler
    startup_stm32f405xx.o(RESET) refers to stm32f4xx_it.o(i.MemManage_Handler) for MemManage_Handler
    startup_stm32f405xx.o(RESET) refers to stm32f4xx_it.o(i.BusFault_Handler) for BusFault_Handler
    startup_stm32f405xx.o(RESET) refers to stm32f4xx_it.o(i.UsageFault_Handler) for UsageFault_Handler
    startup_stm32f405xx.o(RESET) refers to stm32f4xx_it.o(i.SVC_Handler) for SVC_Handler
    startup_stm32f405xx.o(RESET) refers to stm32f4xx_it.o(i.DebugMon_Handler) for DebugMon_Handler
    startup_stm32f405xx.o(RESET) refers to stm32f4xx_it.o(i.PendSV_Handler) for PendSV_Handler
    startup_stm32f405xx.o(RESET) refers to stm32f4xx_it.o(i.SysTick_Handler) for SysTick_Handler
    startup_stm32f405xx.o(RESET) refers to stm32f4xx_it.o(i.DMA1_Stream0_IRQHandler) for DMA1_Stream0_IRQHandler
    startup_stm32f405xx.o(RESET) refers to stm32f4xx_it.o(i.DMA1_Stream1_IRQHandler) for DMA1_Stream1_IRQHandler
    startup_stm32f405xx.o(RESET) refers to stm32f4xx_it.o(i.DMA1_Stream2_IRQHandler) for DMA1_Stream2_IRQHandler
    startup_stm32f405xx.o(RESET) refers to stm32f4xx_it.o(i.DMA1_Stream3_IRQHandler) for DMA1_Stream3_IRQHandler
    startup_stm32f405xx.o(RESET) refers to stm32f4xx_it.o(i.DMA1_Stream4_IRQHandler) for DMA1_Stream4_IRQHandler
    startup_stm32f405xx.o(RESET) refers to stm32f4xx_it.o(i.EXTI9_5_IRQHandler) for EXTI9_5_IRQHandler
    startup_stm32f405xx.o(RESET) refers to stm32f4xx_it.o(i.TIM1_UP_TIM10_IRQHandler) for TIM1_UP_TIM10_IRQHandler
    startup_stm32f405xx.o(RESET) refers to stm32f4xx_it.o(i.I2C1_EV_IRQHandler) for I2C1_EV_IRQHandler
    startup_stm32f405xx.o(RESET) refers to stm32f4xx_it.o(i.USART1_IRQHandler) for USART1_IRQHandler
    startup_stm32f405xx.o(RESET) refers to stm32f4xx_it.o(i.USART3_IRQHandler) for USART3_IRQHandler
    startup_stm32f405xx.o(RESET) refers to stm32f4xx_it.o(i.TIM5_IRQHandler) for TIM5_IRQHandler
    startup_stm32f405xx.o(RESET) refers to stm32f4xx_it.o(i.UART4_IRQHandler) for UART4_IRQHandler
    startup_stm32f405xx.o(RESET) refers to stm32f4xx_it.o(i.DMA2_Stream1_IRQHandler) for DMA2_Stream1_IRQHandler
    startup_stm32f405xx.o(RESET) refers to stm32f4xx_it.o(i.OTG_FS_IRQHandler) for OTG_FS_IRQHandler
    startup_stm32f405xx.o(RESET) refers to stm32f4xx_it.o(i.DMA2_Stream7_IRQHandler) for DMA2_Stream7_IRQHandler
    startup_stm32f405xx.o(RESET) refers to stm32f4xx_it.o(i.USART6_IRQHandler) for USART6_IRQHandler
    startup_stm32f405xx.o(.text) refers to system_stm32f4xx.o(i.SystemInit) for SystemInit
    startup_stm32f405xx.o(.text) refers to entry.o(.ARM.Collect$$$$00000000) for __main
    angle.o(i.IMU_Calibration) refers to icm42688.o(i.icm42688_get_gyro) for icm42688_get_gyro
    angle.o(i.IMU_Calibration) refers to delay.o(i.delay_ms) for delay_ms
    angle.o(i.IMU_Calibration) refers to icm42688.o(i.icm42688_get_acc) for icm42688_get_acc
    angle.o(i.IMU_Calibration) refers to f2d.o(.text) for __aeabi_f2d
    angle.o(i.IMU_Calibration) refers to printfa.o(i.__0printf) for __2printf
    angle.o(i.IMU_Calibration) refers to hana_math.o(i.invSqrt) for invSqrt
    angle.o(i.IMU_Calibration) refers to angle.o(.bss) for .bss
    angle.o(i.IMU_Calibration) refers to icm42688.o(.bss) for icm42688_data
    angle.o(i.IMU_DataUpdate) refers to icm42688.o(i.icm42688_get_gyro_acc) for icm42688_get_gyro_acc
    angle.o(i.IMU_DataUpdate) refers to filter.o(i.kalman1_filter) for kalman1_filter
    angle.o(i.IMU_DataUpdate) refers to angle.o(.bss) for .bss
    angle.o(i.IMU_DataUpdate) refers to icm42688.o(.bss) for icm42688_data
    angle.o(i.IMU_DataUpdate) refers to angle.o(.data) for .data
    angle.o(i.IMU_GetAngle) refers to hana_math.o(i.sq) for sq
    angle.o(i.IMU_GetAngle) refers to hana_math.o(i.invSqrt) for invSqrt
    angle.o(i.IMU_GetAngle) refers to f2d.o(.text) for __aeabi_f2d
    angle.o(i.IMU_GetAngle) refers to fabs.o(i.__hardfp_fabs) for __hardfp_fabs
    angle.o(i.IMU_GetAngle) refers to ddiv.o(.text) for __aeabi_ddiv
    angle.o(i.IMU_GetAngle) refers to d2f.o(.text) for __aeabi_d2f
    angle.o(i.IMU_GetAngle) refers to expf.o(i.__hardfp_expf) for __hardfp_expf
    angle.o(i.IMU_GetAngle) refers to sqrtf.o(i.__hardfp_sqrtf) for __hardfp_sqrtf
    angle.o(i.IMU_GetAngle) refers to atan2f.o(i.__hardfp_atan2f) for __hardfp_atan2f
    angle.o(i.IMU_GetAngle) refers to angle.o(.bss) for .bss
    angle.o(i.IMU_GetAngle) refers to cdrcmple.o(.text) for __aeabi_cdrcmple
[...]
    hdma_usart3_tx                           0x200030ac   Data          96  usart.o(.bss)
    hdma_usart6_rx                           0x2000310c   Data          96  usart.o(.bss)
    uart3_rx_buff                            0x2000316c   Data         128  usart.o(.bss)
    uart6_rx_buff                            0x200031ec   Data         128  usart.o(.bss)
    uart4_rx_buff                            0x2000326c   Data         128  usart.o(.bss)
    remote_data_buf                          0x200032ec   Data          24  usart.o(.bss)
    icm42688_data                            0x20003304   Data          14  icm42688.o(.bss)
    my_bmp390                                0x20003318   Data         200  bmp390_task.o(.bss)
    W25QXX_BUFFER                            0x200033e0   Data        4096  w25qxx.o(.bss)
    USERFatFS                                0x200043e0   Data        4144  fatfs.o(.bss)
    disk                                     0x20005430   Data          12  ff_gen_drv.o(.bss)
    hUsbDeviceFS                             0x2000543c   Data         732  usb_device.o(.bss)
    USBD_StrDesc                             0x20005718   Data         512  usbd_desc.o(.bss)
    hpcd_USB_OTG_FS                          0x200069a0   Data        1252  usbd_conf.o(.bss)
    __heap_base                              0x20006ea0   Data           0  startup_stm32f405xx.o(HEAP)
    __heap_limit                             0x2000aea0   Data           0  startup_stm32f405xx.o(HEAP)
    __initial_sp                             0x20012ea0   Data           0  startup_stm32f405xx.o(STACK)



==============================================================================

Memory Map of the image

  Image Entry point : 0x08000189

  Load Region LR_IROM1 (Base: 0x08000000, Size: 0x00013cfc, Max: 0x00100000, ABSOLUTE, COMPRESSED[0x00013b50])

    Execution Region ER_IROM1 (Exec base: 0x08000000, Load base: 0x08000000, Size: 0x00013a64, Max: 0x00100000, ABSOLUTE)

    Exec Addr    Load Addr    Size         Type   Attr      Idx    E Section Name        Object

    0x08000000   0x08000000   0x00000188   Data   RO            3    RESET               startup_stm32f405xx.o
    0x08000188   0x08000188   0x00000000   Code   RO         8703  * .ARM.Collect$$$$00000000  mc_w.l(entry.o)
    0x08000188   0x08000188   0x00000004   Code   RO         9099    .ARM.Collect$$$$00000001  mc_w.l(entry2.o)
    0x0800018c   0x0800018c   0x00000004   Code   RO         9102    .ARM.Collect$$$$00000004  mc_w.l(entry5.o)
    0x08000190   0x08000190   0x00000000   Code   RO         9104    .ARM.Collect$$$$00000008  mc_w.l(entry7b.o)
    0x08000190   0x08000190   0x00000000   Code   RO         9106    .ARM.Collect$$$$0000000A  mc_w.l(entry8b.o)
    0x08000190   0x08000190   0x00000008   Code   RO         9107    .ARM.Collect$$$$0000000B  mc_w.l(entry9a.o)
    0x08000198   0x08000198   0x00000004   Code   RO         9114    .ARM.Collect$$$$0000000E  mc_w.l(entry12b.o)
    0x0800019c   0x0800019c   0x00000000   Code   RO         9109    .ARM.Collect$$$$0000000F  mc_w.l(entry10a.o)
    0x0800019c   0x0800019c   0x00000000   Code   RO         9111    .ARM.Collect$$$$00000011  mc_w.l(entry11a.o)
    0x0800019c   0x0800019c   0x00000004   Code   RO         9100    .ARM.Collect$$$$00002712  mc_w.l(entry2.o)
    0x080001a0   0x080001a0   0x00000024   Code   RO            4    .text               startup_stm32f405xx.o
    0x080001c4   0x080001c4   0x00000062   Code   RO         8706    .text               mc_w.l(uldiv.o)
    0x08000226   0x08000226   0x0000000c   Code   RO         8708    .text               mc_w.l(tolower.o)
    0x08000232   0x08000232   0x0000009c   Code   RO         8710    .text               mc_w.l(qsort.o)
    0x080002ce   0x080002ce   0x00000024   Code   RO         8712    .text               mc_w.l(memcpya.o)
    0x080002f2   0x080002f2   0x00000024   Code   RO         8714    .text               mc_w.l(memseta.o)
    0x08000316   0x08000316   0x00000018   Code   RO         8716    .text               mc_w.l(strcat.o)
    0x0800032e   0x0800032e   0x00000024   Code   RO         8718    .text               mc_w.l(strstr.o)
    0x08000352   0x08000352   0x00000018   Code   RO         8720    .text               mc_w.l(strncpy.o)
    0x0800036a   0x0800036a   0x0000000e   Code   RO         8724    .text               mc_w.l(strlen.o)
    0x08000378   0x08000378   0x00000012   Code   RO         8726    .text               mc_w.l(strcpy.o)
    0x0800038a   0x0800038a   0x0000001e   Code   RO         8728    .text               mc_w.l(strncmp.o)
    0x080003a8   0x080003a8   0x0000001a   Code   RO         9021    .text               mc_w.l(atoi.o)
    0x080003c2   0x080003c2   0x0000014e   Code   RO         9023    .text               mf_w.l(dadd.o)
    0x08000510   0x08000510   0x000000e4   Code   RO         9025    .text               mf_w.l(dmul.o)
    0x080005f4   0x080005f4   0x000000de   Code   RO         9027    .text               mf_w.l(ddiv.o)
    0x080006d2   0x080006d2   0x00000022   Code   RO         9031    .text               mf_w.l(dflti.o)
    0x080006f4   0x080006f4   0x0000001a   Code   RO         9033    .text               mf_w.l(dfltui.o)
    0x0800070e   0x0800070e   0x00000028   Code   RO         9035    .text               mf_w.l(dfltl.o)
    0x08000736   0x08000736   0x00000018   Code   RO         9037    .text               mf_w.l(dfltul.o)
    0x0800074e   0x0800074e   0x0000003e   Code   RO         9039    .text               mf_w.l(dfixi.o)
    0x0800078c   0x0800078c   0x00000026   Code   RO         9041    .text               mf_w.l(f2d.o)
    0x080007b2   0x080007b2   0x00000002   PAD
    0x080007b4   0x080007b4   0x00000030   Code   RO         9043    .text               mf_w.l(cdcmple.o)
    0x080007e4   0x080007e4   0x00000030   Code   RO         9045    .text               mf_w.l(cdrcmple.o)
    0x08000814   0x08000814   0x00000038   Code   RO         9047    .text               mf_w.l(d2f.o)
    0x0800084c   0x0800084c   0x0000002c   Code   RO         9116    .text               mc_w.l(uidiv.o)
    0x08000878   0x08000878   0x0000001e   Code   RO         9118    .text               mc_w.l(llshl.o)
    0x08000896   0x08000896   0x00000020   Code   RO         9120    .text               mc_w.l(llushr.o)
    0x080008b6   0x080008b6   0x00000024   Code   RO         9122    .text               mc_w.l(llsshr.o)
    0x080008da   0x080008da   0x00000070   Code   RO         9133    .text               mc_w.l(strtol.o)
    0x0800094a   0x0800094a   0x00000000   Code   RO         9135    .text               mc_w.l(iusefp.o)
    0x0800094a   0x0800094a   0x0000006e   Code   RO         9136    .text               mf_w.l(fepilogue.o)
    0x080009b8   0x080009b8   0x000000ba   Code   RO         9138    .text               mf_w.l(depilogue.o)
    0x08000a72   0x08000a72   0x0000002e   Code   RO         9140    .text               mf_w.l(dscalb.o)
    0x08000aa0   0x08000aa0   0x00000030   Code   RO         9142    .text               mf_w.l(dfixul.o)
    0x08000ad0   0x08000ad0   0x00000024   Code   RO         9146    .text               mc_w.l(init.o)
    0x08000af4   0x08000af4   0x00000008   Code   RO         9148    .text               mc_w.l(ctype_o.o)
    0x08000afc   0x08000afc   0x0000009e   Code   RO         9176    .text               mc_w.l(_strtoul.o)
    0x08000b9a   0x08000b9a   0x000000a2   Code   RO         9178    .text               mf_w.l(dsqrt.o)
    0x08000c3c   0x08000c3c   0x0000001c   Code   RO         9180    .text               mc_w.l(_chval.o)
    0x08000c58   0x08000c58   0x00000056   Code   RO         9190    .text               mc_w.l(__dczerorl2.o)
    0x08000cae   0x08000cae   0x00000002   PAD
    0x08000cb0   0x08000cb0   0x00000130   Code   RO         3360    i.ADC_Init          stm32f4xx_hal_adc.o
    0x08000de0   0x08000de0   0x000000f0   Code   RO         5944    i.BMP390_Init       bmp390_task.o
    0x08000ed0   0x08000ed0   0x0000001c   Code   RO         1256    i.BusFault_Handler  stm32f4xx_it.o
    0x08000eec   0x08000eec   0x0000000c   Code   RO         1257    i.DMA1_Stream0_IRQHandler  stm32f4xx_it.o
    0x08000ef8   0x08000ef8   0x0000000c   Code   RO         1258    i.DMA1_Stream1_IRQHandler  stm32f4xx_it.o
    0x08000f04   0x08000f04   0x0000000c   Code   RO         1259    i.DMA1_Stream2_IRQHandler  stm32f4xx_it.o
    0x08000f10   0x08000f10   0x0000000c   Code   RO         1260    i.DMA1_Stream3_IRQHandler  stm32f4xx_it.o
    0x08000f1c   0x08000f1c   0x0000000c   Code   RO         1261    i.DMA1_Stream4_IRQHandler  stm32f4xx_it.o
    0x08000f28   0x08000f28   0x0000000c   Code   RO         1262    i.DMA2_Stream1_IRQHandler  stm32f4xx_it.o
    0x08000f34   0x08000f34   0x0000000c   Code   RO         1263    i.DMA2_Stream7_IRQHandler  stm32f4xx_it.o
    0x08000f40   0x08000f40   0x0000002c   Code   RO         2666    i.DMA_CalcBaseAndBitshift  stm32f4xx_hal_dma.o
    0x08000f6c   0x08000f6c   0x00000078   Code   RO         2667    i.DMA_CheckFifoParam  stm32f4xx_hal_dma.o
    0x08000fe4   0x08000fe4   0x0000002a   Code   RO         2668    i.DMA_SetConfig     stm32f4xx_hal_dma.o
    0x0800100e   0x0800100e   0x00000002   Code   RO         1264    i.DebugMon_Handler  stm32f4xx_it.o
    0x08001010   0x08001010   0x0000001c   Code   RO         1265    i.EXTI9_5_IRQHandler  stm32f4xx_it.o
    0x0800102c   0x0800102c   0x0000003c   Code   RO          760    i.Error_Handler     main.o
    0x08001068   0x08001068   0x00000006   Code   RO         7105    i.FATFS_LinkDriver  ff_gen_drv.o
    0x0800106e   0x0800106e   0x00000002   PAD
    0x08001070   0x08001070   0x00000040   Code   RO         7106    i.FATFS_LinkDriverEx  ff_gen_drv.o
    0x080010b0   0x080010b0   0x00000038   Code   RO         7233    i.Get_SerialNum     usbd_desc.o
    0x080010e8   0x080010e8   0x00000158   Code   RO         3362    i.HAL_ADC_ConfigChannel  stm32f4xx_hal_adc.o
    0x08001240   0x08001240   0x00000006   Code   RO         3369    i.HAL_ADC_GetValue  stm32f4xx_hal_adc.o
    0x08001246   0x08001246   0x00000054   Code   RO         3371    i.HAL_ADC_Init      stm32f4xx_hal_adc.o
    0x0800129a   0x0800129a   0x00000002   PAD
    0x0800129c   0x0800129c   0x00000060   Code   RO          875    i.HAL_ADC_MspInit   adc.o
    0x080012fc   0x080012fc   0x000000aa   Code   RO         3375    i.HAL_ADC_PollForConversion  stm32f4xx_hal_adc.o
    0x080013a6   0x080013a6   0x00000002   PAD
    0x080013a8   0x080013a8   0x00000114   Code   RO         3377    i.HAL_ADC_Start     stm32f4xx_hal_adc.o
    0x080014bc   0x080014bc   0x0000008e   Code   RO         2669    i.HAL_DMA_Abort     stm32f4xx_hal_dma.o
    0x0800154a   0x0800154a   0x00000024   Code   RO         2670    i.HAL_DMA_Abort_IT  stm32f4xx_hal_dma.o
    0x0800156e   0x0800156e   0x00000004   Code   RO         2672    i.HAL_DMA_GetError  stm32f4xx_hal_dma.o
    0x08001572   0x08001572   0x00000006   Code   RO         2673    i.HAL_DMA_GetState  stm32f4xx_hal_dma.o
    0x08001578   0x08001578   0x000001d0   Code   RO         2674    i.HAL_DMA_IRQHandler  stm32f4xx_hal_dma.o
    0x08001748   0x08001748   0x000000d4   Code   RO         2675    i.HAL_DMA_Init      stm32f4xx_hal_dma.o
    0x0800181c   0x0800181c   0x0000006e   Code   RO         2679    i.HAL_DMA_Start_IT  stm32f4xx_hal_dma.o
    0x0800188a   0x0800188a   0x00000002   PAD
    0x0800188c   0x0800188c   0x00000024   Code   RO         3106    i.HAL_Delay         stm32f4xx_hal.o
    0x080018b0   0x080018b0   0x00000048   Code   RO          844    i.HAL_GPIO_EXTI_Callback  gpio.o
    0x080018f8   0x080018f8   0x00000018   Code   RO         2561    i.HAL_GPIO_EXTI_IRQHandler  stm32f4xx_hal_gpio.o
    0x08001910   0x08001910   0x000001d0   Code   RO         2562    i.HAL_GPIO_Init     stm32f4xx_hal_gpio.o
    0x08001ae0   0x08001ae0   0x00000010   Code   RO         2565    i.HAL_GPIO_TogglePin  stm32f4xx_hal_gpio.o
    0x08001af0   0x08001af0   0x0000000e   Code   RO         2566    i.HAL_GPIO_WritePin  stm32f4xx_hal_gpio.o
    0x08001afe   0x08001afe   0x00000002   PAD
    0x08001b00   0x08001b00   0x0000000c   Code   RO         3112    i.HAL_GetTick       stm32f4xx_hal.o
    0x08001b0c   0x08001b0c   0x00000002   Code   RO         3635    i.HAL_I2C_AbortCpltCallback  stm32f4xx_hal_i2c.o
    0x08001b0e   0x08001b0e   0x00000002   Code   RO         3636    i.HAL_I2C_AddrCallback  stm32f4xx_hal_i2c.o
    0x08001b10   0x08001b10   0x0000019c   Code   RO         3640    i.HAL_I2C_EV_IRQHandler  stm32f4xx_hal_i2c.o
    0x08001cac   0x08001cac   0x00000002   Code   RO         3642    i.HAL_I2C_ErrorCallback  stm32f4xx_hal_i2c.o
    0x08001cae   0x08001cae   0x00000002   PAD
    0x08001cb0   0x08001cb0   0x00000198   Code   RO         3646    i.HAL_I2C_Init      stm32f4xx_hal_i2c.o
    0x08001e48   0x08001e48   0x00000002   Code   RO         3648    i.HAL_I2C_ListenCpltCallback  stm32f4xx_hal_i2c.o
    0x08001e4a   0x08001e4a   0x00000002   PAD
    0x08001e4c   0x08001e4c   0x000000dc   Code   RO          947    i.HAL_I2C_MasterRxCpltCallback  i2c.o
    0x08001f28   0x08001f28   0x00000002   Code   RO         3650    i.HAL_I2C_MasterTxCpltCallback  stm32f4xx_hal_i2c.o
    0x08001f2a   0x08001f2a   0x00000002   PAD
    0x08001f2c   0x08001f2c   0x000002a0   Code   RO         3652    i.HAL_I2C_Master_Receive  stm32f4xx_hal_i2c.o
    0x080021cc   0x080021cc   0x00000160   Code   RO         3653    i.HAL_I2C_Master_Receive_DMA  stm32f4xx_hal_i2c.o
    0x0800232c   0x0800232c   0x00000148   Code   RO         3659    i.HAL_I2C_Master_Transmit  stm32f4xx_hal_i2c.o
    0x08002474   0x08002474   0x00000002   Code   RO         3662    i.HAL_I2C_MemRxCpltCallback  stm32f4xx_hal_i2c.o
    0x08002476   0x08002476   0x00000002   Code   RO         3663    i.HAL_I2C_MemTxCpltCallback  stm32f4xx_hal_i2c.o
    0x08002478   0x08002478   0x000000b0   Code   RO          949    i.HAL_I2C_MspInit   i2c.o
    0x08002528   0x08002528   0x00000002   Code   RO         3672    i.HAL_I2C_SlaveRxCpltCallback  stm32f4xx_hal_i2c.o
    0x0800252a   0x0800252a   0x00000002   Code   RO         3673    i.HAL_I2C_SlaveTxCpltCallback  stm32f4xx_hal_i2c.o
    0x0800252c   0x0800252c   0x00000010   Code   RO         3118    i.HAL_IncTick       stm32f4xx_hal.o
    0x0800253c   0x0800253c   0x00000034   Code   RO         3119    i.HAL_Init          stm32f4xx_hal.o
    0x08002570   0x08002570   0x00000044   Code   RO         3120    i.HAL_InitTick      stm32f4xx_hal.o
    0x080025b4   0x080025b4   0x00000034   Code   RO         1428    i.HAL_MspInit       stm32f4xx_hal_msp.o
    0x080025e8   0x080025e8   0x0000001a   Code   RO         2954    i.HAL_NVIC_EnableIRQ  stm32f4xx_hal_cortex.o
    0x08002602   0x08002602   0x00000002   PAD
    0x08002604   0x08002604   0x00000040   Code   RO         2960    i.HAL_NVIC_SetPriority  stm32f4xx_hal_cortex.o
    0x08002644   0x08002644   0x00000024   Code   RO         2961    i.HAL_NVIC_SetPriorityGrouping  stm32f4xx_hal_cortex.o
    0x08002668   0x08002668   0x00000002   Code   RO         1810    i.HAL_PCDEx_LPM_Callback  stm32f4xx_hal_pcd_ex.o
    0x0800266a   0x0800266a   0x00000008   Code   RO         1811    i.HAL_PCDEx_SetRxFiFo  stm32f4xx_hal_pcd_ex.o
    0x08002672   0x08002672   0x00000042   Code   RO         1812    i.HAL_PCDEx_SetTxFiFo  stm32f4xx_hal_pcd_ex.o
    0x080026b4   0x080026b4   0x00000008   Code   RO         7388    i.HAL_PCD_ConnectCallback  usbd_conf.o
    0x080026bc   0x080026bc   0x00000012   Code   RO         7389    i.HAL_PCD_DataInStageCallback  usbd_conf.o
    0x080026ce   0x080026ce   0x00000014   Code   RO         7390    i.HAL_PCD_DataOutStageCallback  usbd_conf.o
    0x080026e2   0x080026e2   0x00000008   Code   RO         7391    i.HAL_PCD_DisconnectCallback  usbd_conf.o
    0x080026ea   0x080026ea   0x0000001e   Code   RO         1461    i.HAL_PCD_EP_Abort  stm32f4xx_hal_pcd.o
    0x08002708   0x08002708   0x00000048   Code   RO         1462    i.HAL_PCD_EP_Close  stm32f4xx_hal_pcd.o
    0x08002750   0x08002750   0x00000058   Code   RO         1463    i.HAL_PCD_EP_ClrStall  stm32f4xx_hal_pcd.o
    0x080027a8   0x080027a8   0x00000034   Code   RO         1464    i.HAL_PCD_EP_Flush  stm32f4xx_hal_pcd.o
    0x080027dc   0x080027dc   0x00000012   Code   RO         1465    i.HAL_PCD_EP_GetRxCount  stm32f4xx_hal_pcd.o
    0x080027ee   0x080027ee   0x00000060   Code   RO         1466    i.HAL_PCD_EP_Open   stm32f4xx_hal_pcd.o
    0x0800284e   0x0800284e   0x00000032   Code   RO         1467    i.HAL_PCD_EP_Receive  stm32f4xx_hal_pcd.o
    0x08002880   0x08002880   0x00000070   Code   RO         1468    i.HAL_PCD_EP_SetStall  stm32f4xx_hal_pcd.o
    0x080028f0   0x080028f0   0x00000032   Code   RO         1469    i.HAL_PCD_EP_Transmit  stm32f4xx_hal_pcd.o
    0x08002922   0x08002922   0x00000508   Code   RO         1471    i.HAL_PCD_IRQHandler  stm32f4xx_hal_pcd.o
    0x08002e2a   0x08002e2a   0x00000008   Code   RO         7392    i.HAL_PCD_ISOINIncompleteCallback  usbd_conf.o
    0x08002e32   0x08002e32   0x00000008   Code   RO         7393    i.HAL_PCD_ISOOUTIncompleteCallback  usbd_conf.o
    0x08002e3a   0x08002e3a   0x000000d6   Code   RO         1474    i.HAL_PCD_Init      stm32f4xx_hal_pcd.o
    0x08002f10   0x08002f10   0x00000084   Code   RO         7395    i.HAL_PCD_MspInit   usbd_conf.o
    0x08002f94   0x08002f94   0x0000002e   Code   RO         7396    i.HAL_PCD_ResetCallback  usbd_conf.o
    0x08002fc2   0x08002fc2   0x00000008   Code   RO         7397    i.HAL_PCD_ResumeCallback  usbd_conf.o
    0x08002fca   0x08002fca   0x00000008   Code   RO         7398    i.HAL_PCD_SOFCallback  usbd_conf.o
    0x08002fd2   0x08002fd2   0x00000026   Code   RO         1480    i.HAL_PCD_SetAddress  stm32f4xx_hal_pcd.o
    0x08002ff8   0x08002ff8   0x0000000e   Code   RO         7399    i.HAL_PCD_SetupStageCallback  usbd_conf.o
    0x08003006   0x08003006   0x00000042   Code   RO         1483    i.HAL_PCD_Start     stm32f4xx_hal_pcd.o
    0x08003048   0x08003048   0x00000030   Code   RO         7400    i.HAL_PCD_SuspendCallback  usbd_conf.o
    0x08003078   0x08003078   0x0000014c   Code   RO         2163    i.HAL_RCC_ClockConfig  stm32f4xx_hal_rcc.o
    0x080031c4   0x080031c4   0x0000000c   Code   RO         2168    i.HAL_RCC_GetHCLKFreq  stm32f4xx_hal_rcc.o
    0x080031d0   0x080031d0   0x00000020   Code   RO         2170    i.HAL_RCC_GetPCLK1Freq  stm32f4xx_hal_rcc.o
    0x080031f0   0x080031f0   0x00000020   Code   RO         2171    i.HAL_RCC_GetPCLK2Freq  stm32f4xx_hal_rcc.o
    0x08003210   0x08003210   0x00000068   Code   RO         2172    i.HAL_RCC_GetSysClockFreq  stm32f4xx_hal_rcc.o
    0x08003278   0x08003278   0x000003c0   Code   RO         2175    i.HAL_RCC_OscConfig  stm32f4xx_hal_rcc.o
    0x08003638   0x08003638   0x00000002   Code   RO         4137    i.HAL_SPI_ErrorCallback  stm32f4xx_hal_spi.o
    0x0800363a   0x0800363a   0x000000be   Code   RO         4141    i.HAL_SPI_Init      stm32f4xx_hal_spi.o
    0x080036f8   0x080036f8   0x000000e8   Code   RO          999    i.HAL_SPI_MspInit   spi.o
    0x080037e0   0x080037e0   0x0000015c   Code   RO         4144    i.HAL_SPI_Receive   stm32f4xx_hal_spi.o
    0x0800393c   0x0800393c   0x00000192   Code   RO         4149    i.HAL_SPI_Transmit  stm32f4xx_hal_spi.o
    0x08003ace   0x08003ace   0x000001fa   Code   RO         4150    i.HAL_SPI_TransmitReceive  stm32f4xx_hal_spi.o
    0x08003cc8   0x08003cc8   0x000000d0   Code   RO         4153    i.HAL_SPI_Transmit_DMA  stm32f4xx_hal_spi.o
    0x08003d98   0x08003d98   0x00000002   Code   RO         4155    i.HAL_SPI_TxCpltCallback  stm32f4xx_hal_spi.o
    0x08003d9a   0x08003d9a   0x00000002   Code   RO         4156    i.HAL_SPI_TxHalfCpltCallback  stm32f4xx_hal_spi.o
    0x08003d9c   0x08003d9c   0x0000001c   Code   RO         2963    i.HAL_SYSTICK_CLKSourceConfig  stm32f4xx_hal_cortex.o
    0x08003db8   0x08003db8   0x00000028   Code   RO         2965    i.HAL_SYSTICK_Config  stm32f4xx_hal_cortex.o
    0x08003de0   0x08003de0   0x00000002   Code   RO         5169    i.HAL_TIMEx_BreakCallback  stm32f4xx_hal_tim_ex.o
    0x08003de2   0x08003de2   0x00000002   Code   RO         5170    i.HAL_TIMEx_CommutCallback  stm32f4xx_hal_tim_ex.o
    0x08003de4   0x08003de4   0x00000090   Code   RO         5188    i.HAL_TIMEx_MasterConfigSynchronization  stm32f4xx_hal_tim_ex.o
    0x08003e74   0x08003e74   0x0000004a   Code   RO         4454    i.HAL_TIM_Base_Init  stm32f4xx_hal_tim.o
    0x08003ebe   0x08003ebe   0x00000002   PAD
    0x08003ec0   0x08003ec0   0x000000d8   Code   RO         1047    i.HAL_TIM_Base_MspInit  tim.o
    0x08003f98   0x08003f98   0x0000008c   Code   RO         4459    i.HAL_TIM_Base_Start_IT  stm32f4xx_hal_tim.o
    0x08004024   0x08004024   0x000000e8   Code   RO         4463    i.HAL_TIM_ConfigClockSource  stm32f4xx_hal_tim.o
    0x0800410c   0x0800410c   0x00000002   Code   RO         4488    i.HAL_TIM_IC_CaptureCallback  stm32f4xx_hal_tim.o
    0x0800410e   0x0800410e   0x00000138   Code   RO         4502    i.HAL_TIM_IRQHandler  stm32f4xx_hal_tim.o
    0x08004246   0x08004246   0x00000002   PAD
    0x08004248   0x08004248   0x000000e4   Code   RO         1048    i.HAL_TIM_MspPostInit  tim.o
    0x0800432c   0x0800432c   0x00000002   Code   RO         4505    i.HAL_TIM_OC_DelayElapsedCallback  stm32f4xx_hal_tim.o
    0x0800432e   0x0800432e   0x000000d8   Code   RO         4526    i.HAL_TIM_PWM_ConfigChannel  stm32f4xx_hal_tim.o
    0x08004406   0x08004406   0x0000004a   Code   RO         4529    i.HAL_TIM_PWM_Init  stm32f4xx_hal_tim.o
    0x08004450   0x08004450   0x00000002   Code   RO         4531    i.HAL_TIM_PWM_MspInit  stm32f4xx_hal_tim.o
    0x08004452   0x08004452   0x00000002   Code   RO         4532    i.HAL_TIM_PWM_PulseFinishedCallback  stm32f4xx_hal_tim.o
    0x08004454   0x08004454   0x000000dc   Code   RO         4534    i.HAL_TIM_PWM_Start  stm32f4xx_hal_tim.o
    0x08004530   0x08004530   0x0000007c   Code   RO         4537    i.HAL_TIM_PWM_Stop  stm32f4xx_hal_tim.o
    0x080045ac   0x080045ac   0x000001f0   Code   RO         1049    i.HAL_TIM_PeriodElapsedCallback  tim.o
    0x0800479c   0x0800479c   0x00000002   Code   RO         4545    i.HAL_TIM_TriggerCallback  stm32f4xx_hal_tim.o
    0x0800479e   0x0800479e   0x00000052   Code   RO         5446    i.HAL_UARTEx_ReceiveToIdle_DMA  stm32f4xx_hal_uart.o
    0x080047f0   0x080047f0   0x0000006c   Code   RO         1133    i.HAL_UARTEx_RxEventCallback  usart.o
    0x0800485c   0x0800485c   0x00000002   Code   RO         5462    i.HAL_UART_ErrorCallback  stm32f4xx_hal_uart.o
    0x0800485e   0x0800485e   0x00000002   PAD
    0x08004860   0x08004860   0x00000248   Code   RO         5465    i.HAL_UART_IRQHandler  stm32f4xx_hal_uart.o
    0x08004aa8   0x08004aa8   0x00000066   Code   RO         5466    i.HAL_UART_Init     stm32f4xx_hal_uart.o
    0x08004b0e   0x08004b0e   0x00000002   PAD
    0x08004b10   0x08004b10   0x00000318   Code   RO         1135    i.HAL_UART_MspInit  usart.o
    0x08004e28   0x08004e28   0x0000001c   Code   RO         5470    i.HAL_UART_Receive_DMA  stm32f4xx_hal_uart.o
    0x08004e44   0x08004e44   0x00000380   Code   RO         1136    i.HAL_UART_RxCpltCallback  usart.o
    0x080051c4   0x080051c4   0x00000002   Code   RO         5473    i.HAL_UART_RxHalfCpltCallback  stm32f4xx_hal_uart.o
    0x080051c6   0x080051c6   0x000000ae   Code   RO         5474    i.HAL_UART_Transmit  stm32f4xx_hal_uart.o
    0x08005274   0x08005274   0x0000008c   Code   RO         5475    i.HAL_UART_Transmit_DMA  stm32f4xx_hal_uart.o
    0x08005300   0x08005300   0x00000002   Code   RO         5477    i.HAL_UART_TxCpltCallback  stm32f4xx_hal_uart.o
    0x08005302   0x08005302   0x00000002   Code   RO         5478    i.HAL_UART_TxHalfCpltCallback  stm32f4xx_hal_uart.o
    0x08005304   0x08005304   0x0000001c   Code   RO         1266    i.HardFault_Handler  stm32f4xx_it.o
    0x08005320   0x08005320   0x0000000c   Code   RO         1267    i.I2C1_EV_IRQHandler  stm32f4xx_it.o
    0x0800532c   0x0800532c   0x0000001c   Code   RO         3684    i.I2C_ConvertOtherXferOptions  stm32f4xx_hal_i2c.o
    0x08005348   0x08005348   0x000000bc   Code   RO         3685    i.I2C_DMAAbort      stm32f4xx_hal_i2c.o
    0x08005404   0x08005404   0x00000046   Code   RO         3686    i.I2C_DMAError      stm32f4xx_hal_i2c.o
    0x0800544a   0x0800544a   0x0000011c   Code   RO         3687    i.I2C_DMAXferCplt   stm32f4xx_hal_i2c.o
    0x08005566   0x08005566   0x00000010   Code   RO         3688    i.I2C_Flush_DR      stm32f4xx_hal_i2c.o
    0x08005576   0x08005576   0x00000002   PAD
    0x08005578   0x08005578   0x0000015c   Code   RO         3689    i.I2C_ITError       stm32f4xx_hal_i2c.o
    0x080056d4   0x080056d4   0x0000002e   Code   RO         3690    i.I2C_IsAcknowledgeFailed  stm32f4xx_hal_i2c.o
    0x08005702   0x08005702   0x0000010c   Code   RO         3691    i.I2C_MasterReceive_BTF  stm32f4xx_hal_i2c.o
    0x0800580e   0x0800580e   0x000000ea   Code   RO         3692    i.I2C_MasterReceive_RXNE  stm32f4xx_hal_i2c.o
    0x080058f8   0x080058f8   0x00000114   Code   RO         3693    i.I2C_MasterRequestRead  stm32f4xx_hal_i2c.o
    0x08005a0c   0x08005a0c   0x000000b0   Code   RO         3694    i.I2C_MasterRequestWrite  stm32f4xx_hal_i2c.o
    0x08005abc   0x08005abc   0x0000008a   Code   RO         3695    i.I2C_MasterTransmit_BTF  stm32f4xx_hal_i2c.o
    0x08005b46   0x08005b46   0x000000be   Code   RO         3696    i.I2C_MasterTransmit_TXE  stm32f4xx_hal_i2c.o
    0x08005c04   0x08005c04   0x0000002a   Code   RO         3697    i.I2C_Master_ADD10  stm32f4xx_hal_i2c.o
    0x08005c2e   0x08005c2e   0x00000002   PAD
    0x08005c30   0x08005c30   0x00000194   Code   RO         3698    i.I2C_Master_ADDR   stm32f4xx_hal_i2c.o
    0x08005dc4   0x08005dc4   0x000000a0   Code   RO         3699    i.I2C_Master_SB     stm32f4xx_hal_i2c.o
    0x08005e64   0x08005e64   0x000000be   Code   RO         3700    i.I2C_MemoryTransmit_TXE_BTF  stm32f4xx_hal_i2c.o
    0x08005f22   0x08005f22   0x0000001c   Code   RO         3703    i.I2C_SlaveReceive_BTF  stm32f4xx_hal_i2c.o
    0x08005f3e   0x08005f3e   0x00000044   Code   RO         3704    i.I2C_SlaveReceive_RXNE  stm32f4xx_hal_i2c.o
    0x08005f82   0x08005f82   0x0000001c   Code   RO         3705    i.I2C_SlaveTransmit_BTF  stm32f4xx_hal_i2c.o
    0x08005f9e   0x08005f9e   0x00000044   Code   RO         3706    i.I2C_SlaveTransmit_TXE  stm32f4xx_hal_i2c.o
    0x08005fe2   0x08005fe2   0x00000048   Code   RO         3707    i.I2C_Slave_ADDR    stm32f4xx_hal_i2c.o
    0x0800602a   0x0800602a   0x00000002   PAD
    0x0800602c   0x0800602c   0x00000160   Code   RO         3709    i.I2C_Slave_STOPF   stm32f4xx_hal_i2c.o
    0x0800618c   0x0800618c   0x00000058   Code   RO         3710    i.I2C_WaitOnBTFFlagUntilTimeout  stm32f4xx_hal_i2c.o
    0x080061e4   0x080061e4   0x000000ac   Code   RO         3711    i.I2C_WaitOnFlagUntilTimeout  stm32f4xx_hal_i2c.o
    0x08006290   0x08006290   0x000000c8   Code   RO         3712    i.I2C_WaitOnMasterAddressFlagUntilTimeout  stm32f4xx_hal_i2c.o
    0x08006358   0x08006358   0x00000076   Code   RO         3713    i.I2C_WaitOnRXNEFlagUntilTimeout  stm32f4xx_hal_i2c.o
    0x080063ce   0x080063ce   0x00000002   PAD
    0x080063d0   0x080063d0   0x0000003c   Code   RO         3715    i.I2C_WaitOnSTOPRequestThroughIT  stm32f4xx_hal_i2c.o
    0x0800640c   0x0800640c   0x00000058   Code   RO         3716    i.I2C_WaitOnTXEFlagUntilTimeout  stm32f4xx_hal_i2c.o
    0x08006464   0x08006464   0x000004b2   Code   RO           13    i.IMU_Calibration   angle.o
    0x08006916   0x08006916   0x00000002   PAD
    0x08006918   0x08006918   0x00000128   Code   RO           14    i.IMU_DataUpdate    angle.o
    0x08006a40   0x08006a40   0x00000452   Code   RO           15    i.IMU_GetAngle      angle.o
    0x08006e92   0x08006e92   0x0000003a   Code   RO         7234    i.IntToUnicode      usbd_desc.o
    0x08006ecc   0x08006ecc   0x00000034   Code   RO          213    i.LPF_1st           filter.o
    0x08006f00   0x08006f00   0x00000060   Code   RO         8005    i.MSC_BOT_Abort     usbd_msc_bot.o
    0x08006f60   0x08006f60   0x000000c4   Code   RO         8006    i.MSC_BOT_CBW_Decode  usbd_msc_bot.o
    0x08007024   0x08007024   0x00000050   Code   RO         8007    i.MSC_BOT_CplClrFeature  usbd_msc_bot.o
    0x08007074   0x08007074   0x00000050   Code   RO         8008    i.MSC_BOT_DataIn    usbd_msc_bot.o
    0x080070c4   0x080070c4   0x00000048   Code   RO         8009    i.MSC_BOT_DataOut   usbd_msc_bot.o
    0x0800710c   0x0800710c   0x00000016   Code   RO         8010    i.MSC_BOT_DeInit    usbd_msc_bot.o
    0x08007122   0x08007122   0x00000002   PAD
    0x08007124   0x08007124   0x00000068   Code   RO         8011    i.MSC_BOT_Init      usbd_msc_bot.o
    0x0800718c   0x0800718c   0x00000050   Code   RO         8012    i.MSC_BOT_Reset     usbd_msc_bot.o
    0x080071dc   0x080071dc   0x0000005c   Code   RO         8013    i.MSC_BOT_SendCSW   usbd_msc_bot.o
    0x08007238   0x08007238   0x00000044   Code   RO         8014    i.MSC_BOT_SendData  usbd_msc_bot.o
    0x0800727c   0x0800727c   0x00000080   Code   RO          876    i.MX_ADC1_Init      adc.o
    0x080072fc   0x080072fc   0x0000009c   Code   RO          923    i.MX_DMA_Init       dma.o
    0x08007398   0x08007398   0x00000050   Code   RO         6646    i.MX_FATFS_Init     fatfs.o
    0x080073e8   0x080073e8   0x00000100   Code   RO          845    i.MX_GPIO_Init      gpio.o
    0x080074e8   0x080074e8   0x00000040   Code   RO          950    i.MX_I2C1_Init      i2c.o
    0x08007528   0x08007528   0x00000048   Code   RO         1000    i.MX_SPI1_Init      spi.o
    0x08007570   0x08007570   0x00000044   Code   RO         1001    i.MX_SPI2_Init      spi.o
    0x080075b4   0x080075b4   0x00000068   Code   RO         1050    i.MX_TIM1_Init      tim.o
    0x0800761c   0x0800761c   0x000000a8   Code   RO         1051    i.MX_TIM2_Init      tim.o
    0x080076c4   0x080076c4   0x00000098   Code   RO         1052    i.MX_TIM3_Init      tim.o
    0x0800775c   0x0800775c   0x00000098   Code   RO         1053    i.MX_TIM4_Init      tim.o
    0x080077f4   0x080077f4   0x00000068   Code   RO         1054    i.MX_TIM5_Init      tim.o
    0x0800785c   0x0800785c   0x00000080   Code   RO         1055    i.MX_TIM9_Init      tim.o
    0x080078dc   0x080078dc   0x00000038   Code   RO         1137    i.MX_UART4_Init     usart.o
    0x08007914   0x08007914   0x00000038   Code   RO         1138    i.MX_USART1_UART_Init  usart.o
    0x0800794c   0x0800794c   0x00000038   Code   RO         1139    i.MX_USART3_UART_Init  usart.o
    0x08007984   0x08007984   0x00000044   Code   RO         1140    i.MX_USART6_UART_Init  usart.o
    0x080079c8   0x080079c8   0x00000054   Code   RO         7179    i.MX_USB_DEVICE_Init  usb_device.o
    0x08007a1c   0x08007a1c   0x00000002   Code   RO         1268    i.MemManage_Handler  stm32f4xx_it.o
    0x08007a1e   0x08007a1e   0x00000002   Code   RO         1269    i.NMI_Handler       stm32f4xx_it.o
    0x08007a20   0x08007a20   0x0000000c   Code   RO         1270    i.OTG_FS_IRQHandler  stm32f4xx_it.o
    0x08007a2c   0x08007a2c   0x00000048   Code   RO         1487    i.PCD_EP_OutSetupPacket_int  stm32f4xx_hal_pcd.o
    0x08007a74   0x08007a74   0x000000e4   Code   RO         1488    i.PCD_EP_OutXfrComplete_int  stm32f4xx_hal_pcd.o
    0x08007b58   0x08007b58   0x0000009c   Code   RO         1489    i.PCD_WriteEmptyTxFifo  stm32f4xx_hal_pcd.o
    0x08007bf4   0x08007bf4   0x00000002   Code   RO         1271    i.PendSV_Handler    stm32f4xx_it.o
    0x08007bf6   0x08007bf6   0x00000002   PAD
    0x08007bf8   0x08007bf8   0x00000130   Code   RO         1142    i.RC_SBUS_Get_Data  usart.o
    0x08007d28   0x08007d28   0x00000032   Code   RO         8110    i.SCSI_AllowPreventRemovable  usbd_msc_scsi.o
    0x08007d5a   0x08007d5a   0x0000003c   Code   RO         8111    i.SCSI_CheckAddressRange  usbd_msc_scsi.o
    0x08007d96   0x08007d96   0x00000002   PAD
    0x08007d98   0x08007d98   0x00000098   Code   RO         8112    i.SCSI_Inquiry      usbd_msc_scsi.o
    0x08007e30   0x08007e30   0x00000058   Code   RO         8113    i.SCSI_ModeSense10  usbd_msc_scsi.o
    0x08007e88   0x08007e88   0x0000005c   Code   RO         8114    i.SCSI_ModeSense6   usbd_msc_scsi.o
    0x08007ee4   0x08007ee4   0x000000fe   Code   RO         8115    i.SCSI_ProcessCmd   usbd_msc_scsi.o
    0x08007fe2   0x08007fe2   0x00000002   PAD
    0x08007fe4   0x08007fe4   0x000000ac   Code   RO         8116    i.SCSI_ProcessRead  usbd_msc_scsi.o
    0x08008090   0x08008090   0x000000b8   Code   RO         8117    i.SCSI_ProcessWrite  usbd_msc_scsi.o
    0x08008148   0x08008148   0x000000e6   Code   RO         8118    i.SCSI_Read10       usbd_msc_scsi.o
    0x0800822e   0x0800822e   0x000000f2   Code   RO         8119    i.SCSI_Read12       usbd_msc_scsi.o
    0x08008320   0x08008320   0x0000008e   Code   RO         8120    i.SCSI_ReadCapacity10  usbd_msc_scsi.o
    0x080083ae   0x080083ae   0x000000c8   Code   RO         8121    i.SCSI_ReadCapacity16  usbd_msc_scsi.o
    0x08008476   0x08008476   0x0000008c   Code   RO         8122    i.SCSI_ReadFormatCapacity  usbd_msc_scsi.o
    0x08008502   0x08008502   0x00000002   PAD
    0x08008504   0x08008504   0x00000034   Code   RO         8123    i.SCSI_ReceiveDiagnosticResults  usbd_msc_scsi.o
    0x08008538   0x08008538   0x00000060   Code   RO         8124    i.SCSI_ReportLuns   usbd_msc_scsi.o
    0x08008598   0x08008598   0x0000008a   Code   RO         8125    i.SCSI_RequestSense  usbd_msc_scsi.o
    0x08008622   0x08008622   0x00000058   Code   RO         8126    i.SCSI_SenseCode    usbd_msc_scsi.o
    0x0800867a   0x0800867a   0x0000006e   Code   RO         8127    i.SCSI_StartStopUnit  usbd_msc_scsi.o
    0x080086e8   0x080086e8   0x00000080   Code   RO         8128    i.SCSI_TestUnitReady  usbd_msc_scsi.o
    0x08008768   0x08008768   0x00000022   Code   RO         8129    i.SCSI_UpdateBotData  usbd_msc_scsi.o
    0x0800878a   0x0800878a   0x0000004c   Code   RO         8130    i.SCSI_Verify10     usbd_msc_scsi.o
    0x080087d6   0x080087d6   0x00000002   PAD
    0x080087d8   0x080087d8   0x00000120   Code   RO         8131    i.SCSI_Write10      usbd_msc_scsi.o
    0x080088f8   0x080088f8   0x00000138   Code   RO         8132    i.SCSI_Write12      usbd_msc_scsi.o
    0x08008a30   0x08008a30   0x00000022   Code   RO         4169    i.SPI_DMAError      stm32f4xx_hal_spi.o
    0x08008a52   0x08008a52   0x0000000a   Code   RO         4171    i.SPI_DMAHalfTransmitCplt  stm32f4xx_hal_spi.o
    0x08008a5c   0x08008a5c   0x00000064   Code   RO         4175    i.SPI_DMATransmitCplt  stm32f4xx_hal_spi.o
    0x08008ac0   0x08008ac0   0x0000008c   Code   RO         4178    i.SPI_EndRxTransaction  stm32f4xx_hal_spi.o
    0x08008b4c   0x08008b4c   0x0000007c   Code   RO         4179    i.SPI_EndRxTxTransaction  stm32f4xx_hal_spi.o
    0x08008bc8   0x08008bc8   0x00000024   Code   RO         6417    i.SPI_ReadWriteByte  w25qxx.o
    0x08008bec   0x08008bec   0x000000c0   Code   RO         4184    i.SPI_WaitFlagStateUntilTimeout  stm32f4xx_hal_spi.o
    0x08008cac   0x08008cac   0x0000000c   Code   RO         7327    i.STORAGE_GetCapacity_FS  usbd_storage_if.o
    0x08008cb8   0x08008cb8   0x00000004   Code   RO         7328    i.STORAGE_GetMaxLun_FS  usbd_storage_if.o
    0x08008cbc   0x08008cbc   0x0000000a   Code   RO         7329    i.STORAGE_Init_FS   usbd_storage_if.o
    0x08008cc6   0x08008cc6   0x00000004   Code   RO         7330    i.STORAGE_IsReady_FS  usbd_storage_if.o
    0x08008cca   0x08008cca   0x00000004   Code   RO         7331    i.STORAGE_IsWriteProtected_FS  usbd_storage_if.o
    0x08008cce   0x08008cce   0x00000018   Code   RO         7332    i.STORAGE_Read_FS   usbd_storage_if.o
    0x08008ce6   0x08008ce6   0x00000018   Code   RO         7333    i.STORAGE_Write_FS  usbd_storage_if.o
    0x08008cfe   0x08008cfe   0x00000002   Code   RO         1272    i.SVC_Handler       stm32f4xx_it.o
    0x08008d00   0x08008d00   0x0000000a   Code   RO         7757    i.SWAPBYTE          usbd_ctlreq.o
    0x08008d0a   0x08008d0a   0x00000004   Code   RO         1273    i.SysTick_Handler   stm32f4xx_it.o
    0x08008d0e   0x08008d0e   0x00000002   PAD
    0x08008d10   0x08008d10   0x00000094   Code   RO          761    i.SystemClock_Config  main.o
    0x08008da4   0x08008da4   0x00000010   Code   RO         5810    i.SystemInit        system_stm32f4xx.o
    0x08008db4   0x08008db4   0x0000000c   Code   RO         1274    i.TIM1_UP_TIM10_IRQHandler  stm32f4xx_it.o
    0x08008dc0   0x08008dc0   0x0000000c   Code   RO         1275    i.TIM5_IRQHandler   stm32f4xx_it.o
    0x08008dcc   0x08008dcc   0x000000d4   Code   RO         4547    i.TIM_Base_SetConfig  stm32f4xx_hal_tim.o
    0x08008ea0   0x08008ea0   0x0000001a   Code   RO         4548    i.TIM_CCxChannelCmd  stm32f4xx_hal_tim.o
    0x08008eba   0x08008eba   0x00000014   Code   RO         4558    i.TIM_ETR_SetConfig  stm32f4xx_hal_tim.o
    0x08008ece   0x08008ece   0x00000010   Code   RO         4559    i.TIM_ITRx_SetConfig  stm32f4xx_hal_tim.o
    0x08008ede   0x08008ede   0x00000002   PAD
    0x08008ee0   0x08008ee0   0x00000068   Code   RO         4560    i.TIM_OC1_SetConfig  stm32f4xx_hal_tim.o
    0x08008f48   0x08008f48   0x00000074   Code   RO         4561    i.TIM_OC2_SetConfig  stm32f4xx_hal_tim.o
    0x08008fbc   0x08008fbc   0x00000070   Code   RO         4562    i.TIM_OC3_SetConfig  stm32f4xx_hal_tim.o
    0x0800902c   0x0800902c   0x00000054   Code   RO         4563    i.TIM_OC4_SetConfig  stm32f4xx_hal_tim.o
    0x08009080   0x08009080   0x00000022   Code   RO         4565    i.TIM_TI1_ConfigInputStage  stm32f4xx_hal_tim.o
    0x080090a2   0x080090a2   0x00000024   Code   RO         4567    i.TIM_TI2_ConfigInputStage  stm32f4xx_hal_tim.o
    0x080090c6   0x080090c6   0x00000002   PAD
    0x080090c8   0x080090c8   0x0000024c   Code   RO         1143    i.TOF_get_data      usart.o
    0x08009314   0x08009314   0x00000020   Code   RO         1276    i.UART4_IRQHandler  stm32f4xx_it.o
    0x08009334   0x08009334   0x0000000e   Code   RO         5479    i.UART_DMAAbortOnError  stm32f4xx_hal_uart.o
    0x08009342   0x08009342   0x0000004a   Code   RO         5480    i.UART_DMAError     stm32f4xx_hal_uart.o
    0x0800938c   0x0800938c   0x00000086   Code   RO         5481    i.UART_DMAReceiveCplt  stm32f4xx_hal_uart.o
    0x08009412   0x08009412   0x0000001e   Code   RO         5483    i.UART_DMARxHalfCplt  stm32f4xx_hal_uart.o
    0x08009430   0x08009430   0x00000042   Code   RO         5485    i.UART_DMATransmitCplt  stm32f4xx_hal_uart.o
    0x08009472   0x08009472   0x0000000a   Code   RO         5487    i.UART_DMATxHalfCplt  stm32f4xx_hal_uart.o
    0x0800947c   0x0800947c   0x0000004e   Code   RO         5489    i.UART_EndRxTransfer  stm32f4xx_hal_uart.o
    0x080094ca   0x080094ca   0x0000001a   Code   RO         5490    i.UART_EndTransmit_IT  stm32f4xx_hal_uart.o
    0x080094e4   0x080094e4   0x0000001c   Code   RO         5491    i.UART_EndTxTransfer  stm32f4xx_hal_uart.o
    0x08009500   0x08009500   0x000000c8   Code   RO         5492    i.UART_Receive_IT   stm32f4xx_hal_uart.o
    0x080095c8   0x080095c8   0x00000114   Code   RO         5493    i.UART_SetConfig    stm32f4xx_hal_uart.o
    0x080096dc   0x080096dc   0x000000a4   Code   RO         5494    i.UART_Start_Receive_DMA  stm32f4xx_hal_uart.o
    0x08009780   0x08009780   0x0000005e   Code   RO         5496    i.UART_Transmit_IT  stm32f4xx_hal_uart.o
    0x080097de   0x080097de   0x00000074   Code   RO         5497    i.UART_WaitOnFlagUntilTimeout  stm32f4xx_hal_uart.o
    0x08009852   0x08009852   0x00000002   PAD
    0x08009854   0x08009854   0x0000000c   Code   RO         1277    i.USART1_IRQHandler  stm32f4xx_it.o
    0x08009860   0x08009860   0x00000020   Code   RO         1278    i.USART3_IRQHandler  stm32f4xx_it.o
    0x08009880   0x08009880   0x00000020   Code   RO         1279    i.USART6_IRQHandler  stm32f4xx_it.o
    0x080098a0   0x080098a0   0x00000014   Code   RO         7595    i.USBD_ClrClassConfig  usbd_core.o
    0x080098b4   0x080098b4   0x00000026   Code   RO         7758    i.USBD_ClrFeature   usbd_ctlreq.o
    0x080098da   0x080098da   0x00000004   Code   RO         7596    i.USBD_CoreFindEP   usbd_core.o
    0x080098de   0x080098de   0x00000004   Code   RO         7597    i.USBD_CoreFindIF   usbd_core.o
    0x080098e2   0x080098e2   0x00000010   Code   RO         7860    i.USBD_CtlContinueRx  usbd_ioreq.o
    0x080098f2   0x080098f2   0x00000010   Code   RO         7861    i.USBD_CtlContinueSendData  usbd_ioreq.o
    0x08009902   0x08009902   0x00000018   Code   RO         7759    i.USBD_CtlError     usbd_ctlreq.o
    0x0800991a   0x0800991a   0x00000016   Code   RO         7863    i.USBD_CtlReceiveStatus  usbd_ioreq.o
    0x08009930   0x08009930   0x0000001c   Code   RO         7864    i.USBD_CtlSendData  usbd_ioreq.o
    0x0800994c   0x0800994c   0x00000016   Code   RO         7865    i.USBD_CtlSendStatus  usbd_ioreq.o
    0x08009962   0x08009962   0x00000002   PAD
    0x08009964   0x08009964   0x00000030   Code   RO         7235    i.USBD_FS_ConfigStrDescriptor  usbd_desc.o
    0x08009994   0x08009994   0x0000000c   Code   RO         7236    i.USBD_FS_DeviceDescriptor  usbd_desc.o
    0x080099a0   0x080099a0   0x00000034   Code   RO         7237    i.USBD_FS_InterfaceStrDescriptor  usbd_desc.o
    0x080099d4   0x080099d4   0x0000000c   Code   RO         7238    i.USBD_FS_LangIDStrDescriptor  usbd_desc.o
    0x080099e0   0x080099e0   0x00000028   Code   RO         7239    i.USBD_FS_ManufacturerStrDescriptor  usbd_desc.o
    0x08009a08   0x08009a08   0x00000038   Code   RO         7240    i.USBD_FS_ProductStrDescriptor  usbd_desc.o
    0x08009a40   0x08009a40   0x00000014   Code   RO         7241    i.USBD_FS_SerialStrDescriptor  usbd_desc.o
    0x08009a54   0x08009a54   0x0000003a   Code   RO         7760    i.USBD_GetConfig    usbd_ctlreq.o
    0x08009a8e   0x08009a8e   0x000001b0   Code   RO         7761    i.USBD_GetDescriptor  usbd_ctlreq.o
    0x08009c3e   0x08009c3e   0x0000003a   Code   RO         7599    i.USBD_GetEpDesc    usbd_core.o
    0x08009c78   0x08009c78   0x00000014   Code   RO         7762    i.USBD_GetLen       usbd_ctlreq.o
    0x08009c8c   0x08009c8c   0x0000000e   Code   RO         7600    i.USBD_GetNextDesc  usbd_core.o
    0x08009c9a   0x08009c9a   0x0000003c   Code   RO         7763    i.USBD_GetStatus    usbd_ctlreq.o
    0x08009cd6   0x08009cd6   0x00000050   Code   RO         7764    i.USBD_GetString    usbd_ctlreq.o
    0x08009d26   0x08009d26   0x00000024   Code   RO         7401    i.USBD_Get_USB_Status  usbd_conf.o
    0x08009d4a   0x08009d4a   0x00000028   Code   RO         7601    i.USBD_Init         usbd_core.o
    0x08009d72   0x08009d72   0x00000012   Code   RO         7402    i.USBD_LL_ClearStallEP  usbd_conf.o
    0x08009d84   0x08009d84   0x00000012   Code   RO         7403    i.USBD_LL_CloseEP   usbd_conf.o
    0x08009d96   0x08009d96   0x000000e2   Code   RO         7602    i.USBD_LL_DataInStage  usbd_core.o
    0x08009e78   0x08009e78   0x000000d0   Code   RO         7603    i.USBD_LL_DataOutStage  usbd_core.o
    0x08009f48   0x08009f48   0x00000004   Code   RO         7604    i.USBD_LL_DevConnected  usbd_core.o
    0x08009f4c   0x08009f4c   0x00000020   Code   RO         7605    i.USBD_LL_DevDisconnected  usbd_core.o
    0x08009f6c   0x08009f6c   0x00000012   Code   RO         7406    i.USBD_LL_FlushEP   usbd_conf.o
    0x08009f7e   0x08009f7e   0x00000008   Code   RO         7407    i.USBD_LL_GetRxDataSize  usbd_conf.o
    0x08009f86   0x08009f86   0x00000002   PAD
    0x08009f88   0x08009f88   0x00000060   Code   RO         7408    i.USBD_LL_Init      usbd_conf.o
    0x08009fe8   0x08009fe8   0x0000001e   Code   RO         7409    i.USBD_LL_IsStallEP  usbd_conf.o
    0x0800a006   0x0800a006   0x0000002a   Code   RO         7606    i.USBD_LL_IsoINIncomplete  usbd_core.o
    0x0800a030   0x0800a030   0x0000002a   Code   RO         7607    i.USBD_LL_IsoOUTIncomplete  usbd_core.o
    0x0800a05a   0x0800a05a   0x00000018   Code   RO         7410    i.USBD_LL_OpenEP    usbd_conf.o
    0x0800a072   0x0800a072   0x00000012   Code   RO         7411    i.USBD_LL_PrepareReceive  usbd_conf.o
    0x0800a084   0x0800a084   0x00000062   Code   RO         7608    i.USBD_LL_Reset     usbd_core.o
    0x0800a0e6   0x0800a0e6   0x00000014   Code   RO         7609    i.USBD_LL_Resume    usbd_core.o
    0x0800a0fa   0x0800a0fa   0x0000001a   Code   RO         7610    i.USBD_LL_SOF       usbd_core.o
    0x0800a114   0x0800a114   0x00000006   Code   RO         7611    i.USBD_LL_SetSpeed  usbd_core.o
    0x0800a11a   0x0800a11a   0x00000012   Code   RO         7412    i.USBD_LL_SetUSBAddress  usbd_conf.o
    0x0800a12c   0x0800a12c   0x00000060   Code   RO         7612    i.USBD_LL_SetupStage  usbd_core.o
    0x0800a18c   0x0800a18c   0x00000012   Code   RO         7413    i.USBD_LL_StallEP   usbd_conf.o
    0x0800a19e   0x0800a19e   0x00000012   Code   RO         7414    i.USBD_LL_Start     usbd_conf.o
    0x0800a1b0   0x0800a1b0   0x0000001a   Code   RO         7613    i.USBD_LL_Suspend   usbd_core.o
    0x0800a1ca   0x0800a1ca   0x00000012   Code   RO         7416    i.USBD_LL_Transmit  usbd_conf.o
    0x0800a1dc   0x0800a1dc   0x0000000a   Code   RO         7920    i.USBD_MSC_DataIn   usbd_msc.o
    0x0800a1e6   0x0800a1e6   0x0000000a   Code   RO         7921    i.USBD_MSC_DataOut  usbd_msc.o
    0x0800a1f0   0x0800a1f0   0x00000078   Code   RO         7922    i.USBD_MSC_DeInit   usbd_msc.o
    0x0800a268   0x0800a268   0x0000000c   Code   RO         7923    i.USBD_MSC_GetDeviceQualifierDescriptor  usbd_msc.o
    0x0800a274   0x0800a274   0x0000002c   Code   RO         7924    i.USBD_MSC_GetFSCfgDesc  usbd_msc.o
    0x0800a2a0   0x0800a2a0   0x00000030   Code   RO         7925    i.USBD_MSC_GetHSCfgDesc  usbd_msc.o
    0x0800a2d0   0x0800a2d0   0x0000002c   Code   RO         7926    i.USBD_MSC_GetOtherSpeedCfgDesc  usbd_msc.o
    0x0800a2fc   0x0800a2fc   0x000000cc   Code   RO         7927    i.USBD_MSC_Init     usbd_msc.o
    0x0800a3c8   0x0800a3c8   0x00000018   Code   RO         7928    i.USBD_MSC_RegisterStorage  usbd_msc.o
    0x0800a3e0   0x0800a3e0   0x0000013c   Code   RO         7929    i.USBD_MSC_Setup    usbd_msc.o
    0x0800a51c   0x0800a51c   0x00000032   Code   RO         7765    i.USBD_ParseSetupRequest  usbd_ctlreq.o
    0x0800a54e   0x0800a54e   0x0000003a   Code   RO         7614    i.USBD_RegisterClass  usbd_core.o
    0x0800a588   0x0800a588   0x00000004   Code   RO         7615    i.USBD_RunTestMode  usbd_core.o
    0x0800a58c   0x0800a58c   0x00000058   Code   RO         7766    i.USBD_SetAddress   usbd_ctlreq.o
    0x0800a5e4   0x0800a5e4   0x00000014   Code   RO         7616    i.USBD_SetClassConfig  usbd_core.o
    0x0800a5f8   0x0800a5f8   0x000000dc   Code   RO         7767    i.USBD_SetConfig    usbd_ctlreq.o
    0x0800a6d4   0x0800a6d4   0x00000024   Code   RO         7768    i.USBD_SetFeature   usbd_ctlreq.o
    0x0800a6f8   0x0800a6f8   0x00000004   Code   RO         7617    i.USBD_Start        usbd_core.o
    0x0800a6fc   0x0800a6fc   0x00000076   Code   RO         7769    i.USBD_StdDevReq    usbd_ctlreq.o
    0x0800a772   0x0800a772   0x00000226   Code   RO         7770    i.USBD_StdEPReq     usbd_ctlreq.o
    0x0800a998   0x0800a998   0x0000008e   Code   RO         7771    i.USBD_StdItfReq    usbd_ctlreq.o
    0x0800aa26   0x0800aa26   0x00000002   Code   RO         7417    i.USBD_static_free  usbd_conf.o
    0x0800aa28   0x0800aa28   0x00000008   Code   RO         7418    i.USBD_static_malloc  usbd_conf.o
    0x0800aa30   0x0800aa30   0x00000084   Code   RO         1852    i.USB_ActivateEndpoint  stm32f4xx_ll_usb.o
    0x0800aab4   0x0800aab4   0x0000001c   Code   RO         1854    i.USB_ActivateSetup  stm32f4xx_ll_usb.o
    0x0800aad0   0x0800aad0   0x00000088   Code   RO         1856    i.USB_CoreInit      stm32f4xx_ll_usb.o
    0x0800ab58   0x0800ab58   0x00000054   Code   RO         1857    i.USB_CoreReset     stm32f4xx_ll_usb.o
    0x0800abac   0x0800abac   0x000000c8   Code   RO         1860    i.USB_DeactivateEndpoint  stm32f4xx_ll_usb.o
    0x0800ac74   0x0800ac74   0x0000001c   Code   RO         1861    i.USB_DevConnect    stm32f4xx_ll_usb.o
    0x0800ac90   0x0800ac90   0x0000001c   Code   RO         1862    i.USB_DevDisconnect  stm32f4xx_ll_usb.o
    0x0800acac   0x0800acac   0x00000174   Code   RO         1863    i.USB_DevInit       stm32f4xx_ll_usb.o
    0x0800ae20   0x0800ae20   0x0000000c   Code   RO         1864    i.USB_DisableGlobalInt  stm32f4xx_ll_usb.o
    0x0800ae2c   0x0800ae2c   0x00000054   Code   RO         1867    i.USB_EP0_OutStart  stm32f4xx_ll_usb.o
    0x0800ae80   0x0800ae80   0x00000058   Code   RO         1868    i.USB_EPClearStall  stm32f4xx_ll_usb.o
    0x0800aed8   0x0800aed8   0x00000058   Code   RO         1869    i.USB_EPSetStall    stm32f4xx_ll_usb.o
    0x0800af30   0x0800af30   0x00000254   Code   RO         1870    i.USB_EPStartXfer   stm32f4xx_ll_usb.o
    0x0800b184   0x0800b184   0x000000a4   Code   RO         1871    i.USB_EPStopXfer    stm32f4xx_ll_usb.o
    0x0800b228   0x0800b228   0x0000000c   Code   RO         1872    i.USB_EnableGlobalInt  stm32f4xx_ll_usb.o
    0x0800b234   0x0800b234   0x00000040   Code   RO         1873    i.USB_FlushRxFifo   stm32f4xx_ll_usb.o
    0x0800b274   0x0800b274   0x00000044   Code   RO         1874    i.USB_FlushTxFifo   stm32f4xx_ll_usb.o
    0x0800b2b8   0x0800b2b8   0x00000020   Code   RO         1876    i.USB_GetDevSpeed   stm32f4xx_ll_usb.o
    0x0800b2d8   0x0800b2d8   0x00000008   Code   RO         1878    i.USB_GetMode       stm32f4xx_ll_usb.o
    0x0800b2e0   0x0800b2e0   0x0000000e   Code   RO         1886    i.USB_ReadDevAllInEpInterrupt  stm32f4xx_ll_usb.o
    0x0800b2ee   0x0800b2ee   0x0000000e   Code   RO         1887    i.USB_ReadDevAllOutEpInterrupt  stm32f4xx_ll_usb.o
    0x0800b2fc   0x0800b2fc   0x00000024   Code   RO         1888    i.USB_ReadDevInEPInterrupt  stm32f4xx_ll_usb.o
    0x0800b320   0x0800b320   0x00000010   Code   RO         1889    i.USB_ReadDevOutEPInterrupt  stm32f4xx_ll_usb.o
    0x0800b330   0x0800b330   0x00000008   Code   RO         1890    i.USB_ReadInterrupts  stm32f4xx_ll_usb.o
    0x0800b338   0x0800b338   0x0000003e   Code   RO         1891    i.USB_ReadPacket    stm32f4xx_ll_usb.o
    0x0800b376   0x0800b376   0x00000060   Code   RO         1893    i.USB_SetCurrentMode  stm32f4xx_ll_usb.o
    0x0800b3d6   0x0800b3d6   0x0000001e   Code   RO         1894    i.USB_SetDevAddress  stm32f4xx_ll_usb.o
    0x0800b3f4   0x0800b3f4   0x0000000e   Code   RO         1895    i.USB_SetDevSpeed   stm32f4xx_ll_usb.o
    0x0800b402   0x0800b402   0x00000002   PAD
    0x0800b404   0x0800b404   0x000000f4   Code   RO         1896    i.USB_SetTurnaroundTime  stm32f4xx_ll_usb.o
    0x0800b4f8   0x0800b4f8   0x00000028   Code   RO         1899    i.USB_WritePacket   stm32f4xx_ll_usb.o
    0x0800b520   0x0800b520   0x00000014   Code   RO         6582    i.USER_initialize   user_diskio.o
    0x0800b534   0x0800b534   0x00000028   Code   RO         6583    i.USER_ioctl        user_diskio.o
    0x0800b55c   0x0800b55c   0x00000012   Code   RO         6584    i.USER_read         user_diskio.o
    0x0800b56e   0x0800b56e   0x00000002   PAD
    0x0800b570   0x0800b570   0x00000020   Code   RO         6585    i.USER_status       user_diskio.o
    0x0800b590   0x0800b590   0x00000012   Code   RO         6586    i.USER_write        user_diskio.o
    0x0800b5a2   0x0800b5a2   0x00000002   PAD
    0x0800b5a4   0x0800b5a4   0x0000001c   Code   RO         1280    i.UsageFault_Handler  stm32f4xx_it.o
    0x0800b5c0   0x0800b5c0   0x00000060   Code   RO         6419    i.W25QXX_Erase_Sector  w25qxx.o
    0x0800b620   0x0800b620   0x00000030   Code   RO         6420    i.W25QXX_Init       w25qxx.o
    0x0800b650   0x0800b650   0x00000060   Code   RO         6422    i.W25QXX_Read       w25qxx.o
    0x0800b6b0   0x0800b6b0   0x00000058   Code   RO         6423    i.W25QXX_ReadID     w25qxx.o
    0x0800b708   0x0800b708   0x00000034   Code   RO         6424    i.W25QXX_ReadSR     w25qxx.o
    0x0800b73c   0x0800b73c   0x0000000c   Code   RO         6426    i.W25QXX_Wait_Busy  w25qxx.o
    0x0800b748   0x0800b748   0x000000a4   Code   RO         6427    i.W25QXX_Write      w25qxx.o
    0x0800b7ec   0x0800b7ec   0x0000002c   Code   RO         6429    i.W25QXX_Write_Enable  w25qxx.o
    0x0800b818   0x0800b818   0x0000003e   Code   RO         6430    i.W25QXX_Write_NoCheck  w25qxx.o
    0x0800b856   0x0800b856   0x00000002   PAD
    0x0800b858   0x0800b858   0x0000006c   Code   RO         6431    i.W25QXX_Write_Page  w25qxx.o
    0x0800b8c4   0x0800b8c4   0x00000020   Code   RO         8965    i.__0printf         mc_w.l(printfa.o)
    0x0800b8e4   0x0800b8e4   0x00000034   Code   RO         8966    i.__0snprintf       mc_w.l(printfa.o)
    0x0800b918   0x0800b918   0x00000034   Code   RO         8970    i.__0vsnprintf      mc_w.l(printfa.o)
    0x0800b94c   0x0800b94c   0x00000030   Code   RO         9063    i.__ARM_fpclassify  m_wm.l(fpclassify.o)
    0x0800b97c   0x0800b97c   0x00000026   Code   RO         9065    i.__ARM_fpclassifyf  m_wm.l(fpclassifyf.o)
    0x0800b9a2   0x0800b9a2   0x00000002   PAD
    0x0800b9a4   0x0800b9a4   0x00000024   Code   RO         5945    i.__ARM_isnan       bmp390_task.o
    0x0800b9c8   0x0800b9c8   0x00000020   Code   RO         2967    i.__NVIC_SetPriority  stm32f4xx_hal_cortex.o
    0x0800b9e8   0x0800b9e8   0x00000008   Code   RO         9126    i.__aeabi_errno_addr  mc_w.l(errno.o)
    0x0800b9f0   0x0800b9f0   0x000002ac   Code   RO         8603    i.__hardfp_atan2f   m_wm.l(atan2f.o)
    0x0800bc9c   0x0800bc9c   0x00000150   Code   RO         8615    i.__hardfp_cosf     m_wm.l(cosf.o)
    0x0800bdec   0x0800bdec   0x000001e8   Code   RO         8627    i.__hardfp_expf     m_wm.l(expf.o)
    0x0800bfd4   0x0800bfd4   0x00000014   Code   RO         8641    i.__hardfp_fabs     m_wm.l(fabs.o)
    0x0800bfe8   0x0800bfe8   0x00000c50   Code   RO         8653    i.__hardfp_pow      m_wm.l(pow.o)
    0x0800cc38   0x0800cc38   0x00000190   Code   RO         8667    i.__hardfp_sinf     m_wm.l(sinf.o)
    0x0800cdc8   0x0800cdc8   0x0000003a   Code   RO         8679    i.__hardfp_sqrtf    m_wm.l(sqrtf.o)
    0x0800ce02   0x0800ce02   0x000000f8   Code   RO         9081    i.__kernel_poly     m_wm.l(poly.o)
    0x0800cefa   0x0800cefa   0x00000006   PAD
    0x0800cf00   0x0800cf00   0x00000030   Code   RO         9049    i.__mathlib_dbl_divzero  m_wm.l(dunder.o)
    0x0800cf30   0x0800cf30   0x00000014   Code   RO         9051    i.__mathlib_dbl_infnan2  m_wm.l(dunder.o)
    0x0800cf44   0x0800cf44   0x00000004   PAD
    0x0800cf48   0x0800cf48   0x00000020   Code   RO         9052    i.__mathlib_dbl_invalid  m_wm.l(dunder.o)
    0x0800cf68   0x0800cf68   0x00000020   Code   RO         9053    i.__mathlib_dbl_overflow  m_wm.l(dunder.o)
    0x0800cf88   0x0800cf88   0x00000020   Code   RO         9055    i.__mathlib_dbl_underflow  m_wm.l(dunder.o)
    0x0800cfa8   0x0800cfa8   0x00000006   Code   RO         9068    i.__mathlib_flt_infnan  m_wm.l(funder.o)
    0x0800cfae   0x0800cfae   0x00000006   Code   RO         9069    i.__mathlib_flt_infnan2  m_wm.l(funder.o)
    0x0800cfb4   0x0800cfb4   0x00000010   Code   RO         9070    i.__mathlib_flt_invalid  m_wm.l(funder.o)
    0x0800cfc4   0x0800cfc4   0x00000010   Code   RO         9071    i.__mathlib_flt_overflow  m_wm.l(funder.o)
    0x0800cfd4   0x0800cfd4   0x00000010   Code   RO         9073    i.__mathlib_flt_underflow  m_wm.l(funder.o)
    0x0800cfe4   0x0800cfe4   0x00000154   Code   RO         9084    i.__mathlib_rredf2  m_wm.l(rredf.o)
    0x0800d138   0x0800d138   0x0000000e   Code   RO         9184    i.__scatterload_copy  mc_w.l(handlers.o)
    0x0800d146   0x0800d146   0x00000002   Code   RO         9185    i.__scatterload_null  mc_w.l(handlers.o)
    0x0800d148   0x0800d148   0x0000000e   Code   RO         9186    i.__scatterload_zeroinit  mc_w.l(handlers.o)
    0x0800d156   0x0800d156   0x00000002   PAD
    0x0800d158   0x0800d158   0x0000000c   Code   RO         9128    i.__set_errno       mc_w.l(errno.o)
    0x0800d164   0x0800d164   0x00000184   Code   RO         8972    i._fp_digits        mc_w.l(printfa.o)
    0x0800d2e8   0x0800d2e8   0x000006b4   Code   RO         8973    i._printf_core      mc_w.l(printfa.o)
    0x0800d99c   0x0800d99c   0x00000024   Code   RO         8974    i._printf_post_padding  mc_w.l(printfa.o)
    0x0800d9c0   0x0800d9c0   0x0000002e   Code   RO         8975    i._printf_pre_padding  mc_w.l(printfa.o)
    0x0800d9ee   0x0800d9ee   0x00000016   Code   RO         8976    i._snputc           mc_w.l(printfa.o)
    0x0800da04   0x0800da04   0x000000a8   Code   RO         1144    i.aircraft_data_send  usart.o
    0x0800daac   0x0800daac   0x0000011c   Code   RO         1145    i.aircraft_data_update  usart.o
    0x0800dbc8   0x0800dbc8   0x000000b8   Code   RO          419    i.aircraft_flight_Height_control  control.o
    0x0800dc80   0x0800dc80   0x0000025c   Code   RO          420    i.aircraft_flight_direction_control  control.o
    0x0800dedc   0x0800dedc   0x00000250   Code   RO          686    i.aircraft_fly_data_record  flight_data_manager.o
    0x0800e12c   0x0800e12c   0x00000130   Code   RO          421    i.aircraft_protection  control.o
    0x0800e25c   0x0800e25c   0x0000018c   Code   RO          422    i.aircraft_status_check  control.o
    0x0800e3e8   0x0800e3e8   0x0000000c   Code   RO         6056    i.are_settings_changed  bmp3.o
    0x0800e3f4   0x0800e3f4   0x00000044   Code   RO         5948    i.bmp390_getdata_DMA  bmp390_task.o
    0x0800e438   0x0800e438   0x00000038   Code   RO         5949    i.bmp390_getregs_DMA  bmp390_task.o
    0x0800e470   0x0800e470   0x000001b4   Code   RO         5950    i.bmp3_check_rslt   bmp390_task.o
    0x0800e624   0x0800e624   0x00000004   Code   RO         5951    i.bmp3_delay_us     bmp390_task.o
    0x0800e628   0x0800e628   0x00000024   Code   RO         6063    i.bmp3_get_op_mode  bmp3.o
    0x0800e64c   0x0800e64c   0x00000082   Code   RO         6064    i.bmp3_get_regs     bmp3.o
    0x0800e6ce   0x0800e6ce   0x00000002   PAD
    0x0800e6d0   0x0800e6d0   0x00000040   Code   RO         5952    i.bmp3_i2c_read     bmp390_task.o
    0x0800e710   0x0800e710   0x00000050   Code   RO         5953    i.bmp3_i2c_write    bmp390_task.o
    0x0800e760   0x0800e760   0x00000062   Code   RO         6068    i.bmp3_init         bmp3.o
    0x0800e7c2   0x0800e7c2   0x00000002   PAD
    0x0800e7c4   0x0800e7c4   0x0000003c   Code   RO         5954    i.bmp3_interface_init  bmp390_task.o
    0x0800e800   0x0800e800   0x00000062   Code   RO         6071    i.bmp3_set_op_mode  bmp3.o
    0x0800e862   0x0800e862   0x0000008c   Code   RO         6072    i.bmp3_set_regs     bmp3.o
    0x0800e8ee   0x0800e8ee   0x00000078   Code   RO         6073    i.bmp3_set_sensor_settings  bmp3.o
    0x0800e966   0x0800e966   0x0000005e   Code   RO         6074    i.bmp3_soft_reset   bmp3.o
    0x0800e9c4   0x0800e9c4   0x00000048   Code   RO         8265    i.cJSON_Delete      cjson.o
    0x0800ea0c   0x0800ea0c   0x00000012   Code   RO         8271    i.cJSON_GetArrayItem  cjson.o
    0x0800ea1e   0x0800ea1e   0x00000002   PAD
    0x0800ea20   0x0800ea20   0x0000000c   Code   RO         8273    i.cJSON_GetErrorPtr  cjson.o
    0x0800ea2c   0x0800ea2c   0x00000044   Code   RO         8274    i.cJSON_GetObjectItem  cjson.o
    0x0800ea70   0x0800ea70   0x00000020   Code   RO         8278    i.cJSON_New_Item    cjson.o
    0x0800ea90   0x0800ea90   0x00000008   Code   RO         8279    i.cJSON_Parse       cjson.o
    0x0800ea98   0x0800ea98   0x00000064   Code   RO         8280    i.cJSON_ParseWithOpts  cjson.o
    0x0800eafc   0x0800eafc   0x0000004c   Code   RO         8286    i.cJSON_strcasecmp  cjson.o
    0x0800eb48   0x0800eb48   0x0000003c   Code   RO         6075    i.calculate_press_meas_time  bmp3.o
    0x0800eb84   0x0800eb84   0x0000003c   Code   RO         6076    i.calculate_temp_meas_time  bmp3.o
    0x0800ebc0   0x0800ebc0   0x00000074   Code   RO         6751    i.check_fs          ff.o
    0x0800ec34   0x0800ec34   0x00000010   Code   RO         6752    i.chk_chr           ff.o
    0x0800ec44   0x0800ec44   0x00000060   Code   RO         6753    i.chk_lock          ff.o
    0x0800eca4   0x0800eca4   0x0000014c   Code   RO          687    i.cleanup_old_logs  flight_data_manager.o
    0x0800edf0   0x0800edf0   0x00000020   Code   RO         6754    i.clear_lock        ff.o
    0x0800ee10   0x0800ee10   0x00000026   Code   RO         6755    i.clmt_clust        ff.o
    0x0800ee36   0x0800ee36   0x00000018   Code   RO         6756    i.clust2sect        ff.o
    0x0800ee4e   0x0800ee4e   0x0000001c   Code   RO          688    i.compare_log_files  flight_data_manager.o
    0x0800ee6a   0x0800ee6a   0x00000002   PAD
    0x0800ee6c   0x0800ee6c   0x000000a0   Code   RO         6077    i.compensate_data   bmp3.o
    0x0800ef0c   0x0800ef0c   0x00000218   Code   RO         6078    i.compensate_pressure  bmp3.o
    0x0800f124   0x0800f124   0x000000b4   Code   RO         6079    i.compensate_temperature  bmp3.o
    0x0800f1d8   0x0800f1d8   0x000000c4   Code   RO         5955    i.convert_Pa_to_meter  bmp390_task.o
    0x0800f29c   0x0800f29c   0x000000b0   Code   RO         6757    i.create_chain      ff.o
    0x0800f34c   0x0800f34c   0x000000d0   Code   RO         6758    i.create_name       ff.o
    0x0800f41c   0x0800f41c   0x000000dc   Code   RO          689    i.create_new_log_file  flight_data_manager.o
    0x0800f4f8   0x0800f4f8   0x00000030   Code   RO         6759    i.dec_lock          ff.o
    0x0800f528   0x0800f528   0x00000014   Code   RO         6538    i.delay_init        delay.o
    0x0800f53c   0x0800f53c   0x00000036   Code   RO         6539    i.delay_ms          delay.o
    0x0800f572   0x0800f572   0x00000002   PAD
    0x0800f574   0x0800f574   0x00000038   Code   RO         6540    i.delay_us          delay.o
    0x0800f5ac   0x0800f5ac   0x0000004a   Code   RO         6760    i.dir_alloc         ff.o
    0x0800f5f6   0x0800f5f6   0x00000054   Code   RO         6761    i.dir_find          ff.o
    0x0800f64a   0x0800f64a   0x0000010a   Code   RO         6762    i.dir_next          ff.o
    0x0800f754   0x0800f754   0x00000060   Code   RO         6763    i.dir_read          ff.o
    0x0800f7b4   0x0800f7b4   0x0000003c   Code   RO         6764    i.dir_register      ff.o
    0x0800f7f0   0x0800f7f0   0x0000001e   Code   RO         6765    i.dir_remove        ff.o
    0x0800f80e   0x0800f80e   0x00000094   Code   RO         6766    i.dir_sdi           ff.o
    0x0800f8a2   0x0800f8a2   0x00000002   PAD
    0x0800f8a4   0x0800f8a4   0x0000002c   Code   RO         6696    i.disk_initialize   diskio.o
    0x0800f8d0   0x0800f8d0   0x0000001c   Code   RO         6697    i.disk_ioctl        diskio.o
    0x0800f8ec   0x0800f8ec   0x0000001c   Code   RO         6698    i.disk_read         diskio.o
    0x0800f908   0x0800f908   0x00000018   Code   RO         6699    i.disk_status       diskio.o
    0x0800f920   0x0800f920   0x0000001c   Code   RO         6700    i.disk_write        diskio.o
    0x0800f93c   0x0800f93c   0x00000028   Code   RO         6767    i.enq_lock          ff.o
    0x0800f964   0x0800f964   0x00000048   Code   RO          762    i.error_handler_msg_log  main.o
    0x0800f9ac   0x0800f9ac   0x0000002a   Code   RO         6768    i.f_close           ff.o
    0x0800f9d6   0x0800f9d6   0x00000024   Code   RO         6769    i.f_closedir        ff.o
    0x0800f9fa   0x0800f9fa   0x00000154   Code   RO         6773    i.f_mkdir           ff.o
    0x0800fb4e   0x0800fb4e   0x00000002   PAD
    0x0800fb50   0x0800fb50   0x00000060   Code   RO         6775    i.f_mount           ff.o
    0x0800fbb0   0x0800fbb0   0x000001f2   Code   RO         6776    i.f_open            ff.o
    0x0800fda2   0x0800fda2   0x00000086   Code   RO         6777    i.f_opendir         ff.o
    0x0800fe28   0x0800fe28   0x00000172   Code   RO         6781    i.f_read            ff.o
    0x0800ff9a   0x0800ff9a   0x0000004a   Code   RO         6782    i.f_readdir         ff.o
    0x0800ffe4   0x0800ffe4   0x0000003c   Code   RO         6784    i.f_stat            ff.o
    0x08010020   0x08010020   0x00000090   Code   RO         6785    i.f_sync            ff.o
    0x080100b0   0x080100b0   0x000000ae   Code   RO         6787    i.f_unlink          ff.o
    0x0801015e   0x0801015e   0x000001b0   Code   RO         6788    i.f_write           ff.o
    0x0801030e   0x0801030e   0x00000018   Code   RO         8643    i.fabs              m_wm.l(fabs.o)
    0x08010326   0x08010326   0x00000002   PAD
    0x08010328   0x08010328   0x000007f0   Code   RO          627    i.fatfs_PID_params_read  cjson_usr.o
    0x08010b18   0x08010b18   0x00000104   Code   RO         6647    i.fatfs_read_file   fatfs.o
    0x08010c1c   0x08010c1c   0x00000024   Code   RO         6084    i.fill_filter_data  bmp3.o
    0x08010c40   0x08010c40   0x00000028   Code   RO         6085    i.fill_odr_data     bmp3.o
    0x08010c68   0x08010c68   0x00000042   Code   RO         6086    i.fill_osr_data     bmp3.o
    0x08010caa   0x08010caa   0x00000002   PAD
    0x08010cac   0x08010cac   0x0000027c   Code   RO         6789    i.find_volume       ff.o
    0x08010f28   0x08010f28   0x00000078   Code   RO         6790    i.follow_path       ff.o
    0x08010fa0   0x08010fa0   0x00000018   Code   RO         1146    i.fputc             usart.o
    0x08010fb8   0x08010fb8   0x00000050   Code   RO         8993    i.free              mc_w.l(malloc.o)
    0x08011008   0x08011008   0x00000064   Code   RO          877    i.get_battery_volt  adc.o
    0x0801106c   0x0801106c   0x0000002c   Code   RO         6087    i.get_calib_data    bmp3.o
    0x08011098   0x08011098   0x000000c2   Code   RO         6791    i.get_fat           ff.o
    0x0801115a   0x0801115a   0x00000004   Code   RO         6649    i.get_fattime       fatfs.o
    0x0801115e   0x0801115e   0x0000006a   Code   RO         6792    i.get_fileinfo      ff.o
    0x080111c8   0x080111c8   0x00000042   Code   RO         6793    i.get_ldnumber      ff.o
    0x0801120a   0x0801120a   0x00000002   PAD
    0x0801120c   0x0801120c   0x000000e8   Code   RO          690    i.get_log_files_info  flight_data_manager.o
    0x080112f4   0x080112f4   0x0000002c   Code   RO          691    i.get_max_log_index  flight_data_manager.o
    0x08011320   0x08011320   0x0000001e   Code   RO         6091    i.get_odr_filter_settings  bmp3.o
    0x0801133e   0x0801133e   0x00000002   PAD
    0x08011340   0x08011340   0x00000040   Code   RO         5848    i.icm42688_get_acc  icm42688.o
    0x08011380   0x08011380   0x00000040   Code   RO         5849    i.icm42688_get_gyro  icm42688.o
    0x080113c0   0x080113c0   0x00000068   Code   RO         5850    i.icm42688_get_gyro_acc  icm42688.o
    0x08011428   0x08011428   0x00000170   Code   RO         5853    i.icm42688_init     icm42688.o
    0x08011598   0x08011598   0x0000004c   Code   RO         5854    i.icm42688_read_register  icm42688.o
    0x080115e4   0x080115e4   0x00000048   Code   RO         5855    i.icm42688_read_registers  icm42688.o
    0x0801162c   0x0801162c   0x0000002e   Code   RO         5856    i.icm42688_self_check  icm42688.o
    0x0801165a   0x0801165a   0x0000005e   Code   RO         5857    i.icm42688_set_ui_filter  icm42688.o
    0x080116b8   0x080116b8   0x00000040   Code   RO         5859    i.icm42688_write_register  icm42688.o
    0x080116f8   0x080116f8   0x00000088   Code   RO         6794    i.inc_lock          ff.o
    0x08011780   0x08011780   0x0000001e   Code   RO         6093    i.interleave_reg_addr  bmp3.o
    0x0801179e   0x0801179e   0x00000002   PAD
    0x080117a0   0x080117a0   0x0000002c   Code   RO          273    i.invSqrt           hana_math.o
    0x080117cc   0x080117cc   0x0000005a   Code   RO          214    i.kalman1_filter    filter.o
    0x08011826   0x08011826   0x00000026   Code   RO         6795    i.ld_clust          ff.o
    0x0801184c   0x0801184c   0x00000016   Code   RO         6796    i.ld_dword          ff.o
    0x08011862   0x08011862   0x0000000a   Code   RO         6797    i.ld_word           ff.o
    0x0801186c   0x0801186c   0x0000015c   Code   RO          692    i.log_record_format_data  flight_data_manager.o
    0x080119c8   0x080119c8   0x00000154   Code   RO          763    i.main              main.o
    0x08011b1c   0x08011b1c   0x0000006c   Code   RO         8994    i.malloc            mc_w.l(malloc.o)
    0x08011b88   0x08011b88   0x00000018   Code   RO         6798    i.mem_cmp           ff.o
    0x08011ba0   0x08011ba0   0x00000012   Code   RO         6799    i.mem_cpy           ff.o
    0x08011bb2   0x08011bb2   0x0000000c   Code   RO         6800    i.mem_set           ff.o
    0x08011bbe   0x08011bbe   0x00000002   PAD
    0x08011bc0   0x08011bc0   0x000000c8   Code   RO          423    i.motor_control     control.o
    0x08011c88   0x08011c88   0x00000034   Code   RO          424    i.motor_deinit      control.o
    0x08011cbc   0x08011cbc   0x00000034   Code   RO          425    i.motor_init        control.o
    0x08011cf0   0x08011cf0   0x00000168   Code   RO          426    i.motor_speed_set   control.o
    0x08011e58   0x08011e58   0x00000134   Code   RO          427    i.motor_throttle_control  control.o
    0x08011f8c   0x08011f8c   0x00000034   Code   RO         6801    i.move_window       ff.o
    0x08011fc0   0x08011fc0   0x0000001e   Code   RO         6094    i.null_ptr_check    bmp3.o
    0x08011fde   0x08011fde   0x00000002   PAD
    0x08011fe0   0x08011fe0   0x0000009c   Code   RO         8290    i.parse_array       cjson.o
    0x0801207c   0x0801207c   0x00000204   Code   RO         6096    i.parse_calib_data  bmp3.o
    0x08012280   0x08012280   0x000000be   Code   RO         8291    i.parse_hex4        cjson.o
    0x0801233e   0x0801233e   0x00000002   PAD
    0x08012340   0x08012340   0x0000018c   Code   RO         8292    i.parse_number      cjson.o
    0x080124cc   0x080124cc   0x000000f0   Code   RO         8293    i.parse_object      cjson.o
    0x080125bc   0x080125bc   0x00000022   Code   RO         6101    i.parse_odr_filter_settings  bmp3.o
    0x080125de   0x080125de   0x0000002a   Code   RO         6103    i.parse_sensor_data  bmp3.o
    0x08012608   0x08012608   0x0000017c   Code   RO         8294    i.parse_string      cjson.o
    0x08012784   0x08012784   0x000000bc   Code   RO         8295    i.parse_value       cjson.o
    0x08012840   0x08012840   0x000001e4   Code   RO          578    i.pid_calculate     pid.o
    0x08012a24   0x08012a24   0x0000030c   Code   RO          428    i.pid_control_init  control.o
    0x08012d30   0x08012d30   0x00000040   Code   RO          579    i.pid_enable        pid.o
    0x08012d70   0x08012d70   0x00000050   Code   RO          429    i.pid_external_control  control.o
    0x08012dc0   0x08012dc0   0x0000001c   Code   RO          580    i.pid_init          pid.o
    0x08012ddc   0x08012ddc   0x00000040   Code   RO          430    i.pid_internal_control  control.o
    0x08012e1c   0x08012e1c   0x00000050   Code   RO          581    i.pid_param_init    pid.o
    0x08012e6c   0x08012e6c   0x0000000e   Code   RO          582    i.pid_reset         pid.o
    0x08012e7a   0x08012e7a   0x00000038   Code   RO         6105    i.pow_bmp3          bmp3.o
    0x08012eb2   0x08012eb2   0x0000002e   Code   RO         6106    i.put_device_to_sleep  bmp3.o
    0x08012ee0   0x08012ee0   0x000000f8   Code   RO         6802    i.put_fat           ff.o
    0x08012fd8   0x08012fd8   0x00000078   Code   RO         6806    i.remove_chain      ff.o
    0x08013050   0x08013050   0x00000050   Code   RO         6108    i.set_advance_settings  bmp3.o
    0x080130a0   0x080130a0   0x00000076   Code   RO         6109    i.set_int_ctrl_settings  bmp3.o
    0x08013116   0x08013116   0x0000003a   Code   RO         6110    i.set_normal_mode   bmp3.o
    0x08013150   0x08013150   0x0000008c   Code   RO         6111    i.set_odr_filter_settings  bmp3.o
    0x080131dc   0x080131dc   0x00000048   Code   RO         6112    i.set_pwr_ctrl_settings  bmp3.o
    0x08013224   0x08013224   0x00000014   Code   RO         8303    i.skip              cjson.o
    0x08013238   0x08013238   0x00000006   Code   RO          282    i.sq                hana_math.o
    0x0801323e   0x0801323e   0x0000006e   Code   RO         9089    i.sqrt              m_wm.l(sqrt.o)
    0x080132ac   0x080132ac   0x00000028   Code   RO         6807    i.st_clust          ff.o
    0x080132d4   0x080132d4   0x00000010   Code   RO         6808    i.st_dword          ff.o
    0x080132e4   0x080132e4   0x00000008   Code   RO         6809    i.st_word           ff.o
    0x080132ec   0x080132ec   0x00000088   Code   RO         6810    i.sync_fs           ff.o
    0x08013374   0x08013374   0x00000054   Code   RO         6811    i.sync_window       ff.o
    0x080133c8   0x080133c8   0x00000030   Code   RO         1147    i.uart_printf       usart.o
    0x080133f8   0x080133f8   0x00000036   Code   RO         6812    i.validate          ff.o
    0x0801342e   0x0801342e   0x0000001a   Code   RO         6117    i.validate_normal_mode_settings  bmp3.o
    0x08013448   0x08013448   0x00000044   Code   RO         6118    i.validate_osr_and_odr_settings  bmp3.o
    0x0801348c   0x0801348c   0x0000000e   Code   RO         6119    i.verify_meas_time_and_odr_duration  bmp3.o
    0x0801349a   0x0801349a   0x00000032   Code   RO         6120    i.write_power_mode  bmp3.o
    0x080134cc   0x080134cc   0x0000000e   Data   RO          766    .constdata          main.o
    0x080134da   0x080134da   0x00000008   Data   RO         2681    .constdata          stm32f4xx_hal_dma.o
    0x080134e2   0x080134e2   0x00000010   Data   RO         5811    .constdata          system_stm32f4xx.o
    0x080134f2   0x080134f2   0x00000008   Data   RO         5812    .constdata          system_stm32f4xx.o
    0x080134fa   0x080134fa   0x00000006   PAD
    0x08013500   0x08013500   0x00000020   Data   RO         5959    .constdata          bmp390_task.o
    0x08013520   0x08013520   0x00000048   Data   RO         6121    .constdata          bmp3.o
    0x08013568   0x08013568   0x0000009c   Data   RO         6814    .constdata          ff.o
    0x08013604   0x08013604   0x00000024   Data   RO         7334    .constdata          usbd_storage_if.o
    0x08013628   0x08013628   0x00000007   Data   RO         8306    .constdata          cjson.o
    0x0801362f   0x0801362f   0x00000001   PAD
    0x08013630   0x08013630   0x00000030   Data   RO         8630    .constdata          m_wm.l(expf.o)
    0x08013660   0x08013660   0x00000088   Data   RO         8656    .constdata          m_wm.l(pow.o)
    0x080136e8   0x080136e8   0x00000008   Data   RO         9083    .constdata          m_wm.l(qnan.o)
    0x080136f0   0x080136f0   0x00000020   Data   RO         9085    .constdata          m_wm.l(rredf.o)
    0x08013710   0x08013710   0x00000081   Data   RO         9149    .constdata          mc_w.l(ctype_o.o)
    0x08013791   0x08013791   0x00000003   PAD
    0x08013794   0x08013794   0x00000004   Data   RO         9150    .constdata          mc_w.l(ctype_o.o)
    0x08013798   0x08013798   0x0000020f   Data   RO          632    .conststring        cjson_usr.o
    0x080139a7   0x080139a7   0x00000001   PAD
    0x080139a8   0x080139a8   0x0000004e   Data   RO          694    .conststring        flight_data_manager.o
    0x080139f6   0x080139f6   0x00000002   PAD
    0x080139f8   0x080139f8   0x0000004a   Data   RO         5960    .conststring        bmp390_task.o
    0x08013a42   0x08013a42   0x00000002   PAD
    0x08013a44   0x08013a44   0x00000020   Data   RO         9182    Region$$Table       anon$$obj.o


    Execution Region RW_IRAM1 (Exec base: 0x20000000, Load base: 0x08013a64, Size: 0x00012ea0, Max: 0x0001c000, ABSOLUTE, COMPRESSED[0x000000ec])

    Exec Addr    Load Addr    Size         Type   Attr      Idx    E Section Name        Object

    0x20000000   COMPRESSED   0x00000054   Data   RW           17    .data               angle.o
    0x20000054   COMPRESSED   0x00000018   Data   RW          432    .data               control.o
    0x2000006c   COMPRESSED   0x00000004   Data   RW          633    .data               cjson_usr.o
    0x20000070   COMPRESSED   0x00000010   Data   RW          695    .data               flight_data_manager.o
    0x20000080   COMPRESSED   0x00000004   Data   RW          879    .data               adc.o
    0x20000084   COMPRESSED   0x00000014   Data   RW         1058    .data               tim.o
    0x20000098   COMPRESSED   0x000000a0   Data   RW         1150    .data               usart.o
    0x20000138   COMPRESSED   0x0000000c   Data   RW         3126    .data               stm32f4xx_hal.o
    0x20000144   COMPRESSED   0x00000004   Data   RW         5813    .data               system_stm32f4xx.o
    0x20000148   COMPRESSED   0x00000007   Data   RW         5961    .data               bmp390_task.o
    0x2000014f   COMPRESSED   0x00000001   PAD
    0x20000150   COMPRESSED   0x00000002   Data   RW         6434    .data               w25qxx.o
    0x20000152   COMPRESSED   0x00000002   PAD
    0x20000154   COMPRESSED   0x00000004   Data   RW         6541    .data               delay.o
    0x20000158   COMPRESSED   0x00000001   Data   RW         6587    .data               user_diskio.o
    0x20000159   COMPRESSED   0x00000003   PAD
    0x2000015c   COMPRESSED   0x00000014   Data   RW         6588    .data               user_diskio.o
    0x20000170   COMPRESSED   0x00000006   Data   RW         6652    .data               fatfs.o
    0x20000176   COMPRESSED   0x00000002   PAD
    0x20000178   COMPRESSED   0x00000008   Data   RW         6815    .data               ff.o
    0x20000180   COMPRESSED   0x0000001c   Data   RW         7243    .data               usbd_desc.o
    0x2000019c   COMPRESSED   0x00000032   Data   RW         7244    .data               usbd_desc.o
    0x200001ce   COMPRESSED   0x00000002   PAD
    0x200001d0   COMPRESSED   0x00000020   Data   RW         7335    .data               usbd_storage_if.o
    0x200001f0   COMPRESSED   0x00000001   Data   RW         7772    .data               usbd_ctlreq.o
    0x200001f1   COMPRESSED   0x00000003   PAD
    0x200001f4   COMPRESSED   0x00000038   Data   RW         7930    .data               usbd_msc.o
    0x2000022c   COMPRESSED   0x0000002e   Data   RW         7931    .data               usbd_msc.o
    0x2000025a   COMPRESSED   0x00000006   Data   RW         8081    .data               usbd_msc_data.o
    0x20000260   COMPRESSED   0x00000008   Data   RW         8082    .data               usbd_msc_data.o
    0x20000268   COMPRESSED   0x00000004   Data   RW         8083    .data               usbd_msc_data.o
    0x2000026c   COMPRESSED   0x00000008   Data   RW         8084    .data               usbd_msc_data.o
    0x20000274   COMPRESSED   0x00000008   Data   RW         8085    .data               usbd_msc_data.o
    0x2000027c   COMPRESSED   0x0000000c   Data   RW         8307    .data               cjson.o
    0x20000288   COMPRESSED   0x00000004   Data   RW         9115    .data               mc_w.l(stdout.o)
    0x2000028c   COMPRESSED   0x00000004   Data   RW         9124    .data               mc_w.l(mvars.o)
    0x20000290   COMPRESSED   0x00000004   Data   RW         9125    .data               mc_w.l(mvars.o)
    0x20000294   COMPRESSED   0x00000004   Data   RW         9129    .data               mc_w.l(errno.o)
    0x20000298        -       0x000000b8   Zero   RW           16    .bss                angle.o
    0x20000350        -       0x00000530   Zero   RW          431    .bss                control.o
    0x20000880        -       0x000020f0   Zero   RW          693    .bss                flight_data_manager.o
    0x20002970        -       0x00000032   Zero   RW          764    .bss                main.o
    0x200029a2   COMPRESSED   0x00000002   PAD
    0x200029a4        -       0x00000024   Zero   RW          765    .bss                main.o
    0x200029c8        -       0x00000048   Zero   RW          878    .bss                adc.o
    0x20002a10        -       0x000000d4   Zero   RW          951    .bss                i2c.o
    0x20002ae4        -       0x00000110   Zero   RW         1002    .bss                spi.o
    0x20002bf4        -       0x000001b0   Zero   RW         1056    .bss                tim.o
    0x20002da4        -       0x00000560   Zero   RW         1148    .bss                usart.o
    0x20003304        -       0x0000000e   Zero   RW         5860    .bss                icm42688.o
    0x20003312   COMPRESSED   0x00000006   PAD
    0x20003318        -       0x000000c8   Zero   RW         5958    .bss                bmp390_task.o
    0x200033e0        -       0x00001000   Zero   RW         6433    .bss                w25qxx.o
    0x200043e0        -       0x00001030   Zero   RW         6650    .bss                fatfs.o
    0x20005410        -       0x00000020   Zero   RW         6813    .bss                ff.o
    0x20005430        -       0x0000000c   Zero   RW         7109    .bss                ff_gen_drv.o
    0x2000543c        -       0x000002dc   Zero   RW         7180    .bss                usb_device.o
    0x20005718        -       0x00000200   Zero   RW         7242    .bss                usbd_desc.o
    0x20005918        -       0x0000156c   Zero   RW         7419    .bss                usbd_conf.o
    0x20006e84        -       0x00000018   Zero   RW         8133    .bss                usbd_msc_scsi.o
    0x20006e9c   COMPRESSED   0x00000004   PAD
    0x20006ea0        -       0x00004000   Zero   RW            2    HEAP                startup_stm32f405xx.o
    0x2000aea0        -       0x00008000   Zero   RW            1    STACK               startup_stm32f405xx.o


    Execution Region RW_IRAM2 (Exec base: 0x2001c000, Load base: 0x08013b50, Size: 0x00000000, Max: 0x00004000, ABSOLUTE)

    **** No section assigned to this execution region ****


==============================================================================

Image component sizes


      Code (inc. data)   RO Data    RW Data    ZI Data      Debug   Object Name

       324         42          0          4         72       2515   adc.o
      2604        200          0         84        184     686124   angle.o
      3320        178         72          0          0      38649   bmp3.o
      1240        540        106          7        200      13360   bmp390_task.o
      1956        134          7         12          0      14278   cjson.o
      2032        440        527          4          0       2730   cjson_usr.o
      3384        308          0         24       1328      27658   control.o
       130         10          0          4          0       2143   delay.o
       152         26          0          0          0       3857   diskio.o
       156          4          0          0          0        894   dma.o
       344        174          0          6       4144       2644   fatfs.o
      6092         78        156          8         32      50429   ff.o
        70          6          0          0         12       1687   ff_gen_drv.o
       142          6          0          0          0       2183   filter.o
      1796        670         78         16       8432       9624   flight_data_manager.o
       328         30          0          0          0       1864   gpio.o
        50          4          0          0          0       1203   hana_math.o
       460         80          0          0        212       2661   i2c.o
       952         80          0          0         14      11075   icm42688.o
       620        180         14          0         86      11056   main.o
       670         28          0          0          0       3804   pid.o
       372         46          0          0        272       2687   spi.o
        36          8        392          0      49152        856   startup_stm32f405xx.o
       184         28          0         12          0       9573   stm32f4xx_hal.o
      1184         48          0          0          0       5338   stm32f4xx_hal_adc.o
       226         14          0          0          0      34685   stm32f4xx_hal_cortex.o
      1180         14          8          0          0       8904   stm32f4xx_hal_dma.o
       518         50          0          0          0       3672   stm32f4xx_hal_gpio.o
      6590        100          0          0          0      38106   stm32f4xx_hal_i2c.o
        52          4          0          0          0        898   stm32f4xx_hal_msp.o
      2630         14          0          0          0     690811   stm32f4xx_hal_pcd.o
        76          0          0          0          0       2581   stm32f4xx_hal_pcd_ex.o
      1472         76          0          0          0       6500   stm32f4xx_hal_rcc.o
      2260         28          0          0          0      13343   stm32f4xx_hal_spi.o
      2162        148          0          0          0      18311   stm32f4xx_hal_tim.o
       148         30          0          0          0       2637   stm32f4xx_hal_tim_ex.o
      2428         42          0          0          0      19892   stm32f4xx_hal_uart.o
       366        162          0          0          0      12450   stm32f4xx_it.o
      2798        114          0          0          0      24312   stm32f4xx_ll_usb.o
        16          4         24          4          0       1187   system_stm32f4xx.o
      1748        230          0         20        432       7924   tim.o
      3448        252          0        160       1376      14913   usart.o
        84         18          0          0        732       5755   usb_device.o
       674         22          0          0       5484      18126   usbd_conf.o
      1052          0          0          0          0      16809   usbd_core.o
      1926         30          0          1          0      18464   usbd_ctlreq.o
       354        108          0         78        512       7125   usbd_desc.o
       104          0          0          0          0       3932   usbd_ioreq.o
       832         28          0        102          0      10413   usbd_msc.o
       890         62          0          0          0       8754   usbd_msc_bot.o
         0          0          0         34          0       1041   usbd_msc_data.o
      3328         56          0          0         24      23656   usbd_msc_scsi.o
        82          0         36         32          0       5051   usbd_storage_if.o
       128         12          0         21          0       4672   user_diskio.o
       806         64          0          2       4096       8297   w25qxx.o

    ----------------------------------------------------------------------
     67072       5030       1464        648      76808    1942113   Object Totals
         0          0         32          0          0          0   (incl. Generated)
        96          0         12         13         12          0   (incl. Padding)

    ----------------------------------------------------------------------

      Code (inc. data)   RO Data    RW Data    ZI Data      Debug   Library Member Name

       684         90          0          0          0        208   atan2f.o
       336         56          0          0          0        136   cosf.o
       164         44          0          0          0        620   dunder.o
       488         62         48          0          0        236   expf.o
        44          0          0          0          0        248   fabs.o
        48          0          0          0          0        124   fpclassify.o
        38          0          0          0          0        116   fpclassifyf.o
        60         18          0          0          0        580   funder.o
       248          0          0          0          0        152   poly.o
      3152        296        136          0          0        352   pow.o
         0          0          8          0          0          0   qnan.o
       340         24         32          0          0        160   rredf.o
       400         56          0          0          0        212   sinf.o
       110          0          0          0          0        148   sqrt.o
        58          0          0          0          0        136   sqrtf.o
        86          0          0          0          0          0   __dczerorl2.o
        28          0          0          0          0         68   _chval.o
       158          0          0          0          0         92   _strtoul.o
        26          0          0          0          0         80   atoi.o
         8          4        133          0          0         68   ctype_o.o
         0          0          0          0          0          0   entry.o
         0          0          0          0          0          0   entry10a.o
         0          0          0          0          0          0   entry11a.o
         4          0          0          0          0          0   entry12b.o
         8          4          0          0          0          0   entry2.o
         4          0          0          0          0          0   entry5.o
         0          0          0          0          0          0   entry7b.o
         0          0          0          0          0          0   entry8b.o
         8          4          0          0          0          0   entry9a.o
        20         10          0          4          0        136   errno.o
        30          0          0          0          0          0   handlers.o
        36          8          0          0          0         68   init.o
         0          0          0          0          0          0   iusefp.o
        30          0          0          0          0         68   llshl.o
        36          0          0          0          0         68   llsshr.o
        32          0          0          0          0         68   llushr.o
       188         20          0          0          0        160   malloc.o
        36          0          0          0          0         68   memcpya.o
        36          0          0          0          0        108   memseta.o
         0          0          0          8          0          0   mvars.o
      2344        100          0          0          0        700   printfa.o
       156          0          0          0          0         88   qsort.o
         0          0          0          4          0          0   stdout.o
        24          0          0          0          0         68   strcat.o
        18          0          0          0          0         68   strcpy.o
        14          0          0          0          0         68   strlen.o
        30          0          0          0          0         80   strncmp.o
        24          0          0          0          0         76   strncpy.o
        36          0          0          0          0         80   strstr.o
       112          0          0          0          0         88   strtol.o
        12          0          0          0          0         68   tolower.o
        44          0          0          0          0         80   uidiv.o
        98          0          0          0          0         92   uldiv.o
        48          0          0          0          0         68   cdcmple.o
        48          0          0          0          0         68   cdrcmple.o
        56          0          0          0          0         88   d2f.o
       334          0          0          0          0        148   dadd.o
       222          0          0          0          0        100   ddiv.o
       186          0          0          0          0        176   depilogue.o
        62          0          0          0          0         80   dfixi.o
        48          0          0          0          0         68   dfixul.o
        34          0          0          0          0         76   dflti.o
        40          0          0          0          0         80   dfltl.o
        26          0          0          0          0         76   dfltui.o
        24          0          0          0          0         76   dfltul.o
       228          0          0          0          0         96   dmul.o
        46          0          0          0          0         80   dscalb.o
       162          0          0          0          0        100   dsqrt.o
        38          0          0          0          0         68   f2d.o
       110          0          0          0          0        168   fepilogue.o

    ----------------------------------------------------------------------
     11588        796        360         16          0       7652   Library Totals
        20          0          3          0          0          0   (incl. Padding)

    ----------------------------------------------------------------------

      Code (inc. data)   RO Data    RW Data    ZI Data      Debug   Library Name

      6170        646        224          0          0       3428   m_wm.l
      3686        150        133         16          0       2608   mc_w.l
      1712          0          0          0          0       1616   mf_w.l

    ----------------------------------------------------------------------
     11588        796        360         16          0       7652   Library Totals

    ----------------------------------------------------------------------

==============================================================================


      Code (inc. data)   RO Data    RW Data    ZI Data      Debug   

     78660       5826       1824        664      76808    1890057   Grand Totals
     78660       5826       1824        236      76808    1890057   ELF Image Totals (compressed)
     78660       5826       1824        236          0          0   ROM Totals

==============================================================================

    Total RO  Size (Code + RO Data)                80484 (  78.60kB)
    Total RW  Size (RW Data + ZI Data)             77472 (  75.66kB)
    Total ROM Size (Code + RO Data + RW Data)      80720 (  78.83kB)

==============================================================================

