Component: ARM Compiler 5.06 update 7 (build 960) Tool: armlink [4d3601]

==============================================================================

Section Cross References

    startup_stm32f405xx.o(RESET) refers to startup_stm32f405xx.o(STACK) for __initial_sp
    startup_stm32f405xx.o(RESET) refers to startup_stm32f405xx.o(.text) for Reset_Handler
    startup_stm32f405xx.o(RESET) refers to stm32f4xx_it.o(i.NMI_Handler) for NMI_Handler
    startup_stm32f405xx.o(RESET) refers to stm32f4xx_it.o(i.HardFault_Handler) for HardFault_Handler
    startup_stm32f405xx.o(RESET) refers to stm32f4xx_it.o(i.MemManage_Handler) for MemManage_Handler
    startup_stm32f405xx.o(RESET) refers to stm32f4xx_it.o(i.BusFault_Handler) for BusFault_Handler
    startup_stm32f405xx.o(RESET) refers to stm32f4xx_it.o(i.UsageFault_Handler) for UsageFault_Handler
    startup_stm32f405xx.o(RESET) refers to stm32f4xx_it.o(i.SVC_Handler) for SVC_Handler
    startup_stm32f405xx.o(RESET) refers to stm32f4xx_it.o(i.DebugMon_Handler) for DebugMon_Handler
    startup_stm32f405xx.o(RESET) refers to stm32f4xx_it.o(i.PendSV_Handler) for PendSV_Handler
    startup_stm32f405xx.o(RESET) refers to stm32f4xx_it.o(i.SysTick_Handler) for SysTick_Handler
    startup_stm32f405xx.o(RESET) refers to stm32f4xx_it.o(i.DMA1_Stream0_IRQHandler) for DMA1_Stream0_IRQHandler
    startup_stm32f405xx.o(RESET) refers to stm32f4xx_it.o(i.DMA1_Stream1_IRQHandler) for DMA1_Stream1_IRQHandler
    startup_stm32f405xx.o(RESET) refers to stm32f4xx_it.o(i.DMA1_Stream2_IRQHandler) for DMA1_Stream2_IRQHandler
    startup_stm32f405xx.o(RESET) refers to stm32f4xx_it.o(i.DMA1_Stream3_IRQHandler) for DMA1_Stream3_IRQHandler
    startup_stm32f405xx.o(RESET) refers to stm32f4xx_it.o(i.EXTI9_5_IRQHandler) for EXTI9_5_IRQHandler
    startup_stm32f405xx.o(RESET) refers to stm32f4xx_it.o(i.TIM1_UP_TIM10_IRQHandler) for TIM1_UP_TIM10_IRQHandler
    startup_stm32f405xx.o(RESET) refers to stm32f4xx_it.o(i.I2C1_EV_IRQHandler) for I2C1_EV_IRQHandler
    startup_stm32f405xx.o(RESET) refers to stm32f4xx_it.o(i.USART1_IRQHandler) for USART1_IRQHandler
    startup_stm32f405xx.o(RESET) refers to stm32f4xx_it.o(i.USART3_IRQHandler) for USART3_IRQHandler
    startup_stm32f405xx.o(RESET) refers to stm32f4xx_it.o(i.TIM5_IRQHandler) for TIM5_IRQHandler
    startup_stm32f405xx.o(RESET) refers to stm32f4xx_it.o(i.UART4_IRQHandler) for UART4_IRQHandler
    startup_stm32f405xx.o(RESET) refers to stm32f4xx_it.o(i.DMA2_Stream1_IRQHandler) for DMA2_Stream1_IRQHandler
    startup_stm32f405xx.o(RESET) refers to stm32f4xx_it.o(i.OTG_FS_IRQHandler) for OTG_FS_IRQHandler
    startup_stm32f405xx.o(RESET) refers to stm32f4xx_it.o(i.DMA2_Stream7_IRQHandler) for DMA2_Stream7_IRQHandler
    startup_stm32f405xx.o(RESET) refers to stm32f4xx_it.o(i.USART6_IRQHandler) for USART6_IRQHandler
    startup_stm32f405xx.o(.text) refers to system_stm32f4xx.o(i.SystemInit) for SystemInit
    startup_stm32f405xx.o(.text) refers to entry.o(.ARM.Collect$$$$00000000) for __main
    angle.o(i.IMU_Calibration) refers to icm42688.o(i.icm42688_get_gyro) for icm42688_get_gyro
    angle.o(i.IMU_Calibration) refers to delay.o(i.delay_ms) for delay_ms
    angle.o(i.IMU_Calibration) refers to icm42688.o(i.icm42688_get_acc) for icm42688_get_acc
    angle.o(i.IMU_Calibration) refers to printfa.o(i.__0printf) for __2printf
    angle.o(i.IMU_Calibration) refers to angle.o(.bss) for .bss
    angle.o(i.IMU_Calibration) refers to icm42688.o(.bss) for icm42688_data
    angle.o(i.IMU_Calibration) refers to angle.o(.data) for .data
    angle.o(i.IMU_DataUpdate) refers to icm42688.o(i.icm42688_get_gyro_acc) for icm42688_get_gyro_acc
    angle.o(i.IMU_DataUpdate) refers to icm42688.o(.bss) for icm42688_data
    angle.o(i.IMU_DataUpdate) refers to angle.o(.bss) for .bss
    angle.o(i.IMU_GetAngle) refers to hana_math.o(i.sq) for sq
    angle.o(i.IMU_GetAngle) refers to hana_math.o(i.invSqrt) for invSqrt
    angle.o(i.IMU_GetAngle) refers to f2d.o(.text) for __aeabi_f2d
    angle.o(i.IMU_GetAngle) refers to fabs.o(i.__hardfp_fabs) for __hardfp_fabs
    angle.o(i.IMU_GetAngle) refers to cdrcmple.o(.text) for __aeabi_cdrcmple
    angle.o(i.IMU_GetAngle) refers to asin.o(i.__hardfp_asin) for __hardfp_asin
    angle.o(i.IMU_GetAngle) refers to dmul.o(.text) for __aeabi_dmul
    angle.o(i.IMU_GetAngle) refers to d2f.o(.text) for __aeabi_d2f
    angle.o(i.IMU_GetAngle) refers to atan2f.o(i.__hardfp_atan2f) for __hardfp_atan2f
    angle.o(i.IMU_GetAngle) refers to angle.o(.bss) for .bss
    angle.o(i.IMU_GetAngle) refers to angle.o(.data) for .data
    filter.o(i.Moving_filter) refers to filter.o(.data) for .data
    filter.o(i.Moving_filter) refers to filter.o(.bss) for .bss
    hana_math.o(i.getLeastSquareMethodERROR) refers to hana_math.o(i.sq) for sq
    hana_math.o(i.pythagorous2) refers to hana_math.o(i.sq) for sq
    hana_math.o(i.pythagorous2) refers to sqrtf.o(i.__hardfp_sqrtf) for __hardfp_sqrtf
[...]
    pid_init                                 0x0801105d   Thumb Code    14  pid.o(i.pid_init)
    pid_internal_control                     0x08011079   Thumb Code    58  control.o(i.pid_internal_control)
    sq                                       0x080114d5   Thumb Code     6  hana_math.o(i.sq)
    sqrt                                     0x080114db   Thumb Code   110  sqrt.o(i.sqrt)
    uart_printf                              0x08011665   Thumb Code    44  usart.o(i.uart_printf)
    AHBPrescTable                            0x0801177e   Data          16  system_stm32f4xx.o(.constdata)
    APBPrescTable                            0x0801178e   Data           8  system_stm32f4xx.o(.constdata)
    STORAGE_Inquirydata_FS                   0x0801189c   Data          36  usbd_storage_if.o(.constdata)
    __mathlib_zero                           0x080119a0   Data           8  qnan.o(.constdata)
    Region$$Table$$Base                      0x08011a14   Number         0  anon$$obj.o(Region$$Table)
    Region$$Table$$Limit                     0x08011a34   Number         0  anon$$obj.o(Region$$Table)
    imu_init_success                         0x20000000   Data           1  angle.o(.data)
    ADC1_Value                               0x20000028   Data           4  adc.o(.data)
    tim1_cnt_5ms                             0x2000002c   Data           4  tim.o(.data)
    tim1_cnt_22ms                            0x20000030   Data           4  tim.o(.data)
    tim5_cnt_20ms                            0x20000034   Data           4  tim.o(.data)
    tim5_cnt_100ms                           0x20000038   Data           4  tim.o(.data)
    tim5_cnt_1000ms                          0x2000003c   Data           4  tim.o(.data)
    remote_data_flash                        0x20000040   Data           2  usart.o(.data)
    rx_data_correct_cnt                      0x20000044   Data           4  usart.o(.data)
    rx_data_cnt                              0x20000048   Data           4  usart.o(.data)
    TOF                                      0x20000054   Data          28  usart.o(.data)
    uwTickFreq                               0x20000070   Data           1  stm32f4xx_hal.o(.data)
    uwTickPrio                               0x20000074   Data           4  stm32f4xx_hal.o(.data)
    uwTick                                   0x20000078   Data           4  stm32f4xx_hal.o(.data)
    SystemCoreClock                          0x2000007c   Data           4  system_stm32f4xx.o(.data)
    bmp390_init_success                      0x20000081   Data           1  bmp390_task.o(.data)
    bmp390_data_dma_buf                      0x20000082   Data           6  bmp390_task.o(.data)
    W25QXX_TYPE                              0x20000088   Data           2  w25qxx.o(.data)
    USER_Driver                              0x20000094   Data          20  user_diskio.o(.data)
    my_fatfs_init_success                    0x200000a8   Data           1  fatfs.o(.data)
    retUSER                                  0x200000a9   Data           1  fatfs.o(.data)
    USERPath                                 0x200000aa   Data           4  fatfs.o(.data)
    FS_Desc                                  0x200000b8   Data          28  usbd_desc.o(.data)
    USBD_LangIDDesc                          0x200000d4   Data           4  usbd_desc.o(.data)
    USBD_FS_DeviceDesc                       0x200000d8   Data          18  usbd_desc.o(.data)
    USBD_StringSerial                        0x200000ec   Data          26  usbd_desc.o(.data)
    USBD_Storage_Interface_fops_FS           0x20000108   Data          32  usbd_storage_if.o(.data)
    USBD_MSC                                 0x2000012c   Data          56  usbd_msc.o(.data)
    MSCInEpAdd                               0x20000164   Data           1  usbd_msc.o(.data)
    MSCOutEpAdd                              0x20000165   Data           1  usbd_msc.o(.data)
    MSC_Page00_Inquiry_Data                  0x20000192   Data           6  usbd_msc_data.o(.data)
    MSC_Page80_Inquiry_Data                  0x20000198   Data           8  usbd_msc_data.o(.data)
    MSC_Mode_Sense6_data                     0x200001a0   Data           4  usbd_msc_data.o(.data)
    MSC_Mode_Sense10_data                    0x200001a4   Data           8  usbd_msc_data.o(.data)
    __stdout                                 0x200001b8   Data           4  stdout.o(.data)
    __microlib_freelist                      0x200001bc   Data           4  mvars.o(.data)
    __microlib_freelist_initialised          0x200001c0   Data           4  mvars.o(.data)
    IMU_Data                                 0x200001c8   Data          52  angle.o(.bss)
    Angle_Data                               0x200001fc   Data          12  angle.o(.bss)
    AttitudeControl                          0x20000214   Data         696  control.o(.bss)
    HeightControl                            0x200004cc   Data         164  control.o(.bss)
    aircraft_motor                           0x20000570   Data          20  control.o(.bss)
    PositionControl                          0x20000584   Data         124  control.o(.bss)
    my_remote                                0x20000600   Data          13  main.o(.bss)
    my_aircraft                              0x20000610   Data          32  main.o(.bss)
    hadc1                                    0x20000630   Data          72  adc.o(.bss)
    hi2c1                                    0x20000678   Data          84  i2c.o(.bss)
    hdma_i2c1_rx                             0x200006cc   Data          96  i2c.o(.bss)
    hspi1                                    0x2000072c   Data          88  spi.o(.bss)
    hspi2                                    0x20000784   Data          88  spi.o(.bss)
    htim1                                    0x200007dc   Data          72  tim.o(.bss)
    htim2                                    0x20000824   Data          72  tim.o(.bss)
    htim3                                    0x2000086c   Data          72  tim.o(.bss)
    htim4                                    0x200008b4   Data          72  tim.o(.bss)
    htim5                                    0x200008fc   Data          72  tim.o(.bss)
    UserTxBufferFS                           0x20000944   Data         200  usart.o(.bss)
    huart4                                   0x20000a0c   Data          72  usart.o(.bss)
    huart1                                   0x20000a54   Data          72  usart.o(.bss)
    huart3                                   0x20000a9c   Data          72  usart.o(.bss)
    huart6                                   0x20000ae4   Data          72  usart.o(.bss)
    hdma_uart4_rx                            0x20000b2c   Data          96  usart.o(.bss)
    hdma_usart1_tx                           0x20000b8c   Data          96  usart.o(.bss)
    hdma_usart3_rx                           0x20000bec   Data          96  usart.o(.bss)
    hdma_usart3_tx                           0x20000c4c   Data          96  usart.o(.bss)
    hdma_usart6_rx                           0x20000cac   Data          96  usart.o(.bss)
    uart3_rx_buff                            0x20000d0c   Data         128  usart.o(.bss)
    uart6_rx_buff                            0x20000d8c   Data         128  usart.o(.bss)
    uart4_rx_buff                            0x20000e0c   Data         128  usart.o(.bss)
    OpticalFlow                              0x20000e8c   Data          20  usart.o(.bss)
    remote_data_buf                          0x20000ea0   Data          20  usart.o(.bss)
    icm42688_data                            0x20000eb4   Data          14  icm42688.o(.bss)
    aircraft_BMP390_data                     0x20000ec8   Data          16  bmp390_task.o(.bss)
    dev                                      0x20000ed8   Data         176  bmp390_task.o(.bss)
    W25QXX_BUFFER                            0x20000f88   Data        4096  w25qxx.o(.bss)
    USERFatFS                                0x20001f88   Data        4144  fatfs.o(.bss)
    disk                                     0x20002fd8   Data          12  ff_gen_drv.o(.bss)
    hUsbDeviceFS                             0x20002fe4   Data         732  usb_device.o(.bss)
    USBD_StrDesc                             0x200032c0   Data         512  usbd_desc.o(.bss)
    hpcd_USB_OTG_FS                          0x20004538   Data        1252  usbd_conf.o(.bss)
    __heap_base                              0x20004a20   Data           0  startup_stm32f405xx.o(HEAP)
    __heap_limit                             0x20006a20   Data           0  startup_stm32f405xx.o(HEAP)
    __initial_sp                             0x2000aa20   Data           0  startup_stm32f405xx.o(STACK)



==============================================================================

Memory Map of the image

  Image Entry point : 0x08000189

  Load Region LR_IROM1 (Base: 0x08000000, Size: 0x00011bfc, Max: 0x00100000, ABSOLUTE, COMPRESSED[0x00011b10])

    Execution Region ER_IROM1 (Exec base: 0x08000000, Load base: 0x08000000, Size: 0x00011a34, Max: 0x00100000, ABSOLUTE)

    Exec Addr    Load Addr    Size         Type   Attr      Idx    E Section Name        Object

    0x08000000   0x08000000   0x00000188   Data   RO            3    RESET               startup_stm32f405xx.o
    0x08000188   0x08000188   0x00000000   Code   RO         8480  * .ARM.Collect$$$$00000000  mc_w.l(entry.o)
    0x08000188   0x08000188   0x00000004   Code   RO         8864    .ARM.Collect$$$$00000001  mc_w.l(entry2.o)
    0x0800018c   0x0800018c   0x00000004   Code   RO         8867    .ARM.Collect$$$$00000004  mc_w.l(entry5.o)
    0x08000190   0x08000190   0x00000000   Code   RO         8869    .ARM.Collect$$$$00000008  mc_w.l(entry7b.o)
    0x08000190   0x08000190   0x00000000   Code   RO         8871    .ARM.Collect$$$$0000000A  mc_w.l(entry8b.o)
    0x08000190   0x08000190   0x00000008   Code   RO         8872    .ARM.Collect$$$$0000000B  mc_w.l(entry9a.o)
    0x08000198   0x08000198   0x00000004   Code   RO         8879    .ARM.Collect$$$$0000000E  mc_w.l(entry12b.o)
    0x0800019c   0x0800019c   0x00000000   Code   RO         8874    .ARM.Collect$$$$0000000F  mc_w.l(entry10a.o)
    0x0800019c   0x0800019c   0x00000000   Code   RO         8876    .ARM.Collect$$$$00000011  mc_w.l(entry11a.o)
    0x0800019c   0x0800019c   0x00000004   Code   RO         8865    .ARM.Collect$$$$00002712  mc_w.l(entry2.o)
    0x080001a0   0x080001a0   0x00000024   Code   RO            4    .text               startup_stm32f405xx.o
    0x080001c4   0x080001c4   0x00000062   Code   RO         8483    .text               mc_w.l(uldiv.o)
    0x08000226   0x08000226   0x0000000c   Code   RO         8485    .text               mc_w.l(tolower.o)
    0x08000232   0x08000232   0x00000024   Code   RO         8487    .text               mc_w.l(memcpya.o)
    0x08000256   0x08000256   0x00000024   Code   RO         8489    .text               mc_w.l(memseta.o)
    0x0800027a   0x0800027a   0x0000001e   Code   RO         8497    .text               mc_w.l(strncmp.o)
    0x08000298   0x08000298   0x0000014e   Code   RO         8790    .text               mf_w.l(dadd.o)
    0x080003e6   0x080003e6   0x000000e4   Code   RO         8792    .text               mf_w.l(dmul.o)
    0x080004ca   0x080004ca   0x000000de   Code   RO         8794    .text               mf_w.l(ddiv.o)
    0x080005a8   0x080005a8   0x00000022   Code   RO         8796    .text               mf_w.l(dflti.o)
    0x080005ca   0x080005ca   0x0000001a   Code   RO         8798    .text               mf_w.l(dfltui.o)
    0x080005e4   0x080005e4   0x00000028   Code   RO         8800    .text               mf_w.l(dfltl.o)
    0x0800060c   0x0800060c   0x00000018   Code   RO         8802    .text               mf_w.l(dfltul.o)
    0x08000624   0x08000624   0x0000003e   Code   RO         8804    .text               mf_w.l(dfixi.o)
    0x08000662   0x08000662   0x00000026   Code   RO         8806    .text               mf_w.l(f2d.o)
    0x08000688   0x08000688   0x00000030   Code   RO         8808    .text               mf_w.l(cdcmple.o)
    0x080006b8   0x080006b8   0x00000030   Code   RO         8810    .text               mf_w.l(cdrcmple.o)
    0x080006e8   0x080006e8   0x00000038   Code   RO         8812    .text               mf_w.l(d2f.o)
    0x08000720   0x08000720   0x0000002c   Code   RO         8881    .text               mc_w.l(uidiv.o)
    0x0800074c   0x0800074c   0x0000001e   Code   RO         8883    .text               mc_w.l(llshl.o)
    0x0800076a   0x0800076a   0x00000020   Code   RO         8885    .text               mc_w.l(llushr.o)
    0x0800078a   0x0800078a   0x00000024   Code   RO         8887    .text               mc_w.l(llsshr.o)
    0x080007ae   0x080007ae   0x00000000   Code   RO         8898    .text               mc_w.l(iusefp.o)
    0x080007ae   0x080007ae   0x0000006e   Code   RO         8899    .text               mf_w.l(fepilogue.o)
    0x0800081c   0x0800081c   0x000000ba   Code   RO         8901    .text               mf_w.l(depilogue.o)
    0x080008d6   0x080008d6   0x0000002e   Code   RO         8905    .text               mf_w.l(dscalb.o)
    0x08000904   0x08000904   0x00000030   Code   RO         8907    .text               mf_w.l(dfixul.o)
    0x08000934   0x08000934   0x00000024   Code   RO         8909    .text               mc_w.l(init.o)
    0x08000958   0x08000958   0x000000a2   Code   RO         8911    .text               mf_w.l(dsqrt.o)
    0x080009fa   0x080009fa   0x00000056   Code   RO         8921    .text               mc_w.l(__dczerorl2.o)
    0x08000a50   0x08000a50   0x00000130   Code   RO         3178    i.ADC_Init          stm32f4xx_hal_adc.o
    0x08000b80   0x08000b80   0x000000ec   Code   RO         5757    i.BMP390_Init       bmp390_task.o
    0x08000c6c   0x08000c6c   0x0000001c   Code   RO         1194    i.BusFault_Handler  stm32f4xx_it.o
    0x08000c88   0x08000c88   0x0000000c   Code   RO         1195    i.DMA1_Stream0_IRQHandler  stm32f4xx_it.o
    0x08000c94   0x08000c94   0x0000000c   Code   RO         1196    i.DMA1_Stream1_IRQHandler  stm32f4xx_it.o
    0x08000ca0   0x08000ca0   0x0000000c   Code   RO         1197    i.DMA1_Stream2_IRQHandler  stm32f4xx_it.o
    0x08000cac   0x08000cac   0x0000000c   Code   RO         1198    i.DMA1_Stream3_IRQHandler  stm32f4xx_it.o
    0x08000cb8   0x08000cb8   0x0000000c   Code   RO         1199    i.DMA2_Stream1_IRQHandler  stm32f4xx_it.o
    0x08000cc4   0x08000cc4   0x0000000c   Code   RO         1200    i.DMA2_Stream7_IRQHandler  stm32f4xx_it.o
    0x08000cd0   0x08000cd0   0x0000002c   Code   RO         2484    i.DMA_CalcBaseAndBitshift  stm32f4xx_hal_dma.o
    0x08000cfc   0x08000cfc   0x00000078   Code   RO         2485    i.DMA_CheckFifoParam  stm32f4xx_hal_dma.o
    0x08000d74   0x08000d74   0x0000002a   Code   RO         2486    i.DMA_SetConfig     stm32f4xx_hal_dma.o
    0x08000d9e   0x08000d9e   0x00000002   Code   RO         1201    i.DebugMon_Handler  stm32f4xx_it.o
    0x08000da0   0x08000da0   0x0000001c   Code   RO         1202    i.EXTI9_5_IRQHandler  stm32f4xx_it.o
    0x08000dbc   0x08000dbc   0x0000003c   Code   RO          697    i.Error_Handler     main.o
    0x08000df8   0x08000df8   0x00000006   Code   RO         6907    i.FATFS_LinkDriver  ff_gen_drv.o
    0x08000dfe   0x08000dfe   0x00000002   PAD
    0x08000e00   0x08000e00   0x00000040   Code   RO         6908    i.FATFS_LinkDriverEx  ff_gen_drv.o
    0x08000e40   0x08000e40   0x00000038   Code   RO         7035    i.Get_SerialNum     usbd_desc.o
    0x08000e78   0x08000e78   0x00000158   Code   RO         3180    i.HAL_ADC_ConfigChannel  stm32f4xx_hal_adc.o
    0x08000fd0   0x08000fd0   0x00000006   Code   RO         3187    i.HAL_ADC_GetValue  stm32f4xx_hal_adc.o
    0x08000fd6   0x08000fd6   0x00000054   Code   RO         3189    i.HAL_ADC_Init      stm32f4xx_hal_adc.o
    0x0800102a   0x0800102a   0x00000002   PAD
    0x0800102c   0x0800102c   0x00000060   Code   RO          825    i.HAL_ADC_MspInit   adc.o
    0x0800108c   0x0800108c   0x000000aa   Code   RO         3193    i.HAL_ADC_PollForConversion  stm32f4xx_hal_adc.o
    0x08001136   0x08001136   0x00000002   PAD
    0x08001138   0x08001138   0x00000114   Code   RO         3195    i.HAL_ADC_Start     stm32f4xx_hal_adc.o
    0x0800124c   0x0800124c   0x0000008e   Code   RO         2487    i.HAL_DMA_Abort     stm32f4xx_hal_dma.o
    0x080012da   0x080012da   0x00000024   Code   RO         2488    i.HAL_DMA_Abort_IT  stm32f4xx_hal_dma.o
    0x080012fe   0x080012fe   0x00000004   Code   RO         2490    i.HAL_DMA_GetError  stm32f4xx_hal_dma.o
    0x08001302   0x08001302   0x00000006   Code   RO         2491    i.HAL_DMA_GetState  stm32f4xx_hal_dma.o
    0x08001308   0x08001308   0x000001d0   Code   RO         2492    i.HAL_DMA_IRQHandler  stm32f4xx_hal_dma.o
    0x080014d8   0x080014d8   0x000000d4   Code   RO         2493    i.HAL_DMA_Init      stm32f4xx_hal_dma.o
    0x080015ac   0x080015ac   0x0000006e   Code   RO         2497    i.HAL_DMA_Start_IT  stm32f4xx_hal_dma.o
    0x0800161a   0x0800161a   0x00000002   PAD
    0x0800161c   0x0800161c   0x00000024   Code   RO         2924    i.HAL_Delay         stm32f4xx_hal.o
    0x08001640   0x08001640   0x00000044   Code   RO          794    i.HAL_GPIO_EXTI_Callback  gpio.o
    0x08001684   0x08001684   0x00000018   Code   RO         2379    i.HAL_GPIO_EXTI_IRQHandler  stm32f4xx_hal_gpio.o
    0x0800169c   0x0800169c   0x000001d0   Code   RO         2380    i.HAL_GPIO_Init     stm32f4xx_hal_gpio.o
    0x0800186c   0x0800186c   0x00000010   Code   RO         2383    i.HAL_GPIO_TogglePin  stm32f4xx_hal_gpio.o
    0x0800187c   0x0800187c   0x0000000e   Code   RO         2384    i.HAL_GPIO_WritePin  stm32f4xx_hal_gpio.o
    0x0800188a   0x0800188a   0x00000002   PAD
    0x0800188c   0x0800188c   0x0000000c   Code   RO         2930    i.HAL_GetTick       stm32f4xx_hal.o
    0x08001898   0x08001898   0x00000002   Code   RO         3453    i.HAL_I2C_AbortCpltCallback  stm32f4xx_hal_i2c.o
    0x0800189a   0x0800189a   0x00000002   Code   RO         3454    i.HAL_I2C_AddrCallback  stm32f4xx_hal_i2c.o
    0x0800189c   0x0800189c   0x0000019c   Code   RO         3458    i.HAL_I2C_EV_IRQHandler  stm32f4xx_hal_i2c.o
    0x08001a38   0x08001a38   0x00000002   Code   RO         3460    i.HAL_I2C_ErrorCallback  stm32f4xx_hal_i2c.o
    0x08001a3a   0x08001a3a   0x00000002   PAD
    0x08001a3c   0x08001a3c   0x00000198   Code   RO         3464    i.HAL_I2C_Init      stm32f4xx_hal_i2c.o
    0x08001bd4   0x08001bd4   0x00000002   Code   RO         3466    i.HAL_I2C_ListenCpltCallback  stm32f4xx_hal_i2c.o
    0x08001bd6   0x08001bd6   0x00000002   PAD
    0x08001bd8   0x08001bd8   0x00000034   Code   RO          897    i.HAL_I2C_MasterRxCpltCallback  i2c.o
    0x08001c0c   0x08001c0c   0x00000002   Code   RO         3468    i.HAL_I2C_MasterTxCpltCallback  stm32f4xx_hal_i2c.o
    0x08001c0e   0x08001c0e   0x00000002   PAD
    0x08001c10   0x08001c10   0x000002a0   Code   RO         3470    i.HAL_I2C_Master_Receive  stm32f4xx_hal_i2c.o
    0x08001eb0   0x08001eb0   0x00000160   Code   RO         3471    i.HAL_I2C_Master_Receive_DMA  stm32f4xx_hal_i2c.o
    0x08002010   0x08002010   0x00000148   Code   RO         3477    i.HAL_I2C_Master_Transmit  stm32f4xx_hal_i2c.o
    0x08002158   0x08002158   0x00000002   Code   RO         3480    i.HAL_I2C_MemRxCpltCallback  stm32f4xx_hal_i2c.o
    0x0800215a   0x0800215a   0x00000002   Code   RO         3481    i.HAL_I2C_MemTxCpltCallback  stm32f4xx_hal_i2c.o
    0x0800215c   0x0800215c   0x000000b0   Code   RO          899    i.HAL_I2C_MspInit   i2c.o
    0x0800220c   0x0800220c   0x00000002   Code   RO         3490    i.HAL_I2C_SlaveRxCpltCallback  stm32f4xx_hal_i2c.o
    0x0800220e   0x0800220e   0x00000002   Code   RO         3491    i.HAL_I2C_SlaveTxCpltCallback  stm32f4xx_hal_i2c.o
    0x08002210   0x08002210   0x00000010   Code   RO         2936    i.HAL_IncTick       stm32f4xx_hal.o
    0x08002220   0x08002220   0x00000034   Code   RO         2937    i.HAL_Init          stm32f4xx_hal.o
    0x08002254   0x08002254   0x00000044   Code   RO         2938    i.HAL_InitTick      stm32f4xx_hal.o
    0x08002298   0x08002298   0x00000034   Code   RO         1360    i.HAL_MspInit       stm32f4xx_hal_msp.o
    0x080022cc   0x080022cc   0x0000001a   Code   RO         2772    i.HAL_NVIC_EnableIRQ  stm32f4xx_hal_cortex.o
    0x080022e6   0x080022e6   0x00000002   PAD
    0x080022e8   0x080022e8   0x00000040   Code   RO         2778    i.HAL_NVIC_SetPriority  stm32f4xx_hal_cortex.o
    0x08002328   0x08002328   0x00000024   Code   RO         2779    i.HAL_NVIC_SetPriorityGrouping  stm32f4xx_hal_cortex.o
    0x0800234c   0x0800234c   0x00000002   Code   RO         1628    i.HAL_PCDEx_LPM_Callback  stm32f4xx_hal_pcd_ex.o
    0x0800234e   0x0800234e   0x00000008   Code   RO         1629    i.HAL_PCDEx_SetRxFiFo  stm32f4xx_hal_pcd_ex.o
    0x08002356   0x08002356   0x00000042   Code   RO         1630    i.HAL_PCDEx_SetTxFiFo  stm32f4xx_hal_pcd_ex.o
    0x08002398   0x08002398   0x00000008   Code   RO         7190    i.HAL_PCD_ConnectCallback  usbd_conf.o
    0x080023a0   0x080023a0   0x00000012   Code   RO         7191    i.HAL_PCD_DataInStageCallback  usbd_conf.o
    0x080023b2   0x080023b2   0x00000014   Code   RO         7192    i.HAL_PCD_DataOutStageCallback  usbd_conf.o
    0x080023c6   0x080023c6   0x00000008   Code   RO         7193    i.HAL_PCD_DisconnectCallback  usbd_conf.o
    0x080023ce   0x080023ce   0x0000001e   Code   RO         1393    i.HAL_PCD_EP_Abort  stm32f4xx_hal_pcd.o
    0x080023ec   0x080023ec   0x00000048   Code   RO         1394    i.HAL_PCD_EP_Close  stm32f4xx_hal_pcd.o
    0x08002434   0x08002434   0x00000058   Code   RO         1395    i.HAL_PCD_EP_ClrStall  stm32f4xx_hal_pcd.o
    0x0800248c   0x0800248c   0x00000034   Code   RO         1396    i.HAL_PCD_EP_Flush  stm32f4xx_hal_pcd.o
    0x080024c0   0x080024c0   0x00000012   Code   RO         1397    i.HAL_PCD_EP_GetRxCount  stm32f4xx_hal_pcd.o
    0x080024d2   0x080024d2   0x00000060   Code   RO         1398    i.HAL_PCD_EP_Open   stm32f4xx_hal_pcd.o
    0x08002532   0x08002532   0x00000032   Code   RO         1399    i.HAL_PCD_EP_Receive  stm32f4xx_hal_pcd.o
    0x08002564   0x08002564   0x00000070   Code   RO         1400    i.HAL_PCD_EP_SetStall  stm32f4xx_hal_pcd.o
    0x080025d4   0x080025d4   0x00000032   Code   RO         1401    i.HAL_PCD_EP_Transmit  stm32f4xx_hal_pcd.o
    0x08002606   0x08002606   0x00000508   Code   RO         1403    i.HAL_PCD_IRQHandler  stm32f4xx_hal_pcd.o
    0x08002b0e   0x08002b0e   0x00000008   Code   RO         7194    i.HAL_PCD_ISOINIncompleteCallback  usbd_conf.o
    0x08002b16   0x08002b16   0x00000008   Code   RO         7195    i.HAL_PCD_ISOOUTIncompleteCallback  usbd_conf.o
    0x08002b1e   0x08002b1e   0x000000d6   Code   RO         1406    i.HAL_PCD_Init      stm32f4xx_hal_pcd.o
    0x08002bf4   0x08002bf4   0x00000084   Code   RO         7197    i.HAL_PCD_MspInit   usbd_conf.o
    0x08002c78   0x08002c78   0x0000002e   Code   RO         7198    i.HAL_PCD_ResetCallback  usbd_conf.o
    0x08002ca6   0x08002ca6   0x00000008   Code   RO         7199    i.HAL_PCD_ResumeCallback  usbd_conf.o
    0x08002cae   0x08002cae   0x00000008   Code   RO         7200    i.HAL_PCD_SOFCallback  usbd_conf.o
    0x08002cb6   0x08002cb6   0x00000026   Code   RO         1412    i.HAL_PCD_SetAddress  stm32f4xx_hal_pcd.o
    0x08002cdc   0x08002cdc   0x0000000e   Code   RO         7201    i.HAL_PCD_SetupStageCallback  usbd_conf.o
    0x08002cea   0x08002cea   0x00000042   Code   RO         1415    i.HAL_PCD_Start     stm32f4xx_hal_pcd.o
    0x08002d2c   0x08002d2c   0x00000030   Code   RO         7202    i.HAL_PCD_SuspendCallback  usbd_conf.o
    0x08002d5c   0x08002d5c   0x0000014c   Code   RO         1981    i.HAL_RCC_ClockConfig  stm32f4xx_hal_rcc.o
    0x08002ea8   0x08002ea8   0x0000000c   Code   RO         1986    i.HAL_RCC_GetHCLKFreq  stm32f4xx_hal_rcc.o
    0x08002eb4   0x08002eb4   0x00000020   Code   RO         1988    i.HAL_RCC_GetPCLK1Freq  stm32f4xx_hal_rcc.o
    0x08002ed4   0x08002ed4   0x00000020   Code   RO         1989    i.HAL_RCC_GetPCLK2Freq  stm32f4xx_hal_rcc.o
    0x08002ef4   0x08002ef4   0x00000068   Code   RO         1990    i.HAL_RCC_GetSysClockFreq  stm32f4xx_hal_rcc.o
    0x08002f5c   0x08002f5c   0x000003c0   Code   RO         1993    i.HAL_RCC_OscConfig  stm32f4xx_hal_rcc.o
    0x0800331c   0x0800331c   0x000000be   Code   RO         3959    i.HAL_SPI_Init      stm32f4xx_hal_spi.o
    0x080033da   0x080033da   0x00000002   PAD
    0x080033dc   0x080033dc   0x000000b4   Code   RO          949    i.HAL_SPI_MspInit   spi.o
    0x08003490   0x08003490   0x0000015a   Code   RO         3962    i.HAL_SPI_Receive   stm32f4xx_hal_spi.o
    0x080035ea   0x080035ea   0x00000192   Code   RO         3967    i.HAL_SPI_Transmit  stm32f4xx_hal_spi.o
    0x0800377c   0x0800377c   0x000001fa   Code   RO         3968    i.HAL_SPI_TransmitReceive  stm32f4xx_hal_spi.o
    0x08003976   0x08003976   0x0000001c   Code   RO         2781    i.HAL_SYSTICK_CLKSourceConfig  stm32f4xx_hal_cortex.o
    0x08003992   0x08003992   0x00000028   Code   RO         2783    i.HAL_SYSTICK_Config  stm32f4xx_hal_cortex.o
    0x080039ba   0x080039ba   0x00000002   Code   RO         4987    i.HAL_TIMEx_BreakCallback  stm32f4xx_hal_tim_ex.o
    0x080039bc   0x080039bc   0x00000002   Code   RO         4988    i.HAL_TIMEx_CommutCallback  stm32f4xx_hal_tim_ex.o
    0x080039be   0x080039be   0x00000002   PAD
    0x080039c0   0x080039c0   0x00000090   Code   RO         5006    i.HAL_TIMEx_MasterConfigSynchronization  stm32f4xx_hal_tim_ex.o
    0x08003a50   0x08003a50   0x0000004a   Code   RO         4272    i.HAL_TIM_Base_Init  stm32f4xx_hal_tim.o
    0x08003a9a   0x08003a9a   0x00000002   PAD
    0x08003a9c   0x08003a9c   0x000000bc   Code   RO          997    i.HAL_TIM_Base_MspInit  tim.o
    0x08003b58   0x08003b58   0x0000008c   Code   RO         4277    i.HAL_TIM_Base_Start_IT  stm32f4xx_hal_tim.o
    0x08003be4   0x08003be4   0x000000e8   Code   RO         4281    i.HAL_TIM_ConfigClockSource  stm32f4xx_hal_tim.o
    0x08003ccc   0x08003ccc   0x00000002   Code   RO         4306    i.HAL_TIM_IC_CaptureCallback  stm32f4xx_hal_tim.o
    0x08003cce   0x08003cce   0x00000138   Code   RO         4320    i.HAL_TIM_IRQHandler  stm32f4xx_hal_tim.o
    0x08003e06   0x08003e06   0x00000002   PAD
    0x08003e08   0x08003e08   0x000000b0   Code   RO          998    i.HAL_TIM_MspPostInit  tim.o
    0x08003eb8   0x08003eb8   0x00000002   Code   RO         4323    i.HAL_TIM_OC_DelayElapsedCallback  stm32f4xx_hal_tim.o
    0x08003eba   0x08003eba   0x000000d8   Code   RO         4344    i.HAL_TIM_PWM_ConfigChannel  stm32f4xx_hal_tim.o
    0x08003f92   0x08003f92   0x0000004a   Code   RO         4347    i.HAL_TIM_PWM_Init  stm32f4xx_hal_tim.o
    0x08003fdc   0x08003fdc   0x00000002   Code   RO         4349    i.HAL_TIM_PWM_MspInit  stm32f4xx_hal_tim.o
    0x08003fde   0x08003fde   0x00000002   Code   RO         4350    i.HAL_TIM_PWM_PulseFinishedCallback  stm32f4xx_hal_tim.o
    0x08003fe0   0x08003fe0   0x000000dc   Code   RO         4352    i.HAL_TIM_PWM_Start  stm32f4xx_hal_tim.o
    0x080040bc   0x080040bc   0x0000007c   Code   RO         4355    i.HAL_TIM_PWM_Stop  stm32f4xx_hal_tim.o
    0x08004138   0x08004138   0x00000230   Code   RO          999    i.HAL_TIM_PeriodElapsedCallback  tim.o
    0x08004368   0x08004368   0x00000002   Code   RO         4363    i.HAL_TIM_TriggerCallback  stm32f4xx_hal_tim.o
    0x0800436a   0x0800436a   0x00000056   Code   RO         5264    i.HAL_UARTEx_ReceiveToIdle_DMA  stm32f4xx_hal_uart.o
    0x080043c0   0x080043c0   0x0000006c   Code   RO         1077    i.HAL_UARTEx_RxEventCallback  usart.o
    0x0800442c   0x0800442c   0x00000002   Code   RO         5280    i.HAL_UART_ErrorCallback  stm32f4xx_hal_uart.o
    0x0800442e   0x0800442e   0x00000002   PAD
    0x08004430   0x08004430   0x00000230   Code   RO         5283    i.HAL_UART_IRQHandler  stm32f4xx_hal_uart.o
    0x08004660   0x08004660   0x00000066   Code   RO         5284    i.HAL_UART_Init     stm32f4xx_hal_uart.o
    0x080046c6   0x080046c6   0x00000002   PAD
    0x080046c8   0x080046c8   0x00000318   Code   RO         1079    i.HAL_UART_MspInit  usart.o
    0x080049e0   0x080049e0   0x0000001c   Code   RO         5288    i.HAL_UART_Receive_DMA  stm32f4xx_hal_uart.o
    0x080049fc   0x080049fc   0x0000029c   Code   RO         1080    i.HAL_UART_RxCpltCallback  usart.o
    0x08004c98   0x08004c98   0x00000002   Code   RO         5291    i.HAL_UART_RxHalfCpltCallback  stm32f4xx_hal_uart.o
    0x08004c9a   0x08004c9a   0x000000ae   Code   RO         5292    i.HAL_UART_Transmit  stm32f4xx_hal_uart.o
    0x08004d48   0x08004d48   0x0000007c   Code   RO         5293    i.HAL_UART_Transmit_DMA  stm32f4xx_hal_uart.o
    0x08004dc4   0x08004dc4   0x00000002   Code   RO         5295    i.HAL_UART_TxCpltCallback  stm32f4xx_hal_uart.o
    0x08004dc6   0x08004dc6   0x00000002   Code   RO         5296    i.HAL_UART_TxHalfCpltCallback  stm32f4xx_hal_uart.o
    0x08004dc8   0x08004dc8   0x0000001c   Code   RO         1203    i.HardFault_Handler  stm32f4xx_it.o
    0x08004de4   0x08004de4   0x0000000c   Code   RO         1204    i.I2C1_EV_IRQHandler  stm32f4xx_it.o
    0x08004df0   0x08004df0   0x0000001c   Code   RO         3502    i.I2C_ConvertOtherXferOptions  stm32f4xx_hal_i2c.o
    0x08004e0c   0x08004e0c   0x000000bc   Code   RO         3503    i.I2C_DMAAbort      stm32f4xx_hal_i2c.o
    0x08004ec8   0x08004ec8   0x00000046   Code   RO         3504    i.I2C_DMAError      stm32f4xx_hal_i2c.o
    0x08004f0e   0x08004f0e   0x0000011c   Code   RO         3505    i.I2C_DMAXferCplt   stm32f4xx_hal_i2c.o
    0x0800502a   0x0800502a   0x00000010   Code   RO         3506    i.I2C_Flush_DR      stm32f4xx_hal_i2c.o
    0x0800503a   0x0800503a   0x00000002   PAD
    0x0800503c   0x0800503c   0x0000015c   Code   RO         3507    i.I2C_ITError       stm32f4xx_hal_i2c.o
    0x08005198   0x08005198   0x0000002e   Code   RO         3508    i.I2C_IsAcknowledgeFailed  stm32f4xx_hal_i2c.o
    0x080051c6   0x080051c6   0x0000010c   Code   RO         3509    i.I2C_MasterReceive_BTF  stm32f4xx_hal_i2c.o
    0x080052d2   0x080052d2   0x000000ea   Code   RO         3510    i.I2C_MasterReceive_RXNE  stm32f4xx_hal_i2c.o
    0x080053bc   0x080053bc   0x00000114   Code   RO         3511    i.I2C_MasterRequestRead  stm32f4xx_hal_i2c.o
    0x080054d0   0x080054d0   0x000000b0   Code   RO         3512    i.I2C_MasterRequestWrite  stm32f4xx_hal_i2c.o
    0x08005580   0x08005580   0x0000008a   Code   RO         3513    i.I2C_MasterTransmit_BTF  stm32f4xx_hal_i2c.o
    0x0800560a   0x0800560a   0x000000be   Code   RO         3514    i.I2C_MasterTransmit_TXE  stm32f4xx_hal_i2c.o
    0x080056c8   0x080056c8   0x0000002a   Code   RO         3515    i.I2C_Master_ADD10  stm32f4xx_hal_i2c.o
    0x080056f2   0x080056f2   0x00000002   PAD
    0x080056f4   0x080056f4   0x00000194   Code   RO         3516    i.I2C_Master_ADDR   stm32f4xx_hal_i2c.o
    0x08005888   0x08005888   0x000000a0   Code   RO         3517    i.I2C_Master_SB     stm32f4xx_hal_i2c.o
    0x08005928   0x08005928   0x000000be   Code   RO         3518    i.I2C_MemoryTransmit_TXE_BTF  stm32f4xx_hal_i2c.o
    0x080059e6   0x080059e6   0x0000001c   Code   RO         3521    i.I2C_SlaveReceive_BTF  stm32f4xx_hal_i2c.o
    0x08005a02   0x08005a02   0x00000044   Code   RO         3522    i.I2C_SlaveReceive_RXNE  stm32f4xx_hal_i2c.o
    0x08005a46   0x08005a46   0x0000001c   Code   RO         3523    i.I2C_SlaveTransmit_BTF  stm32f4xx_hal_i2c.o
    0x08005a62   0x08005a62   0x00000044   Code   RO         3524    i.I2C_SlaveTransmit_TXE  stm32f4xx_hal_i2c.o
    0x08005aa6   0x08005aa6   0x00000048   Code   RO         3525    i.I2C_Slave_ADDR    stm32f4xx_hal_i2c.o
    0x08005aee   0x08005aee   0x00000002   PAD
    0x08005af0   0x08005af0   0x00000160   Code   RO         3527    i.I2C_Slave_STOPF   stm32f4xx_hal_i2c.o
    0x08005c50   0x08005c50   0x00000058   Code   RO         3528    i.I2C_WaitOnBTFFlagUntilTimeout  stm32f4xx_hal_i2c.o
    0x08005ca8   0x08005ca8   0x000000ac   Code   RO         3529    i.I2C_WaitOnFlagUntilTimeout  stm32f4xx_hal_i2c.o
    0x08005d54   0x08005d54   0x000000c8   Code   RO         3530    i.I2C_WaitOnMasterAddressFlagUntilTimeout  stm32f4xx_hal_i2c.o
    0x08005e1c   0x08005e1c   0x00000076   Code   RO         3531    i.I2C_WaitOnRXNEFlagUntilTimeout  stm32f4xx_hal_i2c.o
    0x08005e92   0x08005e92   0x00000002   PAD
    0x08005e94   0x08005e94   0x0000003c   Code   RO         3533    i.I2C_WaitOnSTOPRequestThroughIT  stm32f4xx_hal_i2c.o
    0x08005ed0   0x08005ed0   0x00000058   Code   RO         3534    i.I2C_WaitOnTXEFlagUntilTimeout  stm32f4xx_hal_i2c.o
    0x08005f28   0x08005f28   0x000004d4   Code   RO           13    i.IMU_Calibration   angle.o
    0x080063fc   0x080063fc   0x00000080   Code   RO           14    i.IMU_DataUpdate    angle.o
    0x0800647c   0x0800647c   0x00000420   Code   RO           15    i.IMU_GetAngle      angle.o
    0x0800689c   0x0800689c   0x0000003a   Code   RO         7036    i.IntToUnicode      usbd_desc.o
    0x080068d6   0x080068d6   0x00000002   PAD
    0x080068d8   0x080068d8   0x00000060   Code   RO         7807    i.MSC_BOT_Abort     usbd_msc_bot.o
    0x08006938   0x08006938   0x000000c0   Code   RO         7808    i.MSC_BOT_CBW_Decode  usbd_msc_bot.o
    0x080069f8   0x080069f8   0x00000050   Code   RO         7809    i.MSC_BOT_CplClrFeature  usbd_msc_bot.o
    0x08006a48   0x08006a48   0x00000050   Code   RO         7810    i.MSC_BOT_DataIn    usbd_msc_bot.o
    0x08006a98   0x08006a98   0x00000048   Code   RO         7811    i.MSC_BOT_DataOut   usbd_msc_bot.o
    0x08006ae0   0x08006ae0   0x00000016   Code   RO         7812    i.MSC_BOT_DeInit    usbd_msc_bot.o
    0x08006af6   0x08006af6   0x00000002   PAD
    0x08006af8   0x08006af8   0x00000068   Code   RO         7813    i.MSC_BOT_Init      usbd_msc_bot.o
    0x08006b60   0x08006b60   0x00000050   Code   RO         7814    i.MSC_BOT_Reset     usbd_msc_bot.o
    0x08006bb0   0x08006bb0   0x0000005c   Code   RO         7815    i.MSC_BOT_SendCSW   usbd_msc_bot.o
    0x08006c0c   0x08006c0c   0x00000044   Code   RO         7816    i.MSC_BOT_SendData  usbd_msc_bot.o
    0x08006c50   0x08006c50   0x00000080   Code   RO          826    i.MX_ADC1_Init      adc.o
    0x08006cd0   0x08006cd0   0x0000008c   Code   RO          873    i.MX_DMA_Init       dma.o
    0x08006d5c   0x08006d5c   0x00000050   Code   RO         6448    i.MX_FATFS_Init     fatfs.o
    0x08006dac   0x08006dac   0x00000100   Code   RO          795    i.MX_GPIO_Init      gpio.o
    0x08006eac   0x08006eac   0x00000040   Code   RO          900    i.MX_I2C1_Init      i2c.o
    0x08006eec   0x08006eec   0x00000048   Code   RO          950    i.MX_SPI1_Init      spi.o
    0x08006f34   0x08006f34   0x00000044   Code   RO          951    i.MX_SPI2_Init      spi.o
    0x08006f78   0x08006f78   0x00000068   Code   RO         1000    i.MX_TIM1_Init      tim.o
    0x08006fe0   0x08006fe0   0x000000a4   Code   RO         1001    i.MX_TIM2_Init      tim.o
    0x08007084   0x08007084   0x00000098   Code   RO         1002    i.MX_TIM3_Init      tim.o
    0x0800711c   0x0800711c   0x00000098   Code   RO         1003    i.MX_TIM4_Init      tim.o
    0x080071b4   0x080071b4   0x00000068   Code   RO         1004    i.MX_TIM5_Init      tim.o
    0x0800721c   0x0800721c   0x00000038   Code   RO         1081    i.MX_UART4_Init     usart.o
    0x08007254   0x08007254   0x00000038   Code   RO         1082    i.MX_USART1_UART_Init  usart.o
    0x0800728c   0x0800728c   0x00000038   Code   RO         1083    i.MX_USART3_UART_Init  usart.o
    0x080072c4   0x080072c4   0x00000038   Code   RO         1084    i.MX_USART6_UART_Init  usart.o
    0x080072fc   0x080072fc   0x00000054   Code   RO         6981    i.MX_USB_DEVICE_Init  usb_device.o
    0x08007350   0x08007350   0x00000002   Code   RO         1205    i.MemManage_Handler  stm32f4xx_it.o
    0x08007352   0x08007352   0x00000002   Code   RO         1206    i.NMI_Handler       stm32f4xx_it.o
    0x08007354   0x08007354   0x0000000c   Code   RO         1207    i.OTG_FS_IRQHandler  stm32f4xx_it.o
    0x08007360   0x08007360   0x000000a8   Code   RO         1085    i.OpticalFlow_get_data  usart.o
    0x08007408   0x08007408   0x00000048   Code   RO         1419    i.PCD_EP_OutSetupPacket_int  stm32f4xx_hal_pcd.o
    0x08007450   0x08007450   0x000000e4   Code   RO         1420    i.PCD_EP_OutXfrComplete_int  stm32f4xx_hal_pcd.o
    0x08007534   0x08007534   0x0000009c   Code   RO         1421    i.PCD_WriteEmptyTxFifo  stm32f4xx_hal_pcd.o
    0x080075d0   0x080075d0   0x00000002   Code   RO         1208    i.PendSV_Handler    stm32f4xx_it.o
    0x080075d2   0x080075d2   0x00000032   Code   RO         7910    i.SCSI_AllowPreventRemovable  usbd_msc_scsi.o
    0x08007604   0x08007604   0x00000036   Code   RO         7911    i.SCSI_CheckAddressRange  usbd_msc_scsi.o
    0x0800763a   0x0800763a   0x00000002   PAD
    0x0800763c   0x0800763c   0x00000098   Code   RO         7912    i.SCSI_Inquiry      usbd_msc_scsi.o
    0x080076d4   0x080076d4   0x0000004c   Code   RO         7913    i.SCSI_ModeSense10  usbd_msc_scsi.o
    0x08007720   0x08007720   0x0000004c   Code   RO         7914    i.SCSI_ModeSense6   usbd_msc_scsi.o
    0x0800776c   0x0800776c   0x000000ea   Code   RO         7915    i.SCSI_ProcessCmd   usbd_msc_scsi.o
    0x08007856   0x08007856   0x00000002   PAD
    0x08007858   0x08007858   0x000000a0   Code   RO         7916    i.SCSI_ProcessRead  usbd_msc_scsi.o
    0x080078f8   0x080078f8   0x000000ac   Code   RO         7917    i.SCSI_ProcessWrite  usbd_msc_scsi.o
    0x080079a4   0x080079a4   0x000000dc   Code   RO         7918    i.SCSI_Read10       usbd_msc_scsi.o
    0x08007a80   0x08007a80   0x000000e8   Code   RO         7919    i.SCSI_Read12       usbd_msc_scsi.o
    0x08007b68   0x08007b68   0x00000080   Code   RO         7920    i.SCSI_ReadCapacity10  usbd_msc_scsi.o
    0x08007be8   0x08007be8   0x000000ba   Code   RO         7921    i.SCSI_ReadCapacity16  usbd_msc_scsi.o
    0x08007ca2   0x08007ca2   0x0000008c   Code   RO         7922    i.SCSI_ReadFormatCapacity  usbd_msc_scsi.o
    0x08007d2e   0x08007d2e   0x0000008a   Code   RO         7923    i.SCSI_RequestSense  usbd_msc_scsi.o
    0x08007db8   0x08007db8   0x00000058   Code   RO         7924    i.SCSI_SenseCode    usbd_msc_scsi.o
    0x08007e10   0x08007e10   0x0000006e   Code   RO         7925    i.SCSI_StartStopUnit  usbd_msc_scsi.o
    0x08007e7e   0x08007e7e   0x00000080   Code   RO         7926    i.SCSI_TestUnitReady  usbd_msc_scsi.o
    0x08007efe   0x08007efe   0x00000022   Code   RO         7927    i.SCSI_UpdateBotData  usbd_msc_scsi.o
    0x08007f20   0x08007f20   0x00000046   Code   RO         7928    i.SCSI_Verify10     usbd_msc_scsi.o
    0x08007f66   0x08007f66   0x00000002   PAD
    0x08007f68   0x08007f68   0x00000114   Code   RO         7929    i.SCSI_Write10      usbd_msc_scsi.o
    0x0800807c   0x0800807c   0x0000012c   Code   RO         7930    i.SCSI_Write12      usbd_msc_scsi.o
    0x080081a8   0x080081a8   0x0000008c   Code   RO         3996    i.SPI_EndRxTransaction  stm32f4xx_hal_spi.o
    0x08008234   0x08008234   0x0000007c   Code   RO         3997    i.SPI_EndRxTxTransaction  stm32f4xx_hal_spi.o
    0x080082b0   0x080082b0   0x00000024   Code   RO         6231    i.SPI_ReadWriteByte  w25qxx.o
    0x080082d4   0x080082d4   0x000000bc   Code   RO         4002    i.SPI_WaitFlagStateUntilTimeout  stm32f4xx_hal_spi.o
    0x08008390   0x08008390   0x0000000c   Code   RO         7129    i.STORAGE_GetCapacity_FS  usbd_storage_if.o
    0x0800839c   0x0800839c   0x00000004   Code   RO         7130    i.STORAGE_GetMaxLun_FS  usbd_storage_if.o
    0x080083a0   0x080083a0   0x0000000a   Code   RO         7131    i.STORAGE_Init_FS   usbd_storage_if.o
    0x080083aa   0x080083aa   0x00000004   Code   RO         7132    i.STORAGE_IsReady_FS  usbd_storage_if.o
    0x080083ae   0x080083ae   0x00000004   Code   RO         7133    i.STORAGE_IsWriteProtected_FS  usbd_storage_if.o
    0x080083b2   0x080083b2   0x00000018   Code   RO         7134    i.STORAGE_Read_FS   usbd_storage_if.o
    0x080083ca   0x080083ca   0x00000018   Code   RO         7135    i.STORAGE_Write_FS  usbd_storage_if.o
    0x080083e2   0x080083e2   0x00000002   Code   RO         1209    i.SVC_Handler       stm32f4xx_it.o
    0x080083e4   0x080083e4   0x0000000a   Code   RO         7559    i.SWAPBYTE          usbd_ctlreq.o
    0x080083ee   0x080083ee   0x00000004   Code   RO         1210    i.SysTick_Handler   stm32f4xx_it.o
    0x080083f2   0x080083f2   0x00000002   PAD
    0x080083f4   0x080083f4   0x00000094   Code   RO          698    i.SystemClock_Config  main.o
    0x08008488   0x08008488   0x00000010   Code   RO         5628    i.SystemInit        system_stm32f4xx.o
    0x08008498   0x08008498   0x0000000c   Code   RO         1211    i.TIM1_UP_TIM10_IRQHandler  stm32f4xx_it.o
    0x080084a4   0x080084a4   0x0000000c   Code   RO         1212    i.TIM5_IRQHandler   stm32f4xx_it.o
    0x080084b0   0x080084b0   0x000000dc   Code   RO         4365    i.TIM_Base_SetConfig  stm32f4xx_hal_tim.o
    0x0800858c   0x0800858c   0x0000001a   Code   RO         4366    i.TIM_CCxChannelCmd  stm32f4xx_hal_tim.o
    0x080085a6   0x080085a6   0x00000014   Code   RO         4376    i.TIM_ETR_SetConfig  stm32f4xx_hal_tim.o
    0x080085ba   0x080085ba   0x00000010   Code   RO         4377    i.TIM_ITRx_SetConfig  stm32f4xx_hal_tim.o
    0x080085ca   0x080085ca   0x00000002   PAD
    0x080085cc   0x080085cc   0x00000068   Code   RO         4378    i.TIM_OC1_SetConfig  stm32f4xx_hal_tim.o
    0x08008634   0x08008634   0x00000074   Code   RO         4379    i.TIM_OC2_SetConfig  stm32f4xx_hal_tim.o
    0x080086a8   0x080086a8   0x00000070   Code   RO         4380    i.TIM_OC3_SetConfig  stm32f4xx_hal_tim.o
    0x08008718   0x08008718   0x00000054   Code   RO         4381    i.TIM_OC4_SetConfig  stm32f4xx_hal_tim.o
    0x0800876c   0x0800876c   0x00000022   Code   RO         4383    i.TIM_TI1_ConfigInputStage  stm32f4xx_hal_tim.o
    0x0800878e   0x0800878e   0x00000024   Code   RO         4385    i.TIM_TI2_ConfigInputStage  stm32f4xx_hal_tim.o
    0x080087b2   0x080087b2   0x00000002   PAD
    0x080087b4   0x080087b4   0x00000210   Code   RO         1086    i.TOF_get_data      usart.o
    0x080089c4   0x080089c4   0x00000020   Code   RO         1213    i.UART4_IRQHandler  stm32f4xx_it.o
    0x080089e4   0x080089e4   0x00000010   Code   RO         5297    i.UART_DMAAbortOnError  stm32f4xx_hal_uart.o
    0x080089f4   0x080089f4   0x0000004a   Code   RO         5298    i.UART_DMAError     stm32f4xx_hal_uart.o
    0x08008a3e   0x08008a3e   0x00000086   Code   RO         5299    i.UART_DMAReceiveCplt  stm32f4xx_hal_uart.o
    0x08008ac4   0x08008ac4   0x0000001e   Code   RO         5301    i.UART_DMARxHalfCplt  stm32f4xx_hal_uart.o
    0x08008ae2   0x08008ae2   0x00000042   Code   RO         5303    i.UART_DMATransmitCplt  stm32f4xx_hal_uart.o
    0x08008b24   0x08008b24   0x0000000a   Code   RO         5305    i.UART_DMATxHalfCplt  stm32f4xx_hal_uart.o
    0x08008b2e   0x08008b2e   0x0000004e   Code   RO         5307    i.UART_EndRxTransfer  stm32f4xx_hal_uart.o
    0x08008b7c   0x08008b7c   0x0000001a   Code   RO         5308    i.UART_EndTransmit_IT  stm32f4xx_hal_uart.o
    0x08008b96   0x08008b96   0x0000001c   Code   RO         5309    i.UART_EndTxTransfer  stm32f4xx_hal_uart.o
    0x08008bb2   0x08008bb2   0x000000c8   Code   RO         5310    i.UART_Receive_IT   stm32f4xx_hal_uart.o
    0x08008c7a   0x08008c7a   0x00000002   PAD
    0x08008c7c   0x08008c7c   0x00000114   Code   RO         5311    i.UART_SetConfig    stm32f4xx_hal_uart.o
    0x08008d90   0x08008d90   0x00000094   Code   RO         5312    i.UART_Start_Receive_DMA  stm32f4xx_hal_uart.o
    0x08008e24   0x08008e24   0x0000005e   Code   RO         5314    i.UART_Transmit_IT  stm32f4xx_hal_uart.o
    0x08008e82   0x08008e82   0x00000074   Code   RO         5315    i.UART_WaitOnFlagUntilTimeout  stm32f4xx_hal_uart.o
    0x08008ef6   0x08008ef6   0x00000002   PAD
    0x08008ef8   0x08008ef8   0x0000000c   Code   RO         1214    i.USART1_IRQHandler  stm32f4xx_it.o
    0x08008f04   0x08008f04   0x00000020   Code   RO         1215    i.USART3_IRQHandler  stm32f4xx_it.o
    0x08008f24   0x08008f24   0x00000020   Code   RO         1216    i.USART6_IRQHandler  stm32f4xx_it.o
    0x08008f44   0x08008f44   0x00000014   Code   RO         7397    i.USBD_ClrClassConfig  usbd_core.o
    0x08008f58   0x08008f58   0x00000026   Code   RO         7560    i.USBD_ClrFeature   usbd_ctlreq.o
    0x08008f7e   0x08008f7e   0x00000004   Code   RO         7398    i.USBD_CoreFindEP   usbd_core.o
    0x08008f82   0x08008f82   0x00000004   Code   RO         7399    i.USBD_CoreFindIF   usbd_core.o
    0x08008f86   0x08008f86   0x00000010   Code   RO         7662    i.USBD_CtlContinueRx  usbd_ioreq.o
    0x08008f96   0x08008f96   0x00000010   Code   RO         7663    i.USBD_CtlContinueSendData  usbd_ioreq.o
    0x08008fa6   0x08008fa6   0x00000018   Code   RO         7561    i.USBD_CtlError     usbd_ctlreq.o
    0x08008fbe   0x08008fbe   0x00000016   Code   RO         7665    i.USBD_CtlReceiveStatus  usbd_ioreq.o
    0x08008fd4   0x08008fd4   0x0000001a   Code   RO         7666    i.USBD_CtlSendData  usbd_ioreq.o
    0x08008fee   0x08008fee   0x00000016   Code   RO         7667    i.USBD_CtlSendStatus  usbd_ioreq.o
    0x08009004   0x08009004   0x00000030   Code   RO         7037    i.USBD_FS_ConfigStrDescriptor  usbd_desc.o
    0x08009034   0x08009034   0x0000000c   Code   RO         7038    i.USBD_FS_DeviceDescriptor  usbd_desc.o
    0x08009040   0x08009040   0x00000034   Code   RO         7039    i.USBD_FS_InterfaceStrDescriptor  usbd_desc.o
    0x08009074   0x08009074   0x0000000c   Code   RO         7040    i.USBD_FS_LangIDStrDescriptor  usbd_desc.o
    0x08009080   0x08009080   0x00000028   Code   RO         7041    i.USBD_FS_ManufacturerStrDescriptor  usbd_desc.o
    0x080090a8   0x080090a8   0x00000038   Code   RO         7042    i.USBD_FS_ProductStrDescriptor  usbd_desc.o
    0x080090e0   0x080090e0   0x00000014   Code   RO         7043    i.USBD_FS_SerialStrDescriptor  usbd_desc.o
    0x080090f4   0x080090f4   0x0000003a   Code   RO         7562    i.USBD_GetConfig    usbd_ctlreq.o
    0x0800912e   0x0800912e   0x000001b0   Code   RO         7563    i.USBD_GetDescriptor  usbd_ctlreq.o
    0x080092de   0x080092de   0x0000003a   Code   RO         7401    i.USBD_GetEpDesc    usbd_core.o
    0x08009318   0x08009318   0x00000014   Code   RO         7564    i.USBD_GetLen       usbd_ctlreq.o
    0x0800932c   0x0800932c   0x0000000e   Code   RO         7402    i.USBD_GetNextDesc  usbd_core.o
    0x0800933a   0x0800933a   0x0000003c   Code   RO         7565    i.USBD_GetStatus    usbd_ctlreq.o
    0x08009376   0x08009376   0x00000050   Code   RO         7566    i.USBD_GetString    usbd_ctlreq.o
    0x080093c6   0x080093c6   0x00000024   Code   RO         7203    i.USBD_Get_USB_Status  usbd_conf.o
    0x080093ea   0x080093ea   0x00000028   Code   RO         7403    i.USBD_Init         usbd_core.o
    0x08009412   0x08009412   0x00000012   Code   RO         7204    i.USBD_LL_ClearStallEP  usbd_conf.o
    0x08009424   0x08009424   0x00000012   Code   RO         7205    i.USBD_LL_CloseEP   usbd_conf.o
    0x08009436   0x08009436   0x000000dc   Code   RO         7404    i.USBD_LL_DataInStage  usbd_core.o
    0x08009512   0x08009512   0x000000ca   Code   RO         7405    i.USBD_LL_DataOutStage  usbd_core.o
    0x080095dc   0x080095dc   0x00000004   Code   RO         7406    i.USBD_LL_DevConnected  usbd_core.o
    0x080095e0   0x080095e0   0x00000020   Code   RO         7407    i.USBD_LL_DevDisconnected  usbd_core.o
    0x08009600   0x08009600   0x00000012   Code   RO         7208    i.USBD_LL_FlushEP   usbd_conf.o
    0x08009612   0x08009612   0x00000008   Code   RO         7209    i.USBD_LL_GetRxDataSize  usbd_conf.o
    0x0800961a   0x0800961a   0x00000002   PAD
    0x0800961c   0x0800961c   0x00000060   Code   RO         7210    i.USBD_LL_Init      usbd_conf.o
    0x0800967c   0x0800967c   0x0000001e   Code   RO         7211    i.USBD_LL_IsStallEP  usbd_conf.o
    0x0800969a   0x0800969a   0x0000002a   Code   RO         7408    i.USBD_LL_IsoINIncomplete  usbd_core.o
    0x080096c4   0x080096c4   0x0000002a   Code   RO         7409    i.USBD_LL_IsoOUTIncomplete  usbd_core.o
    0x080096ee   0x080096ee   0x00000018   Code   RO         7212    i.USBD_LL_OpenEP    usbd_conf.o
    0x08009706   0x08009706   0x00000012   Code   RO         7213    i.USBD_LL_PrepareReceive  usbd_conf.o
    0x08009718   0x08009718   0x00000060   Code   RO         7410    i.USBD_LL_Reset     usbd_core.o
    0x08009778   0x08009778   0x00000014   Code   RO         7411    i.USBD_LL_Resume    usbd_core.o
    0x0800978c   0x0800978c   0x0000001a   Code   RO         7412    i.USBD_LL_SOF       usbd_core.o
    0x080097a6   0x080097a6   0x00000006   Code   RO         7413    i.USBD_LL_SetSpeed  usbd_core.o
    0x080097ac   0x080097ac   0x00000012   Code   RO         7214    i.USBD_LL_SetUSBAddress  usbd_conf.o
    0x080097be   0x080097be   0x00000060   Code   RO         7414    i.USBD_LL_SetupStage  usbd_core.o
    0x0800981e   0x0800981e   0x00000012   Code   RO         7215    i.USBD_LL_StallEP   usbd_conf.o
    0x08009830   0x08009830   0x00000012   Code   RO         7216    i.USBD_LL_Start     usbd_conf.o
    0x08009842   0x08009842   0x0000001a   Code   RO         7415    i.USBD_LL_Suspend   usbd_core.o
    0x0800985c   0x0800985c   0x00000012   Code   RO         7218    i.USBD_LL_Transmit  usbd_conf.o
    0x0800986e   0x0800986e   0x0000000a   Code   RO         7722    i.USBD_MSC_DataIn   usbd_msc.o
    0x08009878   0x08009878   0x0000000a   Code   RO         7723    i.USBD_MSC_DataOut  usbd_msc.o
    0x08009882   0x08009882   0x00000002   PAD
    0x08009884   0x08009884   0x00000078   Code   RO         7724    i.USBD_MSC_DeInit   usbd_msc.o
    0x080098fc   0x080098fc   0x0000000c   Code   RO         7725    i.USBD_MSC_GetDeviceQualifierDescriptor  usbd_msc.o
    0x08009908   0x08009908   0x0000002c   Code   RO         7726    i.USBD_MSC_GetFSCfgDesc  usbd_msc.o
    0x08009934   0x08009934   0x00000030   Code   RO         7727    i.USBD_MSC_GetHSCfgDesc  usbd_msc.o
    0x08009964   0x08009964   0x0000002c   Code   RO         7728    i.USBD_MSC_GetOtherSpeedCfgDesc  usbd_msc.o
    0x08009990   0x08009990   0x000000c8   Code   RO         7729    i.USBD_MSC_Init     usbd_msc.o
    0x08009a58   0x08009a58   0x00000018   Code   RO         7730    i.USBD_MSC_RegisterStorage  usbd_msc.o
    0x08009a70   0x08009a70   0x00000136   Code   RO         7731    i.USBD_MSC_Setup    usbd_msc.o
    0x08009ba6   0x08009ba6   0x00000032   Code   RO         7567    i.USBD_ParseSetupRequest  usbd_ctlreq.o
    0x08009bd8   0x08009bd8   0x0000003a   Code   RO         7416    i.USBD_RegisterClass  usbd_core.o
    0x08009c12   0x08009c12   0x00000004   Code   RO         7417    i.USBD_RunTestMode  usbd_core.o
    0x08009c16   0x08009c16   0x00000058   Code   RO         7568    i.USBD_SetAddress   usbd_ctlreq.o
    0x08009c6e   0x08009c6e   0x00000014   Code   RO         7418    i.USBD_SetClassConfig  usbd_core.o
    0x08009c82   0x08009c82   0x00000002   PAD
    0x08009c84   0x08009c84   0x000000dc   Code   RO         7569    i.USBD_SetConfig    usbd_ctlreq.o
    0x08009d60   0x08009d60   0x00000024   Code   RO         7570    i.USBD_SetFeature   usbd_ctlreq.o
    0x08009d84   0x08009d84   0x00000004   Code   RO         7419    i.USBD_Start        usbd_core.o
    0x08009d88   0x08009d88   0x00000076   Code   RO         7571    i.USBD_StdDevReq    usbd_ctlreq.o
    0x08009dfe   0x08009dfe   0x00000220   Code   RO         7572    i.USBD_StdEPReq     usbd_ctlreq.o
    0x0800a01e   0x0800a01e   0x0000008e   Code   RO         7573    i.USBD_StdItfReq    usbd_ctlreq.o
    0x0800a0ac   0x0800a0ac   0x00000002   Code   RO         7219    i.USBD_static_free  usbd_conf.o
    0x0800a0ae   0x0800a0ae   0x00000002   PAD
    0x0800a0b0   0x0800a0b0   0x00000008   Code   RO         7220    i.USBD_static_malloc  usbd_conf.o
    0x0800a0b8   0x0800a0b8   0x00000084   Code   RO         1670    i.USB_ActivateEndpoint  stm32f4xx_ll_usb.o
    0x0800a13c   0x0800a13c   0x0000001c   Code   RO         1672    i.USB_ActivateSetup  stm32f4xx_ll_usb.o
    0x0800a158   0x0800a158   0x00000088   Code   RO         1674    i.USB_CoreInit      stm32f4xx_ll_usb.o
    0x0800a1e0   0x0800a1e0   0x00000044   Code   RO         1675    i.USB_CoreReset     stm32f4xx_ll_usb.o
    0x0800a224   0x0800a224   0x000000c8   Code   RO         1678    i.USB_DeactivateEndpoint  stm32f4xx_ll_usb.o
    0x0800a2ec   0x0800a2ec   0x0000001c   Code   RO         1679    i.USB_DevConnect    stm32f4xx_ll_usb.o
    0x0800a308   0x0800a308   0x0000001c   Code   RO         1680    i.USB_DevDisconnect  stm32f4xx_ll_usb.o
    0x0800a324   0x0800a324   0x00000174   Code   RO         1681    i.USB_DevInit       stm32f4xx_ll_usb.o
    0x0800a498   0x0800a498   0x0000000c   Code   RO         1682    i.USB_DisableGlobalInt  stm32f4xx_ll_usb.o
    0x0800a4a4   0x0800a4a4   0x00000054   Code   RO         1685    i.USB_EP0_OutStart  stm32f4xx_ll_usb.o
    0x0800a4f8   0x0800a4f8   0x00000058   Code   RO         1686    i.USB_EPClearStall  stm32f4xx_ll_usb.o
    0x0800a550   0x0800a550   0x00000058   Code   RO         1687    i.USB_EPSetStall    stm32f4xx_ll_usb.o
    0x0800a5a8   0x0800a5a8   0x00000254   Code   RO         1688    i.USB_EPStartXfer   stm32f4xx_ll_usb.o
    0x0800a7fc   0x0800a7fc   0x000000a4   Code   RO         1689    i.USB_EPStopXfer    stm32f4xx_ll_usb.o
    0x0800a8a0   0x0800a8a0   0x0000000c   Code   RO         1690    i.USB_EnableGlobalInt  stm32f4xx_ll_usb.o
    0x0800a8ac   0x0800a8ac   0x00000040   Code   RO         1691    i.USB_FlushRxFifo   stm32f4xx_ll_usb.o
    0x0800a8ec   0x0800a8ec   0x00000044   Code   RO         1692    i.USB_FlushTxFifo   stm32f4xx_ll_usb.o
    0x0800a930   0x0800a930   0x00000020   Code   RO         1694    i.USB_GetDevSpeed   stm32f4xx_ll_usb.o
    0x0800a950   0x0800a950   0x00000008   Code   RO         1696    i.USB_GetMode       stm32f4xx_ll_usb.o
    0x0800a958   0x0800a958   0x0000000e   Code   RO         1704    i.USB_ReadDevAllInEpInterrupt  stm32f4xx_ll_usb.o
    0x0800a966   0x0800a966   0x0000000e   Code   RO         1705    i.USB_ReadDevAllOutEpInterrupt  stm32f4xx_ll_usb.o
    0x0800a974   0x0800a974   0x00000024   Code   RO         1706    i.USB_ReadDevInEPInterrupt  stm32f4xx_ll_usb.o
    0x0800a998   0x0800a998   0x00000010   Code   RO         1707    i.USB_ReadDevOutEPInterrupt  stm32f4xx_ll_usb.o
    0x0800a9a8   0x0800a9a8   0x00000008   Code   RO         1708    i.USB_ReadInterrupts  stm32f4xx_ll_usb.o
    0x0800a9b0   0x0800a9b0   0x0000003e   Code   RO         1709    i.USB_ReadPacket    stm32f4xx_ll_usb.o
    0x0800a9ee   0x0800a9ee   0x00000060   Code   RO         1711    i.USB_SetCurrentMode  stm32f4xx_ll_usb.o
    0x0800aa4e   0x0800aa4e   0x0000001e   Code   RO         1712    i.USB_SetDevAddress  stm32f4xx_ll_usb.o
    0x0800aa6c   0x0800aa6c   0x0000000e   Code   RO         1713    i.USB_SetDevSpeed   stm32f4xx_ll_usb.o
    0x0800aa7a   0x0800aa7a   0x00000002   PAD
    0x0800aa7c   0x0800aa7c   0x000000f4   Code   RO         1714    i.USB_SetTurnaroundTime  stm32f4xx_ll_usb.o
    0x0800ab70   0x0800ab70   0x00000028   Code   RO         1717    i.USB_WritePacket   stm32f4xx_ll_usb.o
    0x0800ab98   0x0800ab98   0x00000014   Code   RO         6393    i.USER_initialize   user_diskio.o
    0x0800abac   0x0800abac   0x00000028   Code   RO         6394    i.USER_ioctl        user_diskio.o
    0x0800abd4   0x0800abd4   0x00000012   Code   RO         6395    i.USER_read         user_diskio.o
    0x0800abe6   0x0800abe6   0x00000002   PAD
    0x0800abe8   0x0800abe8   0x00000020   Code   RO         6396    i.USER_status       user_diskio.o
    0x0800ac08   0x0800ac08   0x00000012   Code   RO         6397    i.USER_write        user_diskio.o
    0x0800ac1a   0x0800ac1a   0x00000002   PAD
    0x0800ac1c   0x0800ac1c   0x0000001c   Code   RO         1217    i.UsageFault_Handler  stm32f4xx_it.o
    0x0800ac38   0x0800ac38   0x00000060   Code   RO         6233    i.W25QXX_Erase_Sector  w25qxx.o
    0x0800ac98   0x0800ac98   0x00000030   Code   RO         6234    i.W25QXX_Init       w25qxx.o
    0x0800acc8   0x0800acc8   0x00000060   Code   RO         6236    i.W25QXX_Read       w25qxx.o
    0x0800ad28   0x0800ad28   0x00000058   Code   RO         6237    i.W25QXX_ReadID     w25qxx.o
    0x0800ad80   0x0800ad80   0x00000034   Code   RO         6238    i.W25QXX_ReadSR     w25qxx.o
    0x0800adb4   0x0800adb4   0x0000000c   Code   RO         6240    i.W25QXX_Wait_Busy  w25qxx.o
    0x0800adc0   0x0800adc0   0x000000a4   Code   RO         6241    i.W25QXX_Write      w25qxx.o
    0x0800ae64   0x0800ae64   0x0000002c   Code   RO         6243    i.W25QXX_Write_Enable  w25qxx.o
    0x0800ae90   0x0800ae90   0x0000003e   Code   RO         6244    i.W25QXX_Write_NoCheck  w25qxx.o
    0x0800aece   0x0800aece   0x00000002   PAD
    0x0800aed0   0x0800aed0   0x00000064   Code   RO         6245    i.W25QXX_Write_Page  w25qxx.o
    0x0800af34   0x0800af34   0x00000020   Code   RO         8734    i.__0printf         mc_w.l(printfa.o)
    0x0800af54   0x0800af54   0x00000034   Code   RO         8739    i.__0vsnprintf      mc_w.l(printfa.o)
    0x0800af88   0x0800af88   0x00000030   Code   RO         8828    i.__ARM_fpclassify  m_wm.l(fpclassify.o)
    0x0800afb8   0x0800afb8   0x00000026   Code   RO         8830    i.__ARM_fpclassifyf  m_wm.l(fpclassifyf.o)
    0x0800afde   0x0800afde   0x00000002   PAD
    0x0800afe0   0x0800afe0   0x00000024   Code   RO         5758    i.__ARM_isnan       bmp390_task.o
    0x0800b004   0x0800b004   0x00000020   Code   RO         2785    i.__NVIC_SetPriority  stm32f4xx_hal_cortex.o
    0x0800b024   0x0800b024   0x00000004   PAD
    0x0800b028   0x0800b028   0x00000360   Code   RO         8392    i.__hardfp_asin     m_wm.l(asin.o)
    0x0800b388   0x0800b388   0x000002ac   Code   RO         8406    i.__hardfp_atan2f   m_wm.l(atan2f.o)
    0x0800b634   0x0800b634   0x00000150   Code   RO         8418    i.__hardfp_cosf     m_wm.l(cosf.o)
    0x0800b784   0x0800b784   0x00000014   Code   RO         8430    i.__hardfp_fabs     m_wm.l(fabs.o)
    0x0800b798   0x0800b798   0x00000c50   Code   RO         8442    i.__hardfp_pow      m_wm.l(pow.o)
    0x0800c3e8   0x0800c3e8   0x00000190   Code   RO         8456    i.__hardfp_sinf     m_wm.l(sinf.o)
    0x0800c578   0x0800c578   0x000000f8   Code   RO         8846    i.__kernel_poly     m_wm.l(poly.o)
    0x0800c670   0x0800c670   0x00000030   Code   RO         8814    i.__mathlib_dbl_divzero  m_wm.l(dunder.o)
    0x0800c6a0   0x0800c6a0   0x00000014   Code   RO         8815    i.__mathlib_dbl_infnan  m_wm.l(dunder.o)
    0x0800c6b4   0x0800c6b4   0x00000014   Code   RO         8816    i.__mathlib_dbl_infnan2  m_wm.l(dunder.o)
    0x0800c6c8   0x0800c6c8   0x00000020   Code   RO         8817    i.__mathlib_dbl_invalid  m_wm.l(dunder.o)
    0x0800c6e8   0x0800c6e8   0x00000020   Code   RO         8818    i.__mathlib_dbl_overflow  m_wm.l(dunder.o)
    0x0800c708   0x0800c708   0x00000020   Code   RO         8820    i.__mathlib_dbl_underflow  m_wm.l(dunder.o)
    0x0800c728   0x0800c728   0x00000006   Code   RO         8833    i.__mathlib_flt_infnan  m_wm.l(funder.o)
    0x0800c72e   0x0800c72e   0x00000006   Code   RO         8834    i.__mathlib_flt_infnan2  m_wm.l(funder.o)
    0x0800c734   0x0800c734   0x00000010   Code   RO         8835    i.__mathlib_flt_invalid  m_wm.l(funder.o)
    0x0800c744   0x0800c744   0x00000010   Code   RO         8838    i.__mathlib_flt_underflow  m_wm.l(funder.o)
    0x0800c754   0x0800c754   0x00000154   Code   RO         8849    i.__mathlib_rredf2  m_wm.l(rredf.o)
    0x0800c8a8   0x0800c8a8   0x0000000e   Code   RO         8915    i.__scatterload_copy  mc_w.l(handlers.o)
    0x0800c8b6   0x0800c8b6   0x00000002   Code   RO         8916    i.__scatterload_null  mc_w.l(handlers.o)
    0x0800c8b8   0x0800c8b8   0x0000000e   Code   RO         8917    i.__scatterload_zeroinit  mc_w.l(handlers.o)
    0x0800c8c6   0x0800c8c6   0x00000002   PAD
    0x0800c8c8   0x0800c8c8   0x0000000c   Code   RO         8893    i.__set_errno       mc_w.l(errno.o)
    0x0800c8d4   0x0800c8d4   0x00000184   Code   RO         8741    i._fp_digits        mc_w.l(printfa.o)
    0x0800ca58   0x0800ca58   0x000006b4   Code   RO         8742    i._printf_core      mc_w.l(printfa.o)
    0x0800d10c   0x0800d10c   0x00000024   Code   RO         8743    i._printf_post_padding  mc_w.l(printfa.o)
    0x0800d130   0x0800d130   0x0000002e   Code   RO         8744    i._printf_pre_padding  mc_w.l(printfa.o)
    0x0800d15e   0x0800d15e   0x00000016   Code   RO         8745    i._snputc           mc_w.l(printfa.o)
    0x0800d174   0x0800d174   0x0000008c   Code   RO         1087    i.aircraft_data_send  usart.o
    0x0800d200   0x0800d200   0x000000c4   Code   RO         1088    i.aircraft_data_update  usart.o
    0x0800d2c4   0x0800d2c4   0x000000d4   Code   RO          450    i.aircraft_flight_Height_control  control.o
    0x0800d398   0x0800d398   0x00000144   Code   RO          451    i.aircraft_flight_direction_control  control.o
    0x0800d4dc   0x0800d4dc   0x000000f4   Code   RO          452    i.aircraft_protection  control.o
    0x0800d5d0   0x0800d5d0   0x0000000c   Code   RO         5870    i.are_settings_changed  bmp3.o
    0x0800d5dc   0x0800d5dc   0x00000044   Code   RO         5761    i.bmp390_getdata_DMA  bmp390_task.o
    0x0800d620   0x0800d620   0x00000038   Code   RO         5762    i.bmp390_getregs_DMA  bmp390_task.o
    0x0800d658   0x0800d658   0x000001b4   Code   RO         5763    i.bmp3_check_rslt   bmp390_task.o
    0x0800d80c   0x0800d80c   0x00000004   Code   RO         5764    i.bmp3_delay_us     bmp390_task.o
    0x0800d810   0x0800d810   0x00000024   Code   RO         5877    i.bmp3_get_op_mode  bmp3.o
    0x0800d834   0x0800d834   0x00000082   Code   RO         5878    i.bmp3_get_regs     bmp3.o
    0x0800d8b6   0x0800d8b6   0x00000002   PAD
    0x0800d8b8   0x0800d8b8   0x00000040   Code   RO         5765    i.bmp3_i2c_read     bmp390_task.o
    0x0800d8f8   0x0800d8f8   0x00000050   Code   RO         5766    i.bmp3_i2c_write    bmp390_task.o
    0x0800d948   0x0800d948   0x00000062   Code   RO         5882    i.bmp3_init         bmp3.o
    0x0800d9aa   0x0800d9aa   0x00000002   PAD
    0x0800d9ac   0x0800d9ac   0x0000003c   Code   RO         5767    i.bmp3_interface_init  bmp390_task.o
    0x0800d9e8   0x0800d9e8   0x00000062   Code   RO         5885    i.bmp3_set_op_mode  bmp3.o
    0x0800da4a   0x0800da4a   0x0000008c   Code   RO         5886    i.bmp3_set_regs     bmp3.o
    0x0800dad6   0x0800dad6   0x00000078   Code   RO         5887    i.bmp3_set_sensor_settings  bmp3.o
    0x0800db4e   0x0800db4e   0x0000005e   Code   RO         5888    i.bmp3_soft_reset   bmp3.o
    0x0800dbac   0x0800dbac   0x00000048   Code   RO         8054    i.cJSON_Delete      cjson.o
    0x0800dbf4   0x0800dbf4   0x0000000c   Code   RO         8062    i.cJSON_GetErrorPtr  cjson.o
    0x0800dc00   0x0800dc00   0x00000044   Code   RO         8063    i.cJSON_GetObjectItem  cjson.o
    0x0800dc44   0x0800dc44   0x00000020   Code   RO         8067    i.cJSON_New_Item    cjson.o
    0x0800dc64   0x0800dc64   0x00000008   Code   RO         8068    i.cJSON_Parse       cjson.o
    0x0800dc6c   0x0800dc6c   0x00000064   Code   RO         8069    i.cJSON_ParseWithOpts  cjson.o
    0x0800dcd0   0x0800dcd0   0x0000004c   Code   RO         8075    i.cJSON_strcasecmp  cjson.o
    0x0800dd1c   0x0800dd1c   0x0000003c   Code   RO         5889    i.calculate_press_meas_time  bmp3.o
    0x0800dd58   0x0800dd58   0x0000003c   Code   RO         5890    i.calculate_temp_meas_time  bmp3.o
    0x0800dd94   0x0800dd94   0x00000074   Code   RO         6553    i.check_fs          ff.o
    0x0800de08   0x0800de08   0x00000010   Code   RO         6554    i.chk_chr           ff.o
    0x0800de18   0x0800de18   0x00000060   Code   RO         6555    i.chk_lock          ff.o
    0x0800de78   0x0800de78   0x00000020   Code   RO         6556    i.clear_lock        ff.o
    0x0800de98   0x0800de98   0x00000026   Code   RO         6557    i.clmt_clust        ff.o
    0x0800debe   0x0800debe   0x00000018   Code   RO         6558    i.clust2sect        ff.o
    0x0800ded6   0x0800ded6   0x00000002   PAD
    0x0800ded8   0x0800ded8   0x000000a0   Code   RO         5891    i.compensate_data   bmp3.o
    0x0800df78   0x0800df78   0x00000218   Code   RO         5892    i.compensate_pressure  bmp3.o
    0x0800e190   0x0800e190   0x000000b4   Code   RO         5893    i.compensate_temperature  bmp3.o
    0x0800e244   0x0800e244   0x000000c4   Code   RO         5768    i.convert_Pa_to_meter  bmp390_task.o
    0x0800e308   0x0800e308   0x000000b0   Code   RO         6559    i.create_chain      ff.o
    0x0800e3b8   0x0800e3b8   0x000000d0   Code   RO         6560    i.create_name       ff.o
    0x0800e488   0x0800e488   0x00000030   Code   RO         6561    i.dec_lock          ff.o
    0x0800e4b8   0x0800e4b8   0x00000014   Code   RO         6352    i.delay_init        delay.o
    0x0800e4cc   0x0800e4cc   0x00000036   Code   RO         6353    i.delay_ms          delay.o
    0x0800e502   0x0800e502   0x00000002   PAD
    0x0800e504   0x0800e504   0x00000038   Code   RO         6354    i.delay_us          delay.o
    0x0800e53c   0x0800e53c   0x0000004a   Code   RO         6562    i.dir_alloc         ff.o
    0x0800e586   0x0800e586   0x00000054   Code   RO         6563    i.dir_find          ff.o
    0x0800e5da   0x0800e5da   0x0000010a   Code   RO         6564    i.dir_next          ff.o
    0x0800e6e4   0x0800e6e4   0x0000003c   Code   RO         6566    i.dir_register      ff.o
    0x0800e720   0x0800e720   0x00000094   Code   RO         6568    i.dir_sdi           ff.o
    0x0800e7b4   0x0800e7b4   0x0000002c   Code   RO         6498    i.disk_initialize   diskio.o
    0x0800e7e0   0x0800e7e0   0x0000001c   Code   RO         6499    i.disk_ioctl        diskio.o
    0x0800e7fc   0x0800e7fc   0x0000001c   Code   RO         6500    i.disk_read         diskio.o
    0x0800e818   0x0800e818   0x00000018   Code   RO         6501    i.disk_status       diskio.o
    0x0800e830   0x0800e830   0x0000001c   Code   RO         6502    i.disk_write        diskio.o
    0x0800e84c   0x0800e84c   0x00000028   Code   RO         6569    i.enq_lock          ff.o
    0x0800e874   0x0800e874   0x00000048   Code   RO          699    i.error_handler_msg_log  main.o
    0x0800e8bc   0x0800e8bc   0x0000002a   Code   RO         6570    i.f_close           ff.o
    0x0800e8e6   0x0800e8e6   0x00000002   PAD
    0x0800e8e8   0x0800e8e8   0x00000060   Code   RO         6577    i.f_mount           ff.o
    0x0800e948   0x0800e948   0x000001f2   Code   RO         6578    i.f_open            ff.o
    0x0800eb3a   0x0800eb3a   0x00000172   Code   RO         6583    i.f_read            ff.o
    0x0800ecac   0x0800ecac   0x00000090   Code   RO         6587    i.f_sync            ff.o
    0x0800ed3c   0x0800ed3c   0x00000018   Code   RO         8432    i.fabs              m_wm.l(fabs.o)
    0x0800ed54   0x0800ed54   0x000006c8   Code   RO          453    i.fatfs_PID_params_read  control.o
    0x0800f41c   0x0800f41c   0x00000104   Code   RO         6449    i.fatfs_read_file   fatfs.o
    0x0800f520   0x0800f520   0x00000024   Code   RO         5898    i.fill_filter_data  bmp3.o
    0x0800f544   0x0800f544   0x00000028   Code   RO         5899    i.fill_odr_data     bmp3.o
    0x0800f56c   0x0800f56c   0x00000042   Code   RO         5900    i.fill_osr_data     bmp3.o
    0x0800f5ae   0x0800f5ae   0x00000002   PAD
    0x0800f5b0   0x0800f5b0   0x0000027c   Code   RO         6591    i.find_volume       ff.o
    0x0800f82c   0x0800f82c   0x00000078   Code   RO         6592    i.follow_path       ff.o
    0x0800f8a4   0x0800f8a4   0x00000018   Code   RO         1089    i.fputc             usart.o
    0x0800f8bc   0x0800f8bc   0x00000050   Code   RO         8762    i.free              mc_w.l(malloc.o)
    0x0800f90c   0x0800f90c   0x00000064   Code   RO          827    i.get_battery_volt  adc.o
    0x0800f970   0x0800f970   0x0000002c   Code   RO         5901    i.get_calib_data    bmp3.o
    0x0800f99c   0x0800f99c   0x000000c2   Code   RO         6593    i.get_fat           ff.o
    0x0800fa5e   0x0800fa5e   0x00000004   Code   RO         6451    i.get_fattime       fatfs.o
    0x0800fa62   0x0800fa62   0x00000042   Code   RO         6595    i.get_ldnumber      ff.o
    0x0800faa4   0x0800faa4   0x0000001e   Code   RO         5905    i.get_odr_filter_settings  bmp3.o
    0x0800fac2   0x0800fac2   0x00000002   PAD
    0x0800fac4   0x0800fac4   0x00000040   Code   RO         5666    i.icm42688_get_acc  icm42688.o
    0x0800fb04   0x0800fb04   0x00000040   Code   RO         5667    i.icm42688_get_gyro  icm42688.o
    0x0800fb44   0x0800fb44   0x00000068   Code   RO         5668    i.icm42688_get_gyro_acc  icm42688.o
    0x0800fbac   0x0800fbac   0x00000188   Code   RO         5671    i.icm42688_init     icm42688.o
    0x0800fd34   0x0800fd34   0x0000004c   Code   RO         5672    i.icm42688_read_register  icm42688.o
    0x0800fd80   0x0800fd80   0x00000048   Code   RO         5673    i.icm42688_read_registers  icm42688.o
    0x0800fdc8   0x0800fdc8   0x0000002e   Code   RO         5674    i.icm42688_self_check  icm42688.o
    0x0800fdf6   0x0800fdf6   0x00000002   PAD
    0x0800fdf8   0x0800fdf8   0x00000040   Code   RO         5676    i.icm42688_write_register  icm42688.o
    0x0800fe38   0x0800fe38   0x00000088   Code   RO         6596    i.inc_lock          ff.o
    0x0800fec0   0x0800fec0   0x0000001e   Code   RO         5907    i.interleave_reg_addr  bmp3.o
    0x0800fede   0x0800fede   0x00000002   PAD
    0x0800fee0   0x0800fee0   0x0000002c   Code   RO          304    i.invSqrt           hana_math.o
    0x0800ff0c   0x0800ff0c   0x00000026   Code   RO         6597    i.ld_clust          ff.o
    0x0800ff32   0x0800ff32   0x00000016   Code   RO         6598    i.ld_dword          ff.o
    0x0800ff48   0x0800ff48   0x0000000a   Code   RO         6599    i.ld_word           ff.o
    0x0800ff52   0x0800ff52   0x00000002   PAD
    0x0800ff54   0x0800ff54   0x00000120   Code   RO          700    i.main              main.o
    0x08010074   0x08010074   0x0000006c   Code   RO         8763    i.malloc            mc_w.l(malloc.o)
    0x080100e0   0x080100e0   0x00000018   Code   RO         6600    i.mem_cmp           ff.o
    0x080100f8   0x080100f8   0x00000012   Code   RO         6601    i.mem_cpy           ff.o
    0x0801010a   0x0801010a   0x0000000c   Code   RO         6602    i.mem_set           ff.o
    0x08010116   0x08010116   0x00000002   PAD
    0x08010118   0x08010118   0x000000c8   Code   RO          454    i.motor_control     control.o
    0x080101e0   0x080101e0   0x00000034   Code   RO          455    i.motor_deinit      control.o
    0x08010214   0x08010214   0x00000034   Code   RO          456    i.motor_init        control.o
    0x08010248   0x08010248   0x000000a8   Code   RO          457    i.motor_speed_set   control.o
    0x080102f0   0x080102f0   0x000000a8   Code   RO          458    i.motor_throttle_control  control.o
    0x08010398   0x08010398   0x00000034   Code   RO         6603    i.move_window       ff.o
    0x080103cc   0x080103cc   0x0000001e   Code   RO         5908    i.null_ptr_check    bmp3.o
    0x080103ea   0x080103ea   0x00000002   PAD
    0x080103ec   0x080103ec   0x0000009c   Code   RO         8079    i.parse_array       cjson.o
    0x08010488   0x08010488   0x00000204   Code   RO         5910    i.parse_calib_data  bmp3.o
    0x0801068c   0x0801068c   0x000000be   Code   RO         8080    i.parse_hex4        cjson.o
    0x0801074a   0x0801074a   0x00000002   PAD
    0x0801074c   0x0801074c   0x0000018c   Code   RO         8081    i.parse_number      cjson.o
    0x080108d8   0x080108d8   0x000000f0   Code   RO         8082    i.parse_object      cjson.o
    0x080109c8   0x080109c8   0x00000022   Code   RO         5915    i.parse_odr_filter_settings  bmp3.o
    0x080109ea   0x080109ea   0x0000002a   Code   RO         5917    i.parse_sensor_data  bmp3.o
    0x08010a14   0x08010a14   0x0000017c   Code   RO         8083    i.parse_string      cjson.o
    0x08010b90   0x08010b90   0x000000bc   Code   RO         8084    i.parse_value       cjson.o
    0x08010c4c   0x08010c4c   0x000001b4   Code   RO          603    i.pid_calculate     pid.o
    0x08010e00   0x08010e00   0x000001f8   Code   RO          459    i.pid_control_init  control.o
    0x08010ff8   0x08010ff8   0x00000012   Code   RO          604    i.pid_enable        pid.o
    0x0801100a   0x0801100a   0x00000002   PAD
    0x0801100c   0x0801100c   0x00000050   Code   RO          460    i.pid_external_control  control.o
    0x0801105c   0x0801105c   0x0000001c   Code   RO          605    i.pid_init          pid.o
    0x08011078   0x08011078   0x00000040   Code   RO          461    i.pid_internal_control  control.o
    0x080110b8   0x080110b8   0x00000050   Code   RO          606    i.pid_param_init    pid.o
    0x08011108   0x08011108   0x0000000e   Code   RO          607    i.pid_reset         pid.o
    0x08011116   0x08011116   0x00000038   Code   RO         5919    i.pow_bmp3          bmp3.o
    0x0801114e   0x0801114e   0x0000002e   Code   RO         5920    i.put_device_to_sleep  bmp3.o
    0x0801117c   0x0801117c   0x000000f8   Code   RO         6604    i.put_fat           ff.o
    0x08011274   0x08011274   0x00000078   Code   RO         6608    i.remove_chain      ff.o
    0x080112ec   0x080112ec   0x00000050   Code   RO         5922    i.set_advance_settings  bmp3.o
    0x0801133c   0x0801133c   0x00000076   Code   RO         5923    i.set_int_ctrl_settings  bmp3.o
    0x080113b2   0x080113b2   0x0000003a   Code   RO         5924    i.set_normal_mode   bmp3.o
    0x080113ec   0x080113ec   0x0000008c   Code   RO         5925    i.set_odr_filter_settings  bmp3.o
    0x08011478   0x08011478   0x00000048   Code   RO         5926    i.set_pwr_ctrl_settings  bmp3.o
    0x080114c0   0x080114c0   0x00000014   Code   RO         8092    i.skip              cjson.o
    0x080114d4   0x080114d4   0x00000006   Code   RO          313    i.sq                hana_math.o
    0x080114da   0x080114da   0x0000006e   Code   RO         8854    i.sqrt              m_wm.l(sqrt.o)
    0x08011548   0x08011548   0x00000028   Code   RO         6609    i.st_clust          ff.o
    0x08011570   0x08011570   0x00000010   Code   RO         6610    i.st_dword          ff.o
    0x08011580   0x08011580   0x00000008   Code   RO         6611    i.st_word           ff.o
    0x08011588   0x08011588   0x00000088   Code   RO         6612    i.sync_fs           ff.o
    0x08011610   0x08011610   0x00000054   Code   RO         6613    i.sync_window       ff.o
    0x08011664   0x08011664   0x00000030   Code   RO         1090    i.uart_printf       usart.o
    0x08011694   0x08011694   0x00000036   Code   RO         6614    i.validate          ff.o
    0x080116ca   0x080116ca   0x0000001a   Code   RO         5931    i.validate_normal_mode_settings  bmp3.o
    0x080116e4   0x080116e4   0x00000044   Code   RO         5932    i.validate_osr_and_odr_settings  bmp3.o
    0x08011728   0x08011728   0x0000000e   Code   RO         5933    i.verify_meas_time_and_odr_duration  bmp3.o
    0x08011736   0x08011736   0x00000032   Code   RO         5934    i.write_power_mode  bmp3.o
    0x08011768   0x08011768   0x0000000e   Data   RO          703    .constdata          main.o
    0x08011776   0x08011776   0x00000008   Data   RO         2499    .constdata          stm32f4xx_hal_dma.o
    0x0801177e   0x0801177e   0x00000010   Data   RO         5629    .constdata          system_stm32f4xx.o
    0x0801178e   0x0801178e   0x00000008   Data   RO         5630    .constdata          system_stm32f4xx.o
    0x08011796   0x08011796   0x00000002   PAD
    0x08011798   0x08011798   0x00000020   Data   RO         5773    .constdata          bmp390_task.o
    0x080117b8   0x080117b8   0x00000048   Data   RO         5935    .constdata          bmp3.o
    0x08011800   0x08011800   0x0000009c   Data   RO         6616    .constdata          ff.o
    0x0801189c   0x0801189c   0x00000024   Data   RO         7136    .constdata          usbd_storage_if.o
    0x080118c0   0x080118c0   0x00000007   Data   RO         8095    .constdata          cjson.o
    0x080118c7   0x080118c7   0x00000001   PAD
    0x080118c8   0x080118c8   0x00000050   Data   RO         8395    .constdata          m_wm.l(asin.o)
    0x08011918   0x08011918   0x00000088   Data   RO         8445    .constdata          m_wm.l(pow.o)
    0x080119a0   0x080119a0   0x00000008   Data   RO         8848    .constdata          m_wm.l(qnan.o)
    0x080119a8   0x080119a8   0x00000020   Data   RO         8850    .constdata          m_wm.l(rredf.o)
    0x080119c8   0x080119c8   0x0000004a   Data   RO         5774    .conststring        bmp390_task.o
    0x08011a12   0x08011a12   0x00000002   PAD
    0x08011a14   0x08011a14   0x00000020   Data   RO         8913    Region$$Table       anon$$obj.o


    Execution Region RW_IRAM1 (Exec base: 0x20000000, Load base: 0x08011a34, Size: 0x0000aa20, Max: 0x0001c000, ABSOLUTE, COMPRESSED[0x000000dc])

    Exec Addr    Load Addr    Size         Type   Attr      Idx    E Section Name        Object

    0x20000000   COMPRESSED   0x0000001c   Data   RW           17    .data               angle.o
    0x2000001c   COMPRESSED   0x0000000c   Data   RW          464    .data               control.o
    0x20000028   COMPRESSED   0x00000004   Data   RW          829    .data               adc.o
    0x2000002c   COMPRESSED   0x00000014   Data   RW         1007    .data               tim.o
    0x20000040   COMPRESSED   0x00000030   Data   RW         1093    .data               usart.o
    0x20000070   COMPRESSED   0x0000000c   Data   RW         2944    .data               stm32f4xx_hal.o
    0x2000007c   COMPRESSED   0x00000004   Data   RW         5631    .data               system_stm32f4xx.o
    0x20000080   COMPRESSED   0x00000008   Data   RW         5775    .data               bmp390_task.o
    0x20000088   COMPRESSED   0x00000002   Data   RW         6248    .data               w25qxx.o
    0x2000008a   COMPRESSED   0x00000002   PAD
    0x2000008c   COMPRESSED   0x00000004   Data   RW         6355    .data               delay.o
    0x20000090   COMPRESSED   0x00000001   Data   RW         6398    .data               user_diskio.o
    0x20000091   COMPRESSED   0x00000003   PAD
    0x20000094   COMPRESSED   0x00000014   Data   RW         6399    .data               user_diskio.o
    0x200000a8   COMPRESSED   0x00000006   Data   RW         6454    .data               fatfs.o
    0x200000ae   COMPRESSED   0x00000002   PAD
    0x200000b0   COMPRESSED   0x00000008   Data   RW         6617    .data               ff.o
    0x200000b8   COMPRESSED   0x0000001c   Data   RW         7045    .data               usbd_desc.o
    0x200000d4   COMPRESSED   0x00000032   Data   RW         7046    .data               usbd_desc.o
    0x20000106   COMPRESSED   0x00000002   PAD
    0x20000108   COMPRESSED   0x00000020   Data   RW         7137    .data               usbd_storage_if.o
    0x20000128   COMPRESSED   0x00000001   Data   RW         7574    .data               usbd_ctlreq.o
    0x20000129   COMPRESSED   0x00000003   PAD
    0x2000012c   COMPRESSED   0x00000038   Data   RW         7732    .data               usbd_msc.o
    0x20000164   COMPRESSED   0x0000002e   Data   RW         7733    .data               usbd_msc.o
    0x20000192   COMPRESSED   0x00000006   Data   RW         7883    .data               usbd_msc_data.o
    0x20000198   COMPRESSED   0x00000008   Data   RW         7884    .data               usbd_msc_data.o
    0x200001a0   COMPRESSED   0x00000004   Data   RW         7885    .data               usbd_msc_data.o
    0x200001a4   COMPRESSED   0x00000008   Data   RW         7886    .data               usbd_msc_data.o
    0x200001ac   COMPRESSED   0x0000000c   Data   RW         8096    .data               cjson.o
    0x200001b8   COMPRESSED   0x00000004   Data   RW         8880    .data               mc_w.l(stdout.o)
    0x200001bc   COMPRESSED   0x00000004   Data   RW         8889    .data               mc_w.l(mvars.o)
    0x200001c0   COMPRESSED   0x00000004   Data   RW         8890    .data               mc_w.l(mvars.o)
    0x200001c4   COMPRESSED   0x00000004   Data   RW         8894    .data               mc_w.l(errno.o)
    0x200001c8        -       0x0000004c   Zero   RW           16    .bss                angle.o
    0x20000214        -       0x00000370   Zero   RW          462    .bss                control.o
    0x20000584        -       0x0000007c   Zero   RW          463    .bss                control.o
    0x20000600        -       0x0000000d   Zero   RW          701    .bss                main.o
    0x2000060d   COMPRESSED   0x00000003   PAD
    0x20000610        -       0x00000020   Zero   RW          702    .bss                main.o
    0x20000630        -       0x00000048   Zero   RW          828    .bss                adc.o
    0x20000678        -       0x000000b4   Zero   RW          901    .bss                i2c.o
    0x2000072c        -       0x000000b0   Zero   RW          952    .bss                spi.o
    0x200007dc        -       0x00000168   Zero   RW         1005    .bss                tim.o
    0x20000944        -       0x00000570   Zero   RW         1091    .bss                usart.o
    0x20000eb4        -       0x0000000e   Zero   RW         5677    .bss                icm42688.o
    0x20000ec2   COMPRESSED   0x00000006   PAD
    0x20000ec8        -       0x00000010   Zero   RW         5771    .bss                bmp390_task.o
    0x20000ed8        -       0x000000b0   Zero   RW         5772    .bss                bmp390_task.o
    0x20000f88        -       0x00001000   Zero   RW         6247    .bss                w25qxx.o
    0x20001f88        -       0x00001030   Zero   RW         6452    .bss                fatfs.o
    0x20002fb8        -       0x00000020   Zero   RW         6615    .bss                ff.o
    0x20002fd8        -       0x0000000c   Zero   RW         6911    .bss                ff_gen_drv.o
    0x20002fe4        -       0x000002dc   Zero   RW         6982    .bss                usb_device.o
    0x200032c0        -       0x00000200   Zero   RW         7044    .bss                usbd_desc.o
    0x200034c0        -       0x0000155c   Zero   RW         7221    .bss                usbd_conf.o
    0x20004a1c   COMPRESSED   0x00000004   PAD
    0x20004a20        -       0x00002000   Zero   RW            2    HEAP                startup_stm32f405xx.o
    0x20006a20        -       0x00004000   Zero   RW            1    STACK               startup_stm32f405xx.o


    Execution Region RW_IRAM2 (Exec base: 0x2001c000, Load base: 0x08011b10, Size: 0x00000000, Max: 0x00004000, ABSOLUTE)

    **** No section assigned to this execution region ****


==============================================================================

Image component sizes


      Code (inc. data)   RO Data    RW Data    ZI Data      Debug   Object Name

       324         42          0          4         72       2515   adc.o
      2420        262          0         28         76     686229   angle.o
      3320        178         72          0          0      38649   bmp3.o
      1236        544        106          8        192      12811   bmp390_task.o
      1938        134          7         12          0      13649   cjson.o
      3804       1160          0         12       1004      14734   control.o
       130         10          0          4          0       2143   delay.o
       152         26          0          0          0       3857   diskio.o
       140          4          0          0          0        886   dma.o
       344        174          0          6       4144       2644   fatfs.o
      4610         78        156          8         32      41292   ff.o
        70          6          0          0         12       1687   ff_gen_drv.o
         0          0          0          0          0        384   filter.o
       324         30          0          0          0       1864   gpio.o
        50          4          0          0          0       1203   hana_math.o
       292         54          0          0        180       2545   i2c.o
       882         80          0          0         14      10303   icm42688.o
       568        176         14          0         45      24104   main.o
       576         22          0          0          0       3700   pid.o
       320         40          0          0        176       2602   spi.o
        36          8        392          0      24576        856   startup_stm32f405xx.o
       184         28          0         12          0       9573   stm32f4xx_hal.o
      1184         48          0          0          0       5338   stm32f4xx_hal_adc.o
       226         14          0          0          0      34685   stm32f4xx_hal_cortex.o
      1180         14          8          0          0       8904   stm32f4xx_hal_dma.o
       518         50          0          0          0       3672   stm32f4xx_hal_gpio.o
      6590        100          0          0          0      38106   stm32f4xx_hal_i2c.o
        52          4          0          0          0        898   stm32f4xx_hal_msp.o
      2630         14          0          0          0      15275   stm32f4xx_hal_pcd.o
        76          0          0          0          0       2581   stm32f4xx_hal_pcd_ex.o
      1472         76          0          0          0       6480   stm32f4xx_hal_rcc.o
      1896         14          0          0          0       8606   stm32f4xx_hal_spi.o
      2170        150          0          0          0      18319   stm32f4xx_hal_tim.o
       148         30          0          0          0       2637   stm32f4xx_hal_tim_ex.o
      2378         40          0          0          0      19748   stm32f4xx_hal_uart.o
       354        156          0          0          0      11952   stm32f4xx_it.o
      2782        114          0          0          0      24288   stm32f4xx_ll_usb.o
        16          4         24          4          0       1187   system_stm32f4xx.o
      1600        216          0         20        360       7079   tim.o
      2896        258          0         48       1392      13869   usart.o
        84         18          0          0        732       5643   usb_device.o
       674         22          0          0       5468      18126   usbd_conf.o
      1038          0          0          0          0      16833   usbd_core.o
      1920         30          0          1          0      18448   usbd_ctlreq.o
       354        108          0         78        512       7125   usbd_desc.o
       102          0          0          0          0       3928   usbd_ioreq.o
       822         30          0        102          0      10305   usbd_msc.o
       886         60          0          0          0       8754   usbd_msc_bot.o
         0          0          0         26          0        973   usbd_msc_data.o
      3024         36          0          0          0      21260   usbd_msc_scsi.o
        82          0         36         32          0       5051   usbd_storage_if.o
       128         12          0         21          0       4288   user_diskio.o
       798         58          0          2       4096       8317   w25qxx.o

    ----------------------------------------------------------------------
     59906       4736        852        440      43096    1230905   Object Totals
         0          0         32          0          0          0   (incl. Generated)
       106          0          5         12         13          0   (incl. Padding)

    ----------------------------------------------------------------------

      Code (inc. data)   RO Data    RW Data    ZI Data      Debug   Library Member Name

       864         94         80          0          0        280   asin.o
       684         90          0          0          0        208   atan2f.o
       336         56          0          0          0        136   cosf.o
       184         44          0          0          0        744   dunder.o
        44          0          0          0          0        248   fabs.o
        48          0          0          0          0        124   fpclassify.o
        38          0          0          0          0        116   fpclassifyf.o
        44         12          0          0          0        464   funder.o
       248          0          0          0          0        152   poly.o
      3152        296        136          0          0        352   pow.o
         0          0          8          0          0          0   qnan.o
       340         24         32          0          0        160   rredf.o
       400         56          0          0          0        212   sinf.o
       110          0          0          0          0        148   sqrt.o
        86          0          0          0          0          0   __dczerorl2.o
         0          0          0          0          0          0   entry.o
         0          0          0          0          0          0   entry10a.o
         0          0          0          0          0          0   entry11a.o
         4          0          0          0          0          0   entry12b.o
         8          4          0          0          0          0   entry2.o
         4          0          0          0          0          0   entry5.o
         0          0          0          0          0          0   entry7b.o
         0          0          0          0          0          0   entry8b.o
         8          4          0          0          0          0   entry9a.o
        12          6          0          4          0         68   errno.o
        30          0          0          0          0          0   handlers.o
        36          8          0          0          0         68   init.o
         0          0          0          0          0          0   iusefp.o
        30          0          0          0          0         68   llshl.o
        36          0          0          0          0         68   llsshr.o
        32          0          0          0          0         68   llushr.o
       188         20          0          0          0        160   malloc.o
        36          0          0          0          0         68   memcpya.o
        36          0          0          0          0        108   memseta.o
         0          0          0          8          0          0   mvars.o
      2292         96          0          0          0        612   printfa.o
         0          0          0          4          0          0   stdout.o
        30          0          0          0          0         80   strncmp.o
        12          0          0          0          0         68   tolower.o
        44          0          0          0          0         80   uidiv.o
        98          0          0          0          0         92   uldiv.o
        48          0          0          0          0         68   cdcmple.o
        48          0          0          0          0         68   cdrcmple.o
        56          0          0          0          0         88   d2f.o
       334          0          0          0          0        148   dadd.o
       222          0          0          0          0        100   ddiv.o
       186          0          0          0          0        176   depilogue.o
        62          0          0          0          0         80   dfixi.o
        48          0          0          0          0         68   dfixul.o
        34          0          0          0          0         76   dflti.o
        40          0          0          0          0         80   dfltl.o
        26          0          0          0          0         76   dfltui.o
        24          0          0          0          0         76   dfltul.o
       228          0          0          0          0         96   dmul.o
        46          0          0          0          0         80   dscalb.o
       162          0          0          0          0        100   dsqrt.o
        38          0          0          0          0         68   f2d.o
       110          0          0          0          0        168   fepilogue.o

    ----------------------------------------------------------------------
     11230        810        256         16          0       6568   Library Totals
         4          0          0          0          0          0   (incl. Padding)

    ----------------------------------------------------------------------

      Code (inc. data)   RO Data    RW Data    ZI Data      Debug   Library Name

      6492        672        256          0          0       3344   m_wm.l
      3022        138          0         16          0       1608   mc_w.l
      1712          0          0          0          0       1616   mf_w.l

    ----------------------------------------------------------------------
     11230        810        256         16          0       6568   Library Totals

    ----------------------------------------------------------------------

==============================================================================


      Code (inc. data)   RO Data    RW Data    ZI Data      Debug   

     71136       5546       1108        456      43096    1181489   Grand Totals
     71136       5546       1108        220      43096    1181489   ELF Image Totals (compressed)
     71136       5546       1108        220          0          0   ROM Totals

==============================================================================

    Total RO  Size (Code + RO Data)                72244 (  70.55kB)
    Total RW  Size (RW Data + ZI Data)             43552 (  42.53kB)
    Total ROM Size (Code + RO Data + RW Data)      72464 (  70.77kB)

==============================================================================

