<html>
<body>
<pre>
<h1>µVision Build Log</h1>
<h2>Tool Versions:</h2>
IDE-Version: ¦ÌVision V5.40.0.0
Copyright (C) 2024 ARM Ltd and ARM Germany GmbH. All rights reserved.
License Information: j l, b, LIC=CZLZX-HHUUE-MMK9I-T4DPZ-F58I1-H6TP0
 
Tool Versions:
Toolchain:       MDK-ARM Plus  Version: 5.40.0.3
Toolchain Path:  D:\Keil5\ARM\ARMCC\Bin
C Compiler:      Armcc.exe V5.06 update 7 (build 960)
Assembler:       Armasm.exe V5.06 update 7 (build 960)
Linker/Locator:  ArmLink.exe V5.06 update 7 (build 960)
Library Manager: ArmAr.exe V5.06 update 7 (build 960)
Hex Converter:   FromElf.exe V5.06 update 7 (build 960)
CPU DLL:         SARMCM3.DLL V5.40.0.3
Dialog DLL:      DCM.DLL V1.17.5.0
Target DLL:      CMSIS_AGDI.dll V1.33.18.0
Dialog DLL:      TCM.DLL V1.56.4.0
 
<h2>Project:</h2>
D:\D\JLB Often\STM32projects\Projects\F405_FC_RTOS\MDK-ARM\F405_FC_RTOS.uvprojx
Project File Date:  02/24/2025

<h2>Output:</h2>
*** Using Compiler 'V5.06 update 7 (build 960)', folder: 'D:\Keil5\ARM\ARMCC\Bin'
Build target 'F405_FC_RTOS'
assembling startup_stm32f405xx.s...
compiling gpio.c...
compiling dma.c...
compiling angle.c...
compiling pid.c...
compiling tim.c...
compiling adc.c...
compiling HANA_math.c...
compiling i2c.c...
compiling spi.c...
compiling filter.c...
compiling main.c...
compiling control.c...
compiling stm32f4xx_it.c...
compiling usart.c...
compiling stm32f4xx_hal_flash_ramfunc.c...
compiling stm32f4xx_hal_msp.c...
compiling stm32f4xx_hal_rcc_ex.c...
compiling stm32f4xx_hal_pcd_ex.c...
compiling stm32f4xx_hal_flash_ex.c...
compiling stm32f4xx_hal_flash.c...
compiling stm32f4xx_hal_gpio.c...
compiling stm32f4xx_hal_rcc.c...
compiling stm32f4xx_hal_pcd.c...
compiling stm32f4xx_ll_usb.c...
compiling stm32f4xx_hal.c...
compiling stm32f4xx_hal_exti.c...
compiling stm32f4xx_hal_dma_ex.c...
compiling stm32f4xx_hal_dma.c...
compiling stm32f4xx_hal_pwr.c...
compiling stm32f4xx_hal_pwr_ex.c...
compiling stm32f4xx_hal_cortex.c...
compiling stm32f4xx_hal_adc.c...
compiling stm32f4xx_hal_i2c_ex.c...
compiling stm32f4xx_hal_adc_ex.c...
compiling stm32f4xx_hal_spi.c...
compiling stm32f4xx_hal_i2c.c...
compiling icm42688.c...
compiling system_stm32f4xx.c...
compiling fatfs.c...
compiling user_diskio.c...
compiling delay.c...
compiling diskio.c...
compiling stm32f4xx_hal_tim_ex.c...
compiling W25QXX.c...
compiling bmp390_task.c...
compiling stm32f4xx_hal_uart.c...
compiling stm32f4xx_hal_tim.c...
compiling ff.c...
compiling syscall.c...
compiling usbd_core.c...
compiling ff_gen_drv.c...
compiling usbd_desc.c...
compiling usbd_conf.c...
compiling usbd_ioreq.c...
compiling usbd_storage_if.c...
compiling usbd_msc.c...
compiling usbd_ctlreq.c...
compiling usb_device.c...
compiling usbd_msc_data.c...
compiling usbd_msc_bot.c...
compiling usbd_msc_scsi.c...
linking...
Program Size: Code=61132 RO-data=920 RW-data=452 ZI-data=42516  
FromELF: creating hex file...
After Build - User command #1: "D:\D\JLB Often\STM32projects\Projects\F405_FC_RTOS\MDK-ARM\Keil5_disp_size_bar_v0.4.exe"
[Keil5_disp_size_bar V0.4]: find project satrt!
[Keil5_disp_size_bar V0.4]: Found file: .//F405_FC_RTOS.uvprojx
[Keil5_disp_size_bar V0.4]: Found file: .//F405_FC_RTOS.uvprojx
[Keil5_disp_size_bar V0.4]: find map file start
[Keil5_disp_size_bar V0.4]: Found file: .//F405_FC_RTOS/F405_FC_RTOS.map
[Keil5_disp_size_bar V0.4]: map file read end
ram:
  112 KB   ram1:|¡ö¡ö¡ö¡ö¡ö¡ö¡ö_____________| 37.47 % (   41.96 KB /   112.00 KB) [71720 B]
   16 KB   ram2:|____________________|  0.00 % (    0.00 KB /    16.00 KB) [16384 B]
flash:
 1024 KB flash1:|¡ö___________________|  5.92 % (   60.60 KB /  1024.00 KB) [986524 B]
 
"F405_FC_RTOS\F405_FC_RTOS.axf" - 0 Error(s), 0 Warning(s).

<h2>Software Packages used:</h2>

Package Vendor: ARM
                https://www.keil.com/pack/ARM.CMSIS.6.1.0.pack
                ARM::CMSIS@6.1.0
                CMSIS (Common Microcontroller Software Interface Standard)
   * Component: CORE Version: 6.1.0

Package Vendor: Keil
                https://www.keil.com/pack/Keil.STM32F4xx_DFP.3.0.0.pack
                Keil::STM32F4xx_DFP@3.0.0
                STMicroelectronics STM32F4 Series Device Support

<h2>Collection of Component include folders:</h2>
  ./RTE/_F405_FC_RTOS
  D:/Keil5_pack/ARM/CMSIS/6.1.0/CMSIS/Core/Include

<h2>Collection of Component Files used:</h2>

   * Component: ARM::CMSIS:CORE@6.1.0
      Include file:  CMSIS/Core/Include/tz_context.h
Build Time Elapsed:  00:00:15
</pre>
</body>
</html>
